Enter password: *******
Welcome to the MySQL monitor.  Commands end with ; or \g.
Your MySQL connection id is 18
Server version: 8.0.22 MySQL Community Server - GPL

Copyright (c) 2000, 2020, Oracle and/or its affiliates. All rights reserved.

Oracle is a registered trademark of Oracle Corporation and/or its
affiliates. Other names may be trademarks of their respective
owners.

Type 'help;' or '\h' for help. Type '\c' to clear the current input statement.

mysql> use iacsd0324_dbda;
Database changed
mysql> select * from emp;
+-------+---------+-----------+------+------------+----------+---------+--------+
| EMPNO | ENAME   | JOB       | MGR  | HIREDATE   | SAL      | COMM    | DEPTNO |
+-------+---------+-----------+------+------------+----------+---------+--------+
|   100 | Rajat_k | CLERK     | 7902 | 1982-03-04 | 45678.00 | 3456.00 |     10 |
|  7369 | SMITH   | CLERK     | 7902 | 1980-12-17 |  4975.00 |    NULL |     20 |
|  7499 | ALLEN   | SALESMAN  | 7698 | 1981-02-20 |  1600.00 |  300.00 |     30 |
|  7521 | WARD    | SALESMAN  | 7698 | 1981-02-22 |  1250.00 |  500.00 |     30 |
|  7566 | JONES   | MANAGER   | 7839 | 1981-04-02 |  2975.00 |    NULL |     20 |
|  7654 | MARTIN  | SALESMAN  | 7698 | 1981-09-28 |  1250.00 | 1400.00 |     30 |
|  7698 | BLAKE   | MANAGER   | 7839 | 1981-05-01 |  2850.00 |    NULL |     30 |
|  7782 | CLARK   | MANAGER   | 7839 | 1981-06-09 |  2450.00 |    NULL |     10 |
|  7788 | SCOTT   | ANALYST   | 7566 | 1982-12-09 |  3000.00 |    NULL |     20 |
|  7839 | KING    | PRESIDENT | NULL | 1981-11-17 |  5000.00 |    NULL |     10 |
|  7844 | TURNER  | SALESMAN  | 7698 | 1981-09-08 |  1500.00 |    0.00 |     30 |
|  7876 | ADAMS   | CLERK     | 7788 | 1983-01-12 |  1100.00 |    NULL |     20 |
|  7900 | JAMES   | CLERK     | 7698 | 1981-12-03 |   950.00 |    NULL |     30 |
|  7902 | FORD    | ANALYST   | 7566 | 1981-12-03 |  3000.00 |    NULL |     20 |
|  7934 | MILLER  | CLERK     | 7782 | 1982-01-23 |  1300.00 |    NULL |     10 |
+-------+---------+-----------+------+------------+----------+---------+--------+
15 rows in set (0.00 sec)

mysql> select * from dept;
+--------+------------+----------+
| DEPTNO | DNAME      | LOC      |
+--------+------------+----------+
|     10 | ACCOUNTING | NEW YORK |
|     20 | RESEARCH   | DALLAS   |
|     30 | SALES      | CHICAGO  |
|     40 | OPERATIONS | BOSTON   |
+--------+------------+----------+
4 rows in set (0.00 sec)

mysql> select *
    -> from emp e, dept d;
+-------+---------+-----------+------+------------+----------+---------+--------+--------+------------+----------+
| EMPNO | ENAME   | JOB       | MGR  | HIREDATE   | SAL      | COMM    | DEPTNO | DEPTNO | DNAME      | LOC      |
+-------+---------+-----------+------+------------+----------+---------+--------+--------+------------+----------+
|   100 | Rajat_k | CLERK     | 7902 | 1982-03-04 | 45678.00 | 3456.00 |     10 |     10 | ACCOUNTING | NEW YORK |
|   100 | Rajat_k | CLERK     | 7902 | 1982-03-04 | 45678.00 | 3456.00 |     10 |     20 | RESEARCH   | DALLAS   |
|   100 | Rajat_k | CLERK     | 7902 | 1982-03-04 | 45678.00 | 3456.00 |     10 |     30 | SALES      | CHICAGO  |
|   100 | Rajat_k | CLERK     | 7902 | 1982-03-04 | 45678.00 | 3456.00 |     10 |     40 | OPERATIONS | BOSTON   |
|  7369 | SMITH   | CLERK     | 7902 | 1980-12-17 |  4975.00 |    NULL |     20 |     10 | ACCOUNTING | NEW YORK |
|  7369 | SMITH   | CLERK     | 7902 | 1980-12-17 |  4975.00 |    NULL |     20 |     20 | RESEARCH   | DALLAS   |
|  7369 | SMITH   | CLERK     | 7902 | 1980-12-17 |  4975.00 |    NULL |     20 |     30 | SALES      | CHICAGO  |
|  7369 | SMITH   | CLERK     | 7902 | 1980-12-17 |  4975.00 |    NULL |     20 |     40 | OPERATIONS | BOSTON   |
|  7499 | ALLEN   | SALESMAN  | 7698 | 1981-02-20 |  1600.00 |  300.00 |     30 |     10 | ACCOUNTING | NEW YORK |
|  7499 | ALLEN   | SALESMAN  | 7698 | 1981-02-20 |  1600.00 |  300.00 |     30 |     20 | RESEARCH   | DALLAS   |
|  7499 | ALLEN   | SALESMAN  | 7698 | 1981-02-20 |  1600.00 |  300.00 |     30 |     30 | SALES      | CHICAGO  |
|  7499 | ALLEN   | SALESMAN  | 7698 | 1981-02-20 |  1600.00 |  300.00 |     30 |     40 | OPERATIONS | BOSTON   |
|  7521 | WARD    | SALESMAN  | 7698 | 1981-02-22 |  1250.00 |  500.00 |     30 |     10 | ACCOUNTING | NEW YORK |
|  7521 | WARD    | SALESMAN  | 7698 | 1981-02-22 |  1250.00 |  500.00 |     30 |     20 | RESEARCH   | DALLAS   |
|  7521 | WARD    | SALESMAN  | 7698 | 1981-02-22 |  1250.00 |  500.00 |     30 |     30 | SALES      | CHICAGO  |
|  7521 | WARD    | SALESMAN  | 7698 | 1981-02-22 |  1250.00 |  500.00 |     30 |     40 | OPERATIONS | BOSTON   |
|  7566 | JONES   | MANAGER   | 7839 | 1981-04-02 |  2975.00 |    NULL |     20 |     10 | ACCOUNTING | NEW YORK |
|  7566 | JONES   | MANAGER   | 7839 | 1981-04-02 |  2975.00 |    NULL |     20 |     20 | RESEARCH   | DALLAS   |
|  7566 | JONES   | MANAGER   | 7839 | 1981-04-02 |  2975.00 |    NULL |     20 |     30 | SALES      | CHICAGO  |
|  7566 | JONES   | MANAGER   | 7839 | 1981-04-02 |  2975.00 |    NULL |     20 |     40 | OPERATIONS | BOSTON   |
|  7654 | MARTIN  | SALESMAN  | 7698 | 1981-09-28 |  1250.00 | 1400.00 |     30 |     10 | ACCOUNTING | NEW YORK |
|  7654 | MARTIN  | SALESMAN  | 7698 | 1981-09-28 |  1250.00 | 1400.00 |     30 |     20 | RESEARCH   | DALLAS   |
|  7654 | MARTIN  | SALESMAN  | 7698 | 1981-09-28 |  1250.00 | 1400.00 |     30 |     30 | SALES      | CHICAGO  |
|  7654 | MARTIN  | SALESMAN  | 7698 | 1981-09-28 |  1250.00 | 1400.00 |     30 |     40 | OPERATIONS | BOSTON   |
|  7698 | BLAKE   | MANAGER   | 7839 | 1981-05-01 |  2850.00 |    NULL |     30 |     10 | ACCOUNTING | NEW YORK |
|  7698 | BLAKE   | MANAGER   | 7839 | 1981-05-01 |  2850.00 |    NULL |     30 |     20 | RESEARCH   | DALLAS   |
|  7698 | BLAKE   | MANAGER   | 7839 | 1981-05-01 |  2850.00 |    NULL |     30 |     30 | SALES      | CHICAGO  |
|  7698 | BLAKE   | MANAGER   | 7839 | 1981-05-01 |  2850.00 |    NULL |     30 |     40 | OPERATIONS | BOSTON   |
|  7782 | CLARK   | MANAGER   | 7839 | 1981-06-09 |  2450.00 |    NULL |     10 |     10 | ACCOUNTING | NEW YORK |
|  7782 | CLARK   | MANAGER   | 7839 | 1981-06-09 |  2450.00 |    NULL |     10 |     20 | RESEARCH   | DALLAS   |
|  7782 | CLARK   | MANAGER   | 7839 | 1981-06-09 |  2450.00 |    NULL |     10 |     30 | SALES      | CHICAGO  |
|  7782 | CLARK   | MANAGER   | 7839 | 1981-06-09 |  2450.00 |    NULL |     10 |     40 | OPERATIONS | BOSTON   |
|  7788 | SCOTT   | ANALYST   | 7566 | 1982-12-09 |  3000.00 |    NULL |     20 |     10 | ACCOUNTING | NEW YORK |
|  7788 | SCOTT   | ANALYST   | 7566 | 1982-12-09 |  3000.00 |    NULL |     20 |     20 | RESEARCH   | DALLAS   |
|  7788 | SCOTT   | ANALYST   | 7566 | 1982-12-09 |  3000.00 |    NULL |     20 |     30 | SALES      | CHICAGO  |
|  7788 | SCOTT   | ANALYST   | 7566 | 1982-12-09 |  3000.00 |    NULL |     20 |     40 | OPERATIONS | BOSTON   |
|  7839 | KING    | PRESIDENT | NULL | 1981-11-17 |  5000.00 |    NULL |     10 |     10 | ACCOUNTING | NEW YORK |
|  7839 | KING    | PRESIDENT | NULL | 1981-11-17 |  5000.00 |    NULL |     10 |     20 | RESEARCH   | DALLAS   |
|  7839 | KING    | PRESIDENT | NULL | 1981-11-17 |  5000.00 |    NULL |     10 |     30 | SALES      | CHICAGO  |
|  7839 | KING    | PRESIDENT | NULL | 1981-11-17 |  5000.00 |    NULL |     10 |     40 | OPERATIONS | BOSTON   |
|  7844 | TURNER  | SALESMAN  | 7698 | 1981-09-08 |  1500.00 |    0.00 |     30 |     10 | ACCOUNTING | NEW YORK |
|  7844 | TURNER  | SALESMAN  | 7698 | 1981-09-08 |  1500.00 |    0.00 |     30 |     20 | RESEARCH   | DALLAS   |
|  7844 | TURNER  | SALESMAN  | 7698 | 1981-09-08 |  1500.00 |    0.00 |     30 |     30 | SALES      | CHICAGO  |
|  7844 | TURNER  | SALESMAN  | 7698 | 1981-09-08 |  1500.00 |    0.00 |     30 |     40 | OPERATIONS | BOSTON   |
|  7876 | ADAMS   | CLERK     | 7788 | 1983-01-12 |  1100.00 |    NULL |     20 |     10 | ACCOUNTING | NEW YORK |
|  7876 | ADAMS   | CLERK     | 7788 | 1983-01-12 |  1100.00 |    NULL |     20 |     20 | RESEARCH   | DALLAS   |
|  7876 | ADAMS   | CLERK     | 7788 | 1983-01-12 |  1100.00 |    NULL |     20 |     30 | SALES      | CHICAGO  |
|  7876 | ADAMS   | CLERK     | 7788 | 1983-01-12 |  1100.00 |    NULL |     20 |     40 | OPERATIONS | BOSTON   |
|  7900 | JAMES   | CLERK     | 7698 | 1981-12-03 |   950.00 |    NULL |     30 |     10 | ACCOUNTING | NEW YORK |
|  7900 | JAMES   | CLERK     | 7698 | 1981-12-03 |   950.00 |    NULL |     30 |     20 | RESEARCH   | DALLAS   |
|  7900 | JAMES   | CLERK     | 7698 | 1981-12-03 |   950.00 |    NULL |     30 |     30 | SALES      | CHICAGO  |
|  7900 | JAMES   | CLERK     | 7698 | 1981-12-03 |   950.00 |    NULL |     30 |     40 | OPERATIONS | BOSTON   |
|  7902 | FORD    | ANALYST   | 7566 | 1981-12-03 |  3000.00 |    NULL |     20 |     10 | ACCOUNTING | NEW YORK |
|  7902 | FORD    | ANALYST   | 7566 | 1981-12-03 |  3000.00 |    NULL |     20 |     20 | RESEARCH   | DALLAS   |
|  7902 | FORD    | ANALYST   | 7566 | 1981-12-03 |  3000.00 |    NULL |     20 |     30 | SALES      | CHICAGO  |
|  7902 | FORD    | ANALYST   | 7566 | 1981-12-03 |  3000.00 |    NULL |     20 |     40 | OPERATIONS | BOSTON   |
|  7934 | MILLER  | CLERK     | 7782 | 1982-01-23 |  1300.00 |    NULL |     10 |     10 | ACCOUNTING | NEW YORK |
|  7934 | MILLER  | CLERK     | 7782 | 1982-01-23 |  1300.00 |    NULL |     10 |     20 | RESEARCH   | DALLAS   |
|  7934 | MILLER  | CLERK     | 7782 | 1982-01-23 |  1300.00 |    NULL |     10 |     30 | SALES      | CHICAGO  |
|  7934 | MILLER  | CLERK     | 7782 | 1982-01-23 |  1300.00 |    NULL |     10 |     40 | OPERATIONS | BOSTON   |
+-------+---------+-----------+------+------------+----------+---------+--------+--------+------------+----------+
60 rows in set (0.00 sec)

mysql> select e.empno,e.ename,e.deptno,d.deptno,d.dname
    -> from emp e, dept d;
+-------+---------+--------+--------+------------+
| empno | ename   | deptno | deptno | dname      |
+-------+---------+--------+--------+------------+
|   100 | Rajat_k |     10 |     10 | ACCOUNTING |
|   100 | Rajat_k |     10 |     20 | RESEARCH   |
|   100 | Rajat_k |     10 |     30 | SALES      |
|   100 | Rajat_k |     10 |     40 | OPERATIONS |
|  7369 | SMITH   |     20 |     10 | ACCOUNTING |
|  7369 | SMITH   |     20 |     20 | RESEARCH   |
|  7369 | SMITH   |     20 |     30 | SALES      |
|  7369 | SMITH   |     20 |     40 | OPERATIONS |
|  7499 | ALLEN   |     30 |     10 | ACCOUNTING |
|  7499 | ALLEN   |     30 |     20 | RESEARCH   |
|  7499 | ALLEN   |     30 |     30 | SALES      |
|  7499 | ALLEN   |     30 |     40 | OPERATIONS |
|  7521 | WARD    |     30 |     10 | ACCOUNTING |
|  7521 | WARD    |     30 |     20 | RESEARCH   |
|  7521 | WARD    |     30 |     30 | SALES      |
|  7521 | WARD    |     30 |     40 | OPERATIONS |
|  7566 | JONES   |     20 |     10 | ACCOUNTING |
|  7566 | JONES   |     20 |     20 | RESEARCH   |
|  7566 | JONES   |     20 |     30 | SALES      |
|  7566 | JONES   |     20 |     40 | OPERATIONS |
|  7654 | MARTIN  |     30 |     10 | ACCOUNTING |
|  7654 | MARTIN  |     30 |     20 | RESEARCH   |
|  7654 | MARTIN  |     30 |     30 | SALES      |
|  7654 | MARTIN  |     30 |     40 | OPERATIONS |
|  7698 | BLAKE   |     30 |     10 | ACCOUNTING |
|  7698 | BLAKE   |     30 |     20 | RESEARCH   |
|  7698 | BLAKE   |     30 |     30 | SALES      |
|  7698 | BLAKE   |     30 |     40 | OPERATIONS |
|  7782 | CLARK   |     10 |     10 | ACCOUNTING |
|  7782 | CLARK   |     10 |     20 | RESEARCH   |
|  7782 | CLARK   |     10 |     30 | SALES      |
|  7782 | CLARK   |     10 |     40 | OPERATIONS |
|  7788 | SCOTT   |     20 |     10 | ACCOUNTING |
|  7788 | SCOTT   |     20 |     20 | RESEARCH   |
|  7788 | SCOTT   |     20 |     30 | SALES      |
|  7788 | SCOTT   |     20 |     40 | OPERATIONS |
|  7839 | KING    |     10 |     10 | ACCOUNTING |
|  7839 | KING    |     10 |     20 | RESEARCH   |
|  7839 | KING    |     10 |     30 | SALES      |
|  7839 | KING    |     10 |     40 | OPERATIONS |
|  7844 | TURNER  |     30 |     10 | ACCOUNTING |
|  7844 | TURNER  |     30 |     20 | RESEARCH   |
|  7844 | TURNER  |     30 |     30 | SALES      |
|  7844 | TURNER  |     30 |     40 | OPERATIONS |
|  7876 | ADAMS   |     20 |     10 | ACCOUNTING |
|  7876 | ADAMS   |     20 |     20 | RESEARCH   |
|  7876 | ADAMS   |     20 |     30 | SALES      |
|  7876 | ADAMS   |     20 |     40 | OPERATIONS |
|  7900 | JAMES   |     30 |     10 | ACCOUNTING |
|  7900 | JAMES   |     30 |     20 | RESEARCH   |
|  7900 | JAMES   |     30 |     30 | SALES      |
|  7900 | JAMES   |     30 |     40 | OPERATIONS |
|  7902 | FORD    |     20 |     10 | ACCOUNTING |
|  7902 | FORD    |     20 |     20 | RESEARCH   |
|  7902 | FORD    |     20 |     30 | SALES      |
|  7902 | FORD    |     20 |     40 | OPERATIONS |
|  7934 | MILLER  |     10 |     10 | ACCOUNTING |
|  7934 | MILLER  |     10 |     20 | RESEARCH   |
|  7934 | MILLER  |     10 |     30 | SALES      |
|  7934 | MILLER  |     10 |     40 | OPERATIONS |
+-------+---------+--------+--------+------------+
60 rows in set (0.00 sec)

mysql> select e.empno,e.ename,e.deptno,d.deptno,d.dname
    -> from emp e, dept d
    -> where e.deptno=d.deptno;
+-------+---------+--------+--------+------------+
| empno | ename   | deptno | deptno | dname      |
+-------+---------+--------+--------+------------+
|   100 | Rajat_k |     10 |     10 | ACCOUNTING |
|  7369 | SMITH   |     20 |     20 | RESEARCH   |
|  7499 | ALLEN   |     30 |     30 | SALES      |
|  7521 | WARD    |     30 |     30 | SALES      |
|  7566 | JONES   |     20 |     20 | RESEARCH   |
|  7654 | MARTIN  |     30 |     30 | SALES      |
|  7698 | BLAKE   |     30 |     30 | SALES      |
|  7782 | CLARK   |     10 |     10 | ACCOUNTING |
|  7788 | SCOTT   |     20 |     20 | RESEARCH   |
|  7839 | KING    |     10 |     10 | ACCOUNTING |
|  7844 | TURNER  |     30 |     30 | SALES      |
|  7876 | ADAMS   |     20 |     20 | RESEARCH   |
|  7900 | JAMES   |     30 |     30 | SALES      |
|  7902 | FORD    |     20 |     20 | RESEARCH   |
|  7934 | MILLER  |     10 |     10 | ACCOUNTING |
+-------+---------+--------+--------+------------+
15 rows in set (0.00 sec)

mysql> select * from emp;
+-------+---------+-----------+------+------------+----------+---------+--------+
| EMPNO | ENAME   | JOB       | MGR  | HIREDATE   | SAL      | COMM    | DEPTNO |
+-------+---------+-----------+------+------------+----------+---------+--------+
|   100 | Rajat_k | CLERK     | 7902 | 1982-03-04 | 45678.00 | 3456.00 |     10 |
|  7369 | SMITH   | CLERK     | 7902 | 1980-12-17 |  4975.00 |    NULL |     20 |
|  7499 | ALLEN   | SALESMAN  | 7698 | 1981-02-20 |  1600.00 |  300.00 |     30 |
|  7521 | WARD    | SALESMAN  | 7698 | 1981-02-22 |  1250.00 |  500.00 |     30 |
|  7566 | JONES   | MANAGER   | 7839 | 1981-04-02 |  2975.00 |    NULL |     20 |
|  7654 | MARTIN  | SALESMAN  | 7698 | 1981-09-28 |  1250.00 | 1400.00 |     30 |
|  7698 | BLAKE   | MANAGER   | 7839 | 1981-05-01 |  2850.00 |    NULL |     30 |
|  7782 | CLARK   | MANAGER   | 7839 | 1981-06-09 |  2450.00 |    NULL |     10 |
|  7788 | SCOTT   | ANALYST   | 7566 | 1982-12-09 |  3000.00 |    NULL |     20 |
|  7839 | KING    | PRESIDENT | NULL | 1981-11-17 |  5000.00 |    NULL |     10 |
|  7844 | TURNER  | SALESMAN  | 7698 | 1981-09-08 |  1500.00 |    0.00 |     30 |
|  7876 | ADAMS   | CLERK     | 7788 | 1983-01-12 |  1100.00 |    NULL |     20 |
|  7900 | JAMES   | CLERK     | 7698 | 1981-12-03 |   950.00 |    NULL |     30 |
|  7902 | FORD    | ANALYST   | 7566 | 1981-12-03 |  3000.00 |    NULL |     20 |
|  7934 | MILLER  | CLERK     | 7782 | 1982-01-23 |  1300.00 |    NULL |     10 |
+-------+---------+-----------+------+------------+----------+---------+--------+
15 rows in set (0.00 sec)

mysql> select * from emp;
+-------+---------+-----------+------+------------+----------+---------+--------+
| EMPNO | ENAME   | JOB       | MGR  | HIREDATE   | SAL      | COMM    | DEPTNO |
+-------+---------+-----------+------+------------+----------+---------+--------+
|   100 | Rajat_k | CLERK     | 7902 | 1982-03-04 | 45678.00 | 3456.00 |     10 |
|  7369 | SMITH   | CLERK     | 7902 | 1980-12-17 |  4975.00 |    NULL |     20 |
|  7499 | ALLEN   | SALESMAN  | 7698 | 1981-02-20 |  1600.00 |  300.00 |     30 |
|  7521 | WARD    | SALESMAN  | 7698 | 1981-02-22 |  1250.00 |  500.00 |     30 |
|  7566 | JONES   | MANAGER   | 7839 | 1981-04-02 |  2975.00 |    NULL |     20 |
|  7654 | MARTIN  | SALESMAN  | 7698 | 1981-09-28 |  1250.00 | 1400.00 |     30 |
|  7698 | BLAKE   | MANAGER   | 7839 | 1981-05-01 |  2850.00 |    NULL |     30 |
|  7782 | CLARK   | MANAGER   | 7839 | 1981-06-09 |  2450.00 |    NULL |     10 |
|  7788 | SCOTT   | ANALYST   | 7566 | 1982-12-09 |  3000.00 |    NULL |     20 |
|  7839 | KING    | PRESIDENT | NULL | 1981-11-17 |  5000.00 |    NULL |     10 |
|  7844 | TURNER  | SALESMAN  | 7698 | 1981-09-08 |  1500.00 |    0.00 |     30 |
|  7876 | ADAMS   | CLERK     | 7788 | 1983-01-12 |  1100.00 |    NULL |     20 |
|  7900 | JAMES   | CLERK     | 7698 | 1981-12-03 |   950.00 |    NULL |     30 |
|  7902 | FORD    | ANALYST   | 7566 | 1981-12-03 |  3000.00 |    NULL |     20 |
|  7934 | MILLER  | CLERK     | 7782 | 1982-01-23 |  1300.00 |    NULL |     10 |
+-------+---------+-----------+------+------------+----------+---------+--------+
15 rows in set (0.00 sec)

mysql> select e.empno,e.ename,e.mgr,m.empno,m.ename
    -> from emp e, emp m
    -> ;
+-------+---------+------+-------+---------+
| empno | ename   | mgr  | empno | ename   |
+-------+---------+------+-------+---------+
|   100 | Rajat_k | 7902 |   100 | Rajat_k |
|  7369 | SMITH   | 7902 |   100 | Rajat_k |
|  7499 | ALLEN   | 7698 |   100 | Rajat_k |
|  7521 | WARD    | 7698 |   100 | Rajat_k |
|  7566 | JONES   | 7839 |   100 | Rajat_k |
|  7654 | MARTIN  | 7698 |   100 | Rajat_k |
|  7698 | BLAKE   | 7839 |   100 | Rajat_k |
|  7782 | CLARK   | 7839 |   100 | Rajat_k |
|  7788 | SCOTT   | 7566 |   100 | Rajat_k |
|  7839 | KING    | NULL |   100 | Rajat_k |
|  7844 | TURNER  | 7698 |   100 | Rajat_k |
|  7876 | ADAMS   | 7788 |   100 | Rajat_k |
|  7900 | JAMES   | 7698 |   100 | Rajat_k |
|  7902 | FORD    | 7566 |   100 | Rajat_k |
|  7934 | MILLER  | 7782 |   100 | Rajat_k |
|   100 | Rajat_k | 7902 |  7369 | SMITH   |
|  7369 | SMITH   | 7902 |  7369 | SMITH   |
|  7499 | ALLEN   | 7698 |  7369 | SMITH   |
|  7521 | WARD    | 7698 |  7369 | SMITH   |
|  7566 | JONES   | 7839 |  7369 | SMITH   |
|  7654 | MARTIN  | 7698 |  7369 | SMITH   |
|  7698 | BLAKE   | 7839 |  7369 | SMITH   |
|  7782 | CLARK   | 7839 |  7369 | SMITH   |
|  7788 | SCOTT   | 7566 |  7369 | SMITH   |
|  7839 | KING    | NULL |  7369 | SMITH   |
|  7844 | TURNER  | 7698 |  7369 | SMITH   |
|  7876 | ADAMS   | 7788 |  7369 | SMITH   |
|  7900 | JAMES   | 7698 |  7369 | SMITH   |
|  7902 | FORD    | 7566 |  7369 | SMITH   |
|  7934 | MILLER  | 7782 |  7369 | SMITH   |
|   100 | Rajat_k | 7902 |  7499 | ALLEN   |
|  7369 | SMITH   | 7902 |  7499 | ALLEN   |
|  7499 | ALLEN   | 7698 |  7499 | ALLEN   |
|  7521 | WARD    | 7698 |  7499 | ALLEN   |
|  7566 | JONES   | 7839 |  7499 | ALLEN   |
|  7654 | MARTIN  | 7698 |  7499 | ALLEN   |
|  7698 | BLAKE   | 7839 |  7499 | ALLEN   |
|  7782 | CLARK   | 7839 |  7499 | ALLEN   |
|  7788 | SCOTT   | 7566 |  7499 | ALLEN   |
|  7839 | KING    | NULL |  7499 | ALLEN   |
|  7844 | TURNER  | 7698 |  7499 | ALLEN   |
|  7876 | ADAMS   | 7788 |  7499 | ALLEN   |
|  7900 | JAMES   | 7698 |  7499 | ALLEN   |
|  7902 | FORD    | 7566 |  7499 | ALLEN   |
|  7934 | MILLER  | 7782 |  7499 | ALLEN   |
|   100 | Rajat_k | 7902 |  7521 | WARD    |
|  7369 | SMITH   | 7902 |  7521 | WARD    |
|  7499 | ALLEN   | 7698 |  7521 | WARD    |
|  7521 | WARD    | 7698 |  7521 | WARD    |
|  7566 | JONES   | 7839 |  7521 | WARD    |
|  7654 | MARTIN  | 7698 |  7521 | WARD    |
|  7698 | BLAKE   | 7839 |  7521 | WARD    |
|  7782 | CLARK   | 7839 |  7521 | WARD    |
|  7788 | SCOTT   | 7566 |  7521 | WARD    |
|  7839 | KING    | NULL |  7521 | WARD    |
|  7844 | TURNER  | 7698 |  7521 | WARD    |
|  7876 | ADAMS   | 7788 |  7521 | WARD    |
|  7900 | JAMES   | 7698 |  7521 | WARD    |
|  7902 | FORD    | 7566 |  7521 | WARD    |
|  7934 | MILLER  | 7782 |  7521 | WARD    |
|   100 | Rajat_k | 7902 |  7566 | JONES   |
|  7369 | SMITH   | 7902 |  7566 | JONES   |
|  7499 | ALLEN   | 7698 |  7566 | JONES   |
|  7521 | WARD    | 7698 |  7566 | JONES   |
|  7566 | JONES   | 7839 |  7566 | JONES   |
|  7654 | MARTIN  | 7698 |  7566 | JONES   |
|  7698 | BLAKE   | 7839 |  7566 | JONES   |
|  7782 | CLARK   | 7839 |  7566 | JONES   |
|  7788 | SCOTT   | 7566 |  7566 | JONES   |
|  7839 | KING    | NULL |  7566 | JONES   |
|  7844 | TURNER  | 7698 |  7566 | JONES   |
|  7876 | ADAMS   | 7788 |  7566 | JONES   |
|  7900 | JAMES   | 7698 |  7566 | JONES   |
|  7902 | FORD    | 7566 |  7566 | JONES   |
|  7934 | MILLER  | 7782 |  7566 | JONES   |
|   100 | Rajat_k | 7902 |  7654 | MARTIN  |
|  7369 | SMITH   | 7902 |  7654 | MARTIN  |
|  7499 | ALLEN   | 7698 |  7654 | MARTIN  |
|  7521 | WARD    | 7698 |  7654 | MARTIN  |
|  7566 | JONES   | 7839 |  7654 | MARTIN  |
|  7654 | MARTIN  | 7698 |  7654 | MARTIN  |
|  7698 | BLAKE   | 7839 |  7654 | MARTIN  |
|  7782 | CLARK   | 7839 |  7654 | MARTIN  |
|  7788 | SCOTT   | 7566 |  7654 | MARTIN  |
|  7839 | KING    | NULL |  7654 | MARTIN  |
|  7844 | TURNER  | 7698 |  7654 | MARTIN  |
|  7876 | ADAMS   | 7788 |  7654 | MARTIN  |
|  7900 | JAMES   | 7698 |  7654 | MARTIN  |
|  7902 | FORD    | 7566 |  7654 | MARTIN  |
|  7934 | MILLER  | 7782 |  7654 | MARTIN  |
|   100 | Rajat_k | 7902 |  7698 | BLAKE   |
|  7369 | SMITH   | 7902 |  7698 | BLAKE   |
|  7499 | ALLEN   | 7698 |  7698 | BLAKE   |
|  7521 | WARD    | 7698 |  7698 | BLAKE   |
|  7566 | JONES   | 7839 |  7698 | BLAKE   |
|  7654 | MARTIN  | 7698 |  7698 | BLAKE   |
|  7698 | BLAKE   | 7839 |  7698 | BLAKE   |
|  7782 | CLARK   | 7839 |  7698 | BLAKE   |
|  7788 | SCOTT   | 7566 |  7698 | BLAKE   |
|  7839 | KING    | NULL |  7698 | BLAKE   |
|  7844 | TURNER  | 7698 |  7698 | BLAKE   |
|  7876 | ADAMS   | 7788 |  7698 | BLAKE   |
|  7900 | JAMES   | 7698 |  7698 | BLAKE   |
|  7902 | FORD    | 7566 |  7698 | BLAKE   |
|  7934 | MILLER  | 7782 |  7698 | BLAKE   |
|   100 | Rajat_k | 7902 |  7782 | CLARK   |
|  7369 | SMITH   | 7902 |  7782 | CLARK   |
|  7499 | ALLEN   | 7698 |  7782 | CLARK   |
|  7521 | WARD    | 7698 |  7782 | CLARK   |
|  7566 | JONES   | 7839 |  7782 | CLARK   |
|  7654 | MARTIN  | 7698 |  7782 | CLARK   |
|  7698 | BLAKE   | 7839 |  7782 | CLARK   |
|  7782 | CLARK   | 7839 |  7782 | CLARK   |
|  7788 | SCOTT   | 7566 |  7782 | CLARK   |
|  7839 | KING    | NULL |  7782 | CLARK   |
|  7844 | TURNER  | 7698 |  7782 | CLARK   |
|  7876 | ADAMS   | 7788 |  7782 | CLARK   |
|  7900 | JAMES   | 7698 |  7782 | CLARK   |
|  7902 | FORD    | 7566 |  7782 | CLARK   |
|  7934 | MILLER  | 7782 |  7782 | CLARK   |
|   100 | Rajat_k | 7902 |  7788 | SCOTT   |
|  7369 | SMITH   | 7902 |  7788 | SCOTT   |
|  7499 | ALLEN   | 7698 |  7788 | SCOTT   |
|  7521 | WARD    | 7698 |  7788 | SCOTT   |
|  7566 | JONES   | 7839 |  7788 | SCOTT   |
|  7654 | MARTIN  | 7698 |  7788 | SCOTT   |
|  7698 | BLAKE   | 7839 |  7788 | SCOTT   |
|  7782 | CLARK   | 7839 |  7788 | SCOTT   |
|  7788 | SCOTT   | 7566 |  7788 | SCOTT   |
|  7839 | KING    | NULL |  7788 | SCOTT   |
|  7844 | TURNER  | 7698 |  7788 | SCOTT   |
|  7876 | ADAMS   | 7788 |  7788 | SCOTT   |
|  7900 | JAMES   | 7698 |  7788 | SCOTT   |
|  7902 | FORD    | 7566 |  7788 | SCOTT   |
|  7934 | MILLER  | 7782 |  7788 | SCOTT   |
|   100 | Rajat_k | 7902 |  7839 | KING    |
|  7369 | SMITH   | 7902 |  7839 | KING    |
|  7499 | ALLEN   | 7698 |  7839 | KING    |
|  7521 | WARD    | 7698 |  7839 | KING    |
|  7566 | JONES   | 7839 |  7839 | KING    |
|  7654 | MARTIN  | 7698 |  7839 | KING    |
|  7698 | BLAKE   | 7839 |  7839 | KING    |
|  7782 | CLARK   | 7839 |  7839 | KING    |
|  7788 | SCOTT   | 7566 |  7839 | KING    |
|  7839 | KING    | NULL |  7839 | KING    |
|  7844 | TURNER  | 7698 |  7839 | KING    |
|  7876 | ADAMS   | 7788 |  7839 | KING    |
|  7900 | JAMES   | 7698 |  7839 | KING    |
|  7902 | FORD    | 7566 |  7839 | KING    |
|  7934 | MILLER  | 7782 |  7839 | KING    |
|   100 | Rajat_k | 7902 |  7844 | TURNER  |
|  7369 | SMITH   | 7902 |  7844 | TURNER  |
|  7499 | ALLEN   | 7698 |  7844 | TURNER  |
|  7521 | WARD    | 7698 |  7844 | TURNER  |
|  7566 | JONES   | 7839 |  7844 | TURNER  |
|  7654 | MARTIN  | 7698 |  7844 | TURNER  |
|  7698 | BLAKE   | 7839 |  7844 | TURNER  |
|  7782 | CLARK   | 7839 |  7844 | TURNER  |
|  7788 | SCOTT   | 7566 |  7844 | TURNER  |
|  7839 | KING    | NULL |  7844 | TURNER  |
|  7844 | TURNER  | 7698 |  7844 | TURNER  |
|  7876 | ADAMS   | 7788 |  7844 | TURNER  |
|  7900 | JAMES   | 7698 |  7844 | TURNER  |
|  7902 | FORD    | 7566 |  7844 | TURNER  |
|  7934 | MILLER  | 7782 |  7844 | TURNER  |
|   100 | Rajat_k | 7902 |  7876 | ADAMS   |
|  7369 | SMITH   | 7902 |  7876 | ADAMS   |
|  7499 | ALLEN   | 7698 |  7876 | ADAMS   |
|  7521 | WARD    | 7698 |  7876 | ADAMS   |
|  7566 | JONES   | 7839 |  7876 | ADAMS   |
|  7654 | MARTIN  | 7698 |  7876 | ADAMS   |
|  7698 | BLAKE   | 7839 |  7876 | ADAMS   |
|  7782 | CLARK   | 7839 |  7876 | ADAMS   |
|  7788 | SCOTT   | 7566 |  7876 | ADAMS   |
|  7839 | KING    | NULL |  7876 | ADAMS   |
|  7844 | TURNER  | 7698 |  7876 | ADAMS   |
|  7876 | ADAMS   | 7788 |  7876 | ADAMS   |
|  7900 | JAMES   | 7698 |  7876 | ADAMS   |
|  7902 | FORD    | 7566 |  7876 | ADAMS   |
|  7934 | MILLER  | 7782 |  7876 | ADAMS   |
|   100 | Rajat_k | 7902 |  7900 | JAMES   |
|  7369 | SMITH   | 7902 |  7900 | JAMES   |
|  7499 | ALLEN   | 7698 |  7900 | JAMES   |
|  7521 | WARD    | 7698 |  7900 | JAMES   |
|  7566 | JONES   | 7839 |  7900 | JAMES   |
|  7654 | MARTIN  | 7698 |  7900 | JAMES   |
|  7698 | BLAKE   | 7839 |  7900 | JAMES   |
|  7782 | CLARK   | 7839 |  7900 | JAMES   |
|  7788 | SCOTT   | 7566 |  7900 | JAMES   |
|  7839 | KING    | NULL |  7900 | JAMES   |
|  7844 | TURNER  | 7698 |  7900 | JAMES   |
|  7876 | ADAMS   | 7788 |  7900 | JAMES   |
|  7900 | JAMES   | 7698 |  7900 | JAMES   |
|  7902 | FORD    | 7566 |  7900 | JAMES   |
|  7934 | MILLER  | 7782 |  7900 | JAMES   |
|   100 | Rajat_k | 7902 |  7902 | FORD    |
|  7369 | SMITH   | 7902 |  7902 | FORD    |
|  7499 | ALLEN   | 7698 |  7902 | FORD    |
|  7521 | WARD    | 7698 |  7902 | FORD    |
|  7566 | JONES   | 7839 |  7902 | FORD    |
|  7654 | MARTIN  | 7698 |  7902 | FORD    |
|  7698 | BLAKE   | 7839 |  7902 | FORD    |
|  7782 | CLARK   | 7839 |  7902 | FORD    |
|  7788 | SCOTT   | 7566 |  7902 | FORD    |
|  7839 | KING    | NULL |  7902 | FORD    |
|  7844 | TURNER  | 7698 |  7902 | FORD    |
|  7876 | ADAMS   | 7788 |  7902 | FORD    |
|  7900 | JAMES   | 7698 |  7902 | FORD    |
|  7902 | FORD    | 7566 |  7902 | FORD    |
|  7934 | MILLER  | 7782 |  7902 | FORD    |
|   100 | Rajat_k | 7902 |  7934 | MILLER  |
|  7369 | SMITH   | 7902 |  7934 | MILLER  |
|  7499 | ALLEN   | 7698 |  7934 | MILLER  |
|  7521 | WARD    | 7698 |  7934 | MILLER  |
|  7566 | JONES   | 7839 |  7934 | MILLER  |
|  7654 | MARTIN  | 7698 |  7934 | MILLER  |
|  7698 | BLAKE   | 7839 |  7934 | MILLER  |
|  7782 | CLARK   | 7839 |  7934 | MILLER  |
|  7788 | SCOTT   | 7566 |  7934 | MILLER  |
|  7839 | KING    | NULL |  7934 | MILLER  |
|  7844 | TURNER  | 7698 |  7934 | MILLER  |
|  7876 | ADAMS   | 7788 |  7934 | MILLER  |
|  7900 | JAMES   | 7698 |  7934 | MILLER  |
|  7902 | FORD    | 7566 |  7934 | MILLER  |
|  7934 | MILLER  | 7782 |  7934 | MILLER  |
+-------+---------+------+-------+---------+
225 rows in set (0.00 sec)

mysql> select e.empno,e.ename,e.mgr,m.empno,m.ename
    -> from emp e, emp m
    -> where e.mgr=m.empno;
+-------+---------+------+-------+-------+
| empno | ename   | mgr  | empno | ename |
+-------+---------+------+-------+-------+
|   100 | Rajat_k | 7902 |  7902 | FORD  |
|  7369 | SMITH   | 7902 |  7902 | FORD  |
|  7499 | ALLEN   | 7698 |  7698 | BLAKE |
|  7521 | WARD    | 7698 |  7698 | BLAKE |
|  7566 | JONES   | 7839 |  7839 | KING  |
|  7654 | MARTIN  | 7698 |  7698 | BLAKE |
|  7698 | BLAKE   | 7839 |  7839 | KING  |
|  7782 | CLARK   | 7839 |  7839 | KING  |
|  7788 | SCOTT   | 7566 |  7566 | JONES |
|  7844 | TURNER  | 7698 |  7698 | BLAKE |
|  7876 | ADAMS   | 7788 |  7788 | SCOTT |
|  7900 | JAMES   | 7698 |  7698 | BLAKE |
|  7902 | FORD    | 7566 |  7566 | JONES |
|  7934 | MILLER  | 7782 |  7782 | CLARK |
+-------+---------+------+-------+-------+
14 rows in set (0.00 sec)

mysql> select e.empno,e.ename,e.deptno,d.deptno,d.dname
    -> from emp e,dept d
    -> where e.deptno=d.deptno and sal>2000;
+-------+---------+--------+--------+------------+
| empno | ename   | deptno | deptno | dname      |
+-------+---------+--------+--------+------------+
|   100 | Rajat_k |     10 |     10 | ACCOUNTING |
|  7369 | SMITH   |     20 |     20 | RESEARCH   |
|  7566 | JONES   |     20 |     20 | RESEARCH   |
|  7698 | BLAKE   |     30 |     30 | SALES      |
|  7782 | CLARK   |     10 |     10 | ACCOUNTING |
|  7788 | SCOTT   |     20 |     20 | RESEARCH   |
|  7839 | KING    |     10 |     10 | ACCOUNTING |
|  7902 | FORD    |     20 |     20 | RESEARCH   |
+-------+---------+--------+--------+------------+
8 rows in set (0.00 sec)

mysql> select e.empno,e.ename,e.deptno,d.deptno,d.dname,sl
    -> ^C
mysql> select e.empno,e.ename,e.deptno,d.deptno,d.dname,sal
    -> from emp e,dept d
    -> where e.deptno=d.deptno and sal>2000;
+-------+---------+--------+--------+------------+----------+
| empno | ename   | deptno | deptno | dname      | sal      |
+-------+---------+--------+--------+------------+----------+
|   100 | Rajat_k |     10 |     10 | ACCOUNTING | 45678.00 |
|  7369 | SMITH   |     20 |     20 | RESEARCH   |  4975.00 |
|  7566 | JONES   |     20 |     20 | RESEARCH   |  2975.00 |
|  7698 | BLAKE   |     30 |     30 | SALES      |  2850.00 |
|  7782 | CLARK   |     10 |     10 | ACCOUNTING |  2450.00 |
|  7788 | SCOTT   |     20 |     20 | RESEARCH   |  3000.00 |
|  7839 | KING    |     10 |     10 | ACCOUNTING |  5000.00 |
|  7902 | FORD    |     20 |     20 | RESEARCH   |  3000.00 |
+-------+---------+--------+--------+------------+----------+
8 rows in set (0.00 sec)

mysql> select * from emp;
+-------+---------+-----------+------+------------+----------+---------+--------+
| EMPNO | ENAME   | JOB       | MGR  | HIREDATE   | SAL      | COMM    | DEPTNO |
+-------+---------+-----------+------+------------+----------+---------+--------+
|   100 | Rajat_k | CLERK     | 7902 | 1982-03-04 | 45678.00 | 3456.00 |     10 |
|  7369 | SMITH   | CLERK     | 7902 | 1980-12-17 |  4975.00 |    NULL |     20 |
|  7499 | ALLEN   | SALESMAN  | 7698 | 1981-02-20 |  1600.00 |  300.00 |     30 |
|  7521 | WARD    | SALESMAN  | 7698 | 1981-02-22 |  1250.00 |  500.00 |     30 |
|  7566 | JONES   | MANAGER   | 7839 | 1981-04-02 |  2975.00 |    NULL |     20 |
|  7654 | MARTIN  | SALESMAN  | 7698 | 1981-09-28 |  1250.00 | 1400.00 |     30 |
|  7698 | BLAKE   | MANAGER   | 7839 | 1981-05-01 |  2850.00 |    NULL |     30 |
|  7782 | CLARK   | MANAGER   | 7839 | 1981-06-09 |  2450.00 |    NULL |     10 |
|  7788 | SCOTT   | ANALYST   | 7566 | 1982-12-09 |  3000.00 |    NULL |     20 |
|  7839 | KING    | PRESIDENT | NULL | 1981-11-17 |  5000.00 |    NULL |     10 |
|  7844 | TURNER  | SALESMAN  | 7698 | 1981-09-08 |  1500.00 |    0.00 |     30 |
|  7876 | ADAMS   | CLERK     | 7788 | 1983-01-12 |  1100.00 |    NULL |     20 |
|  7900 | JAMES   | CLERK     | 7698 | 1981-12-03 |   950.00 |    NULL |     30 |
|  7902 | FORD    | ANALYST   | 7566 | 1981-12-03 |  3000.00 |    NULL |     20 |
|  7934 | MILLER  | CLERK     | 7782 | 1982-01-23 |  1300.00 |    NULL |     10 |
+-------+---------+-----------+------+------------+----------+---------+--------+
15 rows in set (0.00 sec)

mysql> select * from salgrade
    -> ;
+-------+-------+-------+
| GRADE | LOSAL | HISAL |
+-------+-------+-------+
|     1 |   700 |  1200 |
|     2 |  1201 |  1400 |
|     3 |  1401 |  2000 |
|     4 |  2001 |  3000 |
|     5 |  3001 |  9999 |
+-------+-------+-------+
5 rows in set (0.05 sec)

mysql> select e.empno,e.ename,sal,s.grade,s.losal, s.hisal
    -> from emp e,salgrade s;
+-------+---------+----------+-------+-------+-------+
| empno | ename   | sal      | grade | losal | hisal |
+-------+---------+----------+-------+-------+-------+
|   100 | Rajat_k | 45678.00 |     1 |   700 |  1200 |
|   100 | Rajat_k | 45678.00 |     2 |  1201 |  1400 |
|   100 | Rajat_k | 45678.00 |     3 |  1401 |  2000 |
|   100 | Rajat_k | 45678.00 |     4 |  2001 |  3000 |
|   100 | Rajat_k | 45678.00 |     5 |  3001 |  9999 |
|  7369 | SMITH   |  4975.00 |     1 |   700 |  1200 |
|  7369 | SMITH   |  4975.00 |     2 |  1201 |  1400 |
|  7369 | SMITH   |  4975.00 |     3 |  1401 |  2000 |
|  7369 | SMITH   |  4975.00 |     4 |  2001 |  3000 |
|  7369 | SMITH   |  4975.00 |     5 |  3001 |  9999 |
|  7499 | ALLEN   |  1600.00 |     1 |   700 |  1200 |
|  7499 | ALLEN   |  1600.00 |     2 |  1201 |  1400 |
|  7499 | ALLEN   |  1600.00 |     3 |  1401 |  2000 |
|  7499 | ALLEN   |  1600.00 |     4 |  2001 |  3000 |
|  7499 | ALLEN   |  1600.00 |     5 |  3001 |  9999 |
|  7521 | WARD    |  1250.00 |     1 |   700 |  1200 |
|  7521 | WARD    |  1250.00 |     2 |  1201 |  1400 |
|  7521 | WARD    |  1250.00 |     3 |  1401 |  2000 |
|  7521 | WARD    |  1250.00 |     4 |  2001 |  3000 |
|  7521 | WARD    |  1250.00 |     5 |  3001 |  9999 |
|  7566 | JONES   |  2975.00 |     1 |   700 |  1200 |
|  7566 | JONES   |  2975.00 |     2 |  1201 |  1400 |
|  7566 | JONES   |  2975.00 |     3 |  1401 |  2000 |
|  7566 | JONES   |  2975.00 |     4 |  2001 |  3000 |
|  7566 | JONES   |  2975.00 |     5 |  3001 |  9999 |
|  7654 | MARTIN  |  1250.00 |     1 |   700 |  1200 |
|  7654 | MARTIN  |  1250.00 |     2 |  1201 |  1400 |
|  7654 | MARTIN  |  1250.00 |     3 |  1401 |  2000 |
|  7654 | MARTIN  |  1250.00 |     4 |  2001 |  3000 |
|  7654 | MARTIN  |  1250.00 |     5 |  3001 |  9999 |
|  7698 | BLAKE   |  2850.00 |     1 |   700 |  1200 |
|  7698 | BLAKE   |  2850.00 |     2 |  1201 |  1400 |
|  7698 | BLAKE   |  2850.00 |     3 |  1401 |  2000 |
|  7698 | BLAKE   |  2850.00 |     4 |  2001 |  3000 |
|  7698 | BLAKE   |  2850.00 |     5 |  3001 |  9999 |
|  7782 | CLARK   |  2450.00 |     1 |   700 |  1200 |
|  7782 | CLARK   |  2450.00 |     2 |  1201 |  1400 |
|  7782 | CLARK   |  2450.00 |     3 |  1401 |  2000 |
|  7782 | CLARK   |  2450.00 |     4 |  2001 |  3000 |
|  7782 | CLARK   |  2450.00 |     5 |  3001 |  9999 |
|  7788 | SCOTT   |  3000.00 |     1 |   700 |  1200 |
|  7788 | SCOTT   |  3000.00 |     2 |  1201 |  1400 |
|  7788 | SCOTT   |  3000.00 |     3 |  1401 |  2000 |
|  7788 | SCOTT   |  3000.00 |     4 |  2001 |  3000 |
|  7788 | SCOTT   |  3000.00 |     5 |  3001 |  9999 |
|  7839 | KING    |  5000.00 |     1 |   700 |  1200 |
|  7839 | KING    |  5000.00 |     2 |  1201 |  1400 |
|  7839 | KING    |  5000.00 |     3 |  1401 |  2000 |
|  7839 | KING    |  5000.00 |     4 |  2001 |  3000 |
|  7839 | KING    |  5000.00 |     5 |  3001 |  9999 |
|  7844 | TURNER  |  1500.00 |     1 |   700 |  1200 |
|  7844 | TURNER  |  1500.00 |     2 |  1201 |  1400 |
|  7844 | TURNER  |  1500.00 |     3 |  1401 |  2000 |
|  7844 | TURNER  |  1500.00 |     4 |  2001 |  3000 |
|  7844 | TURNER  |  1500.00 |     5 |  3001 |  9999 |
|  7876 | ADAMS   |  1100.00 |     1 |   700 |  1200 |
|  7876 | ADAMS   |  1100.00 |     2 |  1201 |  1400 |
|  7876 | ADAMS   |  1100.00 |     3 |  1401 |  2000 |
|  7876 | ADAMS   |  1100.00 |     4 |  2001 |  3000 |
|  7876 | ADAMS   |  1100.00 |     5 |  3001 |  9999 |
|  7900 | JAMES   |   950.00 |     1 |   700 |  1200 |
|  7900 | JAMES   |   950.00 |     2 |  1201 |  1400 |
|  7900 | JAMES   |   950.00 |     3 |  1401 |  2000 |
|  7900 | JAMES   |   950.00 |     4 |  2001 |  3000 |
|  7900 | JAMES   |   950.00 |     5 |  3001 |  9999 |
|  7902 | FORD    |  3000.00 |     1 |   700 |  1200 |
|  7902 | FORD    |  3000.00 |     2 |  1201 |  1400 |
|  7902 | FORD    |  3000.00 |     3 |  1401 |  2000 |
|  7902 | FORD    |  3000.00 |     4 |  2001 |  3000 |
|  7902 | FORD    |  3000.00 |     5 |  3001 |  9999 |
|  7934 | MILLER  |  1300.00 |     1 |   700 |  1200 |
|  7934 | MILLER  |  1300.00 |     2 |  1201 |  1400 |
|  7934 | MILLER  |  1300.00 |     3 |  1401 |  2000 |
|  7934 | MILLER  |  1300.00 |     4 |  2001 |  3000 |
|  7934 | MILLER  |  1300.00 |     5 |  3001 |  9999 |
+-------+---------+----------+-------+-------+-------+
75 rows in set (0.00 sec)

mysql> select e.empno,e.ename,sal,s.grade,s.losal, s.hisal
    -> from emp e inner join salgrade s on sal between s.losal and s.hisal;
+-------+--------+---------+-------+-------+-------+
| empno | ename  | sal     | grade | losal | hisal |
+-------+--------+---------+-------+-------+-------+
|  7369 | SMITH  | 4975.00 |     5 |  3001 |  9999 |
|  7499 | ALLEN  | 1600.00 |     3 |  1401 |  2000 |
|  7521 | WARD   | 1250.00 |     2 |  1201 |  1400 |
|  7566 | JONES  | 2975.00 |     4 |  2001 |  3000 |
|  7654 | MARTIN | 1250.00 |     2 |  1201 |  1400 |
|  7698 | BLAKE  | 2850.00 |     4 |  2001 |  3000 |
|  7782 | CLARK  | 2450.00 |     4 |  2001 |  3000 |
|  7788 | SCOTT  | 3000.00 |     4 |  2001 |  3000 |
|  7839 | KING   | 5000.00 |     5 |  3001 |  9999 |
|  7844 | TURNER | 1500.00 |     3 |  1401 |  2000 |
|  7876 | ADAMS  | 1100.00 |     1 |   700 |  1200 |
|  7900 | JAMES  |  950.00 |     1 |   700 |  1200 |
|  7902 | FORD   | 3000.00 |     4 |  2001 |  3000 |
|  7934 | MILLER | 1300.00 |     2 |  1201 |  1400 |
+-------+--------+---------+-------+-------+-------+
14 rows in set (0.00 sec)

mysql> select e.empno,e.ename,e.deptno,d.deptno,d.dname
    -> from emp e,dept d
    -> where e.deptno=d.deptno;
+-------+---------+--------+--------+------------+
| empno | ename   | deptno | deptno | dname      |
+-------+---------+--------+--------+------------+
|   100 | Rajat_k |     10 |     10 | ACCOUNTING |
|  7369 | SMITH   |     20 |     20 | RESEARCH   |
|  7499 | ALLEN   |     30 |     30 | SALES      |
|  7521 | WARD    |     30 |     30 | SALES      |
|  7566 | JONES   |     20 |     20 | RESEARCH   |
|  7654 | MARTIN  |     30 |     30 | SALES      |
|  7698 | BLAKE   |     30 |     30 | SALES      |
|  7782 | CLARK   |     10 |     10 | ACCOUNTING |
|  7788 | SCOTT   |     20 |     20 | RESEARCH   |
|  7839 | KING    |     10 |     10 | ACCOUNTING |
|  7844 | TURNER  |     30 |     30 | SALES      |
|  7876 | ADAMS   |     20 |     20 | RESEARCH   |
|  7900 | JAMES   |     30 |     30 | SALES      |
|  7902 | FORD    |     20 |     20 | RESEARCH   |
|  7934 | MILLER  |     10 |     10 | ACCOUNTING |
+-------+---------+--------+--------+------------+
15 rows in set (0.00 sec)

mysql> select e.empno,e.ename,e.deptno,d.deptno,d.dname
    -> from emp e,dept d
    -> where e.deptno=d.deptno and e.deptno in (10,20)
    -> ;
+-------+---------+--------+--------+------------+
| empno | ename   | deptno | deptno | dname      |
+-------+---------+--------+--------+------------+
|   100 | Rajat_k |     10 |     10 | ACCOUNTING |
|  7369 | SMITH   |     20 |     20 | RESEARCH   |
|  7566 | JONES   |     20 |     20 | RESEARCH   |
|  7782 | CLARK   |     10 |     10 | ACCOUNTING |
|  7788 | SCOTT   |     20 |     20 | RESEARCH   |
|  7839 | KING    |     10 |     10 | ACCOUNTING |
|  7876 | ADAMS   |     20 |     20 | RESEARCH   |
|  7902 | FORD    |     20 |     20 | RESEARCH   |
|  7934 | MILLER  |     10 |     10 | ACCOUNTING |
+-------+---------+--------+--------+------------+
9 rows in set (0.00 sec)

mysql> select * from emp
    -> ;
+-------+---------+-----------+------+------------+----------+---------+--------+
| EMPNO | ENAME   | JOB       | MGR  | HIREDATE   | SAL      | COMM    | DEPTNO |
+-------+---------+-----------+------+------------+----------+---------+--------+
|   100 | Rajat_k | CLERK     | 7902 | 1982-03-04 | 45678.00 | 3456.00 |     10 |
|  7369 | SMITH   | CLERK     | 7902 | 1980-12-17 |  4975.00 |    NULL |     20 |
|  7499 | ALLEN   | SALESMAN  | 7698 | 1981-02-20 |  1600.00 |  300.00 |     30 |
|  7521 | WARD    | SALESMAN  | 7698 | 1981-02-22 |  1250.00 |  500.00 |     30 |
|  7566 | JONES   | MANAGER   | 7839 | 1981-04-02 |  2975.00 |    NULL |     20 |
|  7654 | MARTIN  | SALESMAN  | 7698 | 1981-09-28 |  1250.00 | 1400.00 |     30 |
|  7698 | BLAKE   | MANAGER   | 7839 | 1981-05-01 |  2850.00 |    NULL |     30 |
|  7782 | CLARK   | MANAGER   | 7839 | 1981-06-09 |  2450.00 |    NULL |     10 |
|  7788 | SCOTT   | ANALYST   | 7566 | 1982-12-09 |  3000.00 |    NULL |     20 |
|  7839 | KING    | PRESIDENT | NULL | 1981-11-17 |  5000.00 |    NULL |     10 |
|  7844 | TURNER  | SALESMAN  | 7698 | 1981-09-08 |  1500.00 |    0.00 |     30 |
|  7876 | ADAMS   | CLERK     | 7788 | 1983-01-12 |  1100.00 |    NULL |     20 |
|  7900 | JAMES   | CLERK     | 7698 | 1981-12-03 |   950.00 |    NULL |     30 |
|  7902 | FORD    | ANALYST   | 7566 | 1981-12-03 |  3000.00 |    NULL |     20 |
|  7934 | MILLER  | CLERK     | 7782 | 1982-01-23 |  1300.00 |    NULL |     10 |
+-------+---------+-----------+------+------------+----------+---------+--------+
15 rows in set (0.00 sec)

mysql> insert into emp values(123,'Revati','design',null,'2020-03-12',45678,4567,null)
    -> ;
Query OK, 1 row affected (0.05 sec)

mysql> insert into emp values(125,'Atharva','design',null,'2021-03-15',55678,4567,null);
Query OK, 1 row affected (0.01 sec)

mysql> select * from dept;
+--------+------------+----------+
| DEPTNO | DNAME      | LOC      |
+--------+------------+----------+
|     10 | ACCOUNTING | NEW YORK |
|     20 | RESEARCH   | DALLAS   |
|     30 | SALES      | CHICAGO  |
|     40 | OPERATIONS | BOSTON   |
+--------+------------+----------+
4 rows in set (0.00 sec)

mysql> select empno,ename,e.deptno,d.deptno
    -> from emp e, dept d;
+-------+---------+--------+--------+
| empno | ename   | deptno | deptno |
+-------+---------+--------+--------+
|   100 | Rajat_k |     10 |     10 |
|   100 | Rajat_k |     10 |     20 |
|   100 | Rajat_k |     10 |     30 |
|   100 | Rajat_k |     10 |     40 |
|   123 | Revati  |   NULL |     10 |
|   123 | Revati  |   NULL |     20 |
|   123 | Revati  |   NULL |     30 |
|   123 | Revati  |   NULL |     40 |
|   125 | Atharva |   NULL |     10 |
|   125 | Atharva |   NULL |     20 |
|   125 | Atharva |   NULL |     30 |
|   125 | Atharva |   NULL |     40 |
|  7369 | SMITH   |     20 |     10 |
|  7369 | SMITH   |     20 |     20 |
|  7369 | SMITH   |     20 |     30 |
|  7369 | SMITH   |     20 |     40 |
|  7499 | ALLEN   |     30 |     10 |
|  7499 | ALLEN   |     30 |     20 |
|  7499 | ALLEN   |     30 |     30 |
|  7499 | ALLEN   |     30 |     40 |
|  7521 | WARD    |     30 |     10 |
|  7521 | WARD    |     30 |     20 |
|  7521 | WARD    |     30 |     30 |
|  7521 | WARD    |     30 |     40 |
|  7566 | JONES   |     20 |     10 |
|  7566 | JONES   |     20 |     20 |
|  7566 | JONES   |     20 |     30 |
|  7566 | JONES   |     20 |     40 |
|  7654 | MARTIN  |     30 |     10 |
|  7654 | MARTIN  |     30 |     20 |
|  7654 | MARTIN  |     30 |     30 |
|  7654 | MARTIN  |     30 |     40 |
|  7698 | BLAKE   |     30 |     10 |
|  7698 | BLAKE   |     30 |     20 |
|  7698 | BLAKE   |     30 |     30 |
|  7698 | BLAKE   |     30 |     40 |
|  7782 | CLARK   |     10 |     10 |
|  7782 | CLARK   |     10 |     20 |
|  7782 | CLARK   |     10 |     30 |
|  7782 | CLARK   |     10 |     40 |
|  7788 | SCOTT   |     20 |     10 |
|  7788 | SCOTT   |     20 |     20 |
|  7788 | SCOTT   |     20 |     30 |
|  7788 | SCOTT   |     20 |     40 |
|  7839 | KING    |     10 |     10 |
|  7839 | KING    |     10 |     20 |
|  7839 | KING    |     10 |     30 |
|  7839 | KING    |     10 |     40 |
|  7844 | TURNER  |     30 |     10 |
|  7844 | TURNER  |     30 |     20 |
|  7844 | TURNER  |     30 |     30 |
|  7844 | TURNER  |     30 |     40 |
|  7876 | ADAMS   |     20 |     10 |
|  7876 | ADAMS   |     20 |     20 |
|  7876 | ADAMS   |     20 |     30 |
|  7876 | ADAMS   |     20 |     40 |
|  7900 | JAMES   |     30 |     10 |
|  7900 | JAMES   |     30 |     20 |
|  7900 | JAMES   |     30 |     30 |
|  7900 | JAMES   |     30 |     40 |
|  7902 | FORD    |     20 |     10 |
|  7902 | FORD    |     20 |     20 |
|  7902 | FORD    |     20 |     30 |
|  7902 | FORD    |     20 |     40 |
|  7934 | MILLER  |     10 |     10 |
|  7934 | MILLER  |     10 |     20 |
|  7934 | MILLER  |     10 |     30 |
|  7934 | MILLER  |     10 |     40 |
+-------+---------+--------+--------+
68 rows in set (0.00 sec)

mysql> select empno,ename,e.deptno,d.deptno
    -> from emp e, dept d
    -> where e.deptno=d.deptno;
+-------+---------+--------+--------+
| empno | ename   | deptno | deptno |
+-------+---------+--------+--------+
|   100 | Rajat_k |     10 |     10 |
|  7369 | SMITH   |     20 |     20 |
|  7499 | ALLEN   |     30 |     30 |
|  7521 | WARD    |     30 |     30 |
|  7566 | JONES   |     20 |     20 |
|  7654 | MARTIN  |     30 |     30 |
|  7698 | BLAKE   |     30 |     30 |
|  7782 | CLARK   |     10 |     10 |
|  7788 | SCOTT   |     20 |     20 |
|  7839 | KING    |     10 |     10 |
|  7844 | TURNER  |     30 |     30 |
|  7876 | ADAMS   |     20 |     20 |
|  7900 | JAMES   |     30 |     30 |
|  7902 | FORD    |     20 |     20 |
|  7934 | MILLER  |     10 |     10 |
+-------+---------+--------+--------+
15 rows in set (0.00 sec)

mysql> select empno,ename,e.deptno,d.deptno
    -> from emp e right join dept d on e.deptno=d.deptno;
+-------+---------+--------+--------+
| empno | ename   | deptno | deptno |
+-------+---------+--------+--------+
|   100 | Rajat_k |     10 |     10 |
|  7782 | CLARK   |     10 |     10 |
|  7839 | KING    |     10 |     10 |
|  7934 | MILLER  |     10 |     10 |
|  7369 | SMITH   |     20 |     20 |
|  7566 | JONES   |     20 |     20 |
|  7788 | SCOTT   |     20 |     20 |
|  7876 | ADAMS   |     20 |     20 |
|  7902 | FORD    |     20 |     20 |
|  7499 | ALLEN   |     30 |     30 |
|  7521 | WARD    |     30 |     30 |
|  7654 | MARTIN  |     30 |     30 |
|  7698 | BLAKE   |     30 |     30 |
|  7844 | TURNER  |     30 |     30 |
|  7900 | JAMES   |     30 |     30 |
|  NULL | NULL    |   NULL |     40 |
+-------+---------+--------+--------+
16 rows in set (0.00 sec)

mysql> select empno,ename,e.deptno,d.deptno,dname
    -> from emp e right join dept d on e.deptno=d.deptno;
+-------+---------+--------+--------+------------+
| empno | ename   | deptno | deptno | dname      |
+-------+---------+--------+--------+------------+
|   100 | Rajat_k |     10 |     10 | ACCOUNTING |
|  7782 | CLARK   |     10 |     10 | ACCOUNTING |
|  7839 | KING    |     10 |     10 | ACCOUNTING |
|  7934 | MILLER  |     10 |     10 | ACCOUNTING |
|  7369 | SMITH   |     20 |     20 | RESEARCH   |
|  7566 | JONES   |     20 |     20 | RESEARCH   |
|  7788 | SCOTT   |     20 |     20 | RESEARCH   |
|  7876 | ADAMS   |     20 |     20 | RESEARCH   |
|  7902 | FORD    |     20 |     20 | RESEARCH   |
|  7499 | ALLEN   |     30 |     30 | SALES      |
|  7521 | WARD    |     30 |     30 | SALES      |
|  7654 | MARTIN  |     30 |     30 | SALES      |
|  7698 | BLAKE   |     30 |     30 | SALES      |
|  7844 | TURNER  |     30 |     30 | SALES      |
|  7900 | JAMES   |     30 |     30 | SALES      |
|  NULL | NULL    |   NULL |     40 | OPERATIONS |
+-------+---------+--------+--------+------------+
16 rows in set (0.00 sec)

mysql> select empno,ename,e.deptno,d.deptno
    -> from dept d left join emp e on e.deptno=d.deptno;
+-------+---------+--------+--------+
| empno | ename   | deptno | deptno |
+-------+---------+--------+--------+
|   100 | Rajat_k |     10 |     10 |
|  7782 | CLARK   |     10 |     10 |
|  7839 | KING    |     10 |     10 |
|  7934 | MILLER  |     10 |     10 |
|  7369 | SMITH   |     20 |     20 |
|  7566 | JONES   |     20 |     20 |
|  7788 | SCOTT   |     20 |     20 |
|  7876 | ADAMS   |     20 |     20 |
|  7902 | FORD    |     20 |     20 |
|  7499 | ALLEN   |     30 |     30 |
|  7521 | WARD    |     30 |     30 |
|  7654 | MARTIN  |     30 |     30 |
|  7698 | BLAKE   |     30 |     30 |
|  7844 | TURNER  |     30 |     30 |
|  7900 | JAMES   |     30 |     30 |
|  NULL | NULL    |   NULL |     40 |
+-------+---------+--------+--------+
16 rows in set (0.00 sec)

mysql> select empno,ename,e.deptno,d.deptno
    -> from dept d right join emp e on e.deptno=d.deptno;
+-------+---------+--------+--------+
| empno | ename   | deptno | deptno |
+-------+---------+--------+--------+
|   100 | Rajat_k |     10 |     10 |
|   123 | Revati  |   NULL |   NULL |
|   125 | Atharva |   NULL |   NULL |
|  7369 | SMITH   |     20 |     20 |
|  7499 | ALLEN   |     30 |     30 |
|  7521 | WARD    |     30 |     30 |
|  7566 | JONES   |     20 |     20 |
|  7654 | MARTIN  |     30 |     30 |
|  7698 | BLAKE   |     30 |     30 |
|  7782 | CLARK   |     10 |     10 |
|  7788 | SCOTT   |     20 |     20 |
|  7839 | KING    |     10 |     10 |
|  7844 | TURNER  |     30 |     30 |
|  7876 | ADAMS   |     20 |     20 |
|  7900 | JAMES   |     30 |     30 |
|  7902 | FORD    |     20 |     20 |
|  7934 | MILLER  |     10 |     10 |
+-------+---------+--------+--------+
17 rows in set (0.00 sec)

mysql> select e.empno,e.ename,e.deptno.d.deptno,dname
    -> from emp e left join dept d on e.deptno=d.deptno
    -> union
    -> select e.empno,e.ename,e.deptno.d.deptno,dname
    -> from emp e right join dept d on e.deptno=d.deptno;
ERROR 1064 (42000): You have an error in your SQL syntax; check the manual that corresponds to your MySQL server version for the right syntax to use near '.deptno,dname
from emp e left join dept d on e.deptno=d.deptno
union
select e.em' at line 1
mysql> select e.empno,e.ename,e.deptno.d.deptno,dname
    -> ^C
mysql> select e.empno,e.ename,e.deptno,d.deptno,dname
    -> from emp e left join dept d on e.deptno=d.deptno
    -> union
    -> select e.empno,e.ename,e.deptno.d.deptno,dname
    -> from emp e right join dept d on e.deptno=d.deptno;
ERROR 1064 (42000): You have an error in your SQL syntax; check the manual that corresponds to your MySQL server version for the right syntax to use near '.deptno,dname
from emp e right join dept d on e.deptno=d.deptno' at line 4
mysql> select e.empno,e.ename,e.deptno,d.deptno,dname
    -> from emp e left join dept d on e.deptno=d.deptno
    ->  union
    ->  select e.empno,e.ename,e.deptno,d.deptno,dname
    ->  from emp e right join dept d on e.deptno=d.deptno;
+-------+---------+--------+--------+------------+
| empno | ename   | deptno | deptno | dname      |
+-------+---------+--------+--------+------------+
|   100 | Rajat_k |     10 |     10 | ACCOUNTING |
|   123 | Revati  |   NULL |   NULL | NULL       |
|   125 | Atharva |   NULL |   NULL | NULL       |
|  7369 | SMITH   |     20 |     20 | RESEARCH   |
|  7499 | ALLEN   |     30 |     30 | SALES      |
|  7521 | WARD    |     30 |     30 | SALES      |
|  7566 | JONES   |     20 |     20 | RESEARCH   |
|  7654 | MARTIN  |     30 |     30 | SALES      |
|  7698 | BLAKE   |     30 |     30 | SALES      |
|  7782 | CLARK   |     10 |     10 | ACCOUNTING |
|  7788 | SCOTT   |     20 |     20 | RESEARCH   |
|  7839 | KING    |     10 |     10 | ACCOUNTING |
|  7844 | TURNER  |     30 |     30 | SALES      |
|  7876 | ADAMS   |     20 |     20 | RESEARCH   |
|  7900 | JAMES   |     30 |     30 | SALES      |
|  7902 | FORD    |     20 |     20 | RESEARCH   |
|  7934 | MILLER  |     10 |     10 | ACCOUNTING |
|  NULL | NULL    |   NULL |     40 | OPERATIONS |
+-------+---------+--------+--------+------------+
18 rows in set (0.00 sec)

mysql> select e.empno,e.ename,e.deptno,d.deptno,dname
    -> from emp e left join dept d on e.deptno=d.deptno
    -> where d.dname is null
    -> union
    -> select e.empno,e.ename,e.deptno,d.deptno,dname
    ->  from emp e right join dept d on e.deptno=d.deptno
    -> where e.ename is null;
+-------+---------+--------+--------+------------+
| empno | ename   | deptno | deptno | dname      |
+-------+---------+--------+--------+------------+
|   123 | Revati  |   NULL |   NULL | NULL       |
|   125 | Atharva |   NULL |   NULL | NULL       |
|  NULL | NULL    |   NULL |     40 | OPERATIONS |
+-------+---------+--------+--------+------------+
3 rows in set (0.00 sec)

mysql> create view mgr10
    -> as
    -> select * from emp where deptno=10;
Query OK, 0 rows affected (0.07 sec)

mysql> select * from mgr10;
+-------+---------+-----------+------+------------+----------+---------+--------+
| EMPNO | ENAME   | JOB       | MGR  | HIREDATE   | SAL      | COMM    | DEPTNO |
+-------+---------+-----------+------+------------+----------+---------+--------+
|   100 | Rajat_k | CLERK     | 7902 | 1982-03-04 | 45678.00 | 3456.00 |     10 |
|  7782 | CLARK   | MANAGER   | 7839 | 1981-06-09 |  2450.00 |    NULL |     10 |
|  7839 | KING    | PRESIDENT | NULL | 1981-11-17 |  5000.00 |    NULL |     10 |
|  7934 | MILLER  | CLERK     | 7782 | 1982-01-23 |  1300.00 |    NULL |     10 |
+-------+---------+-----------+------+------------+----------+---------+--------+
4 rows in set (0.00 sec)

mysql> create view vendor
    -> as
    -> select ename,deptno from emp;
Query OK, 0 rows affected (0.05 sec)

mysql> drop view vendor;
Query OK, 0 rows affected (0.01 sec)

mysql> create view vendor
    -> as
    -> select ename,deptno from emp
    -> where deptno=20;
Query OK, 0 rows affected (0.01 sec)

mysql> select * from vendor;
+-------+--------+
| ename | deptno |
+-------+--------+
| SMITH |     20 |
| JONES |     20 |
| SCOTT |     20 |
| ADAMS |     20 |
| FORD  |     20 |
+-------+--------+
5 rows in set (0.00 sec)

mysql> show tables;
+--------------------------+
| Tables_in_iacsd0324_dbda |
+--------------------------+
| bonus                    |
| category                 |
| course                   |
| customers                |
| dept                     |
| emp                      |
| emp_10                   |
| emp_20                   |
| medicine                 |
| mgr10                    |
| mytab                    |
| orders                   |
| product                  |
| salgrade                 |
| stud_marks               |
| student                  |
| suppliers                |
| vendor                   |
+--------------------------+
18 rows in set (0.01 sec)

mysql> insert into emp values(100,'Ashwin','manager',null, '2020-01-01',34566,3456,10);
ERROR 1062 (23000): Duplicate entry '100' for key 'emp.PRIMARY'
mysql> insert into emp values(101,'Ashwin','manager',null, '2020-01-01',34566,3456,10);
Query OK, 1 row affected (0.01 sec)

mysql> select * from emp;
+-------+---------+-----------+------+------------+----------+---------+--------+
| EMPNO | ENAME   | JOB       | MGR  | HIREDATE   | SAL      | COMM    | DEPTNO |
+-------+---------+-----------+------+------------+----------+---------+--------+
|   100 | Rajat_k | CLERK     | 7902 | 1982-03-04 | 45678.00 | 3456.00 |     10 |
|   101 | Ashwin  | manager   | NULL | 2020-01-01 | 34566.00 | 3456.00 |     10 |
|   123 | Revati  | design    | NULL | 2020-03-12 | 45678.00 | 4567.00 |   NULL |
|   125 | Atharva | design    | NULL | 2021-03-15 | 55678.00 | 4567.00 |   NULL |
|  7369 | SMITH   | CLERK     | 7902 | 1980-12-17 |  4975.00 |    NULL |     20 |
|  7499 | ALLEN   | SALESMAN  | 7698 | 1981-02-20 |  1600.00 |  300.00 |     30 |
|  7521 | WARD    | SALESMAN  | 7698 | 1981-02-22 |  1250.00 |  500.00 |     30 |
|  7566 | JONES   | MANAGER   | 7839 | 1981-04-02 |  2975.00 |    NULL |     20 |
|  7654 | MARTIN  | SALESMAN  | 7698 | 1981-09-28 |  1250.00 | 1400.00 |     30 |
|  7698 | BLAKE   | MANAGER   | 7839 | 1981-05-01 |  2850.00 |    NULL |     30 |
|  7782 | CLARK   | MANAGER   | 7839 | 1981-06-09 |  2450.00 |    NULL |     10 |
|  7788 | SCOTT   | ANALYST   | 7566 | 1982-12-09 |  3000.00 |    NULL |     20 |
|  7839 | KING    | PRESIDENT | NULL | 1981-11-17 |  5000.00 |    NULL |     10 |
|  7844 | TURNER  | SALESMAN  | 7698 | 1981-09-08 |  1500.00 |    0.00 |     30 |
|  7876 | ADAMS   | CLERK     | 7788 | 1983-01-12 |  1100.00 |    NULL |     20 |
|  7900 | JAMES   | CLERK     | 7698 | 1981-12-03 |   950.00 |    NULL |     30 |
|  7902 | FORD    | ANALYST   | 7566 | 1981-12-03 |  3000.00 |    NULL |     20 |
|  7934 | MILLER  | CLERK     | 7782 | 1982-01-23 |  1300.00 |    NULL |     10 |
+-------+---------+-----------+------+------------+----------+---------+--------+
18 rows in set (0.00 sec)

mysql> select 8 from mgr10;
+---+
| 8 |
+---+
| 8 |
| 8 |
| 8 |
| 8 |
| 8 |
+---+
5 rows in set (0.00 sec)

mysql> select * from mgr10;
+-------+---------+-----------+------+------------+----------+---------+--------+
| EMPNO | ENAME   | JOB       | MGR  | HIREDATE   | SAL      | COMM    | DEPTNO |
+-------+---------+-----------+------+------------+----------+---------+--------+
|   100 | Rajat_k | CLERK     | 7902 | 1982-03-04 | 45678.00 | 3456.00 |     10 |
|   101 | Ashwin  | manager   | NULL | 2020-01-01 | 34566.00 | 3456.00 |     10 |
|  7782 | CLARK   | MANAGER   | 7839 | 1981-06-09 |  2450.00 |    NULL |     10 |
|  7839 | KING    | PRESIDENT | NULL | 1981-11-17 |  5000.00 |    NULL |     10 |
|  7934 | MILLER  | CLERK     | 7782 | 1982-01-23 |  1300.00 |    NULL |     10 |
+-------+---------+-----------+------+------------+----------+---------+--------+
5 rows in set (0.00 sec)

mysql> insert into mgr10 values(102,'Ashwini','CLERK',7902, '2020-01-01',34566,3456,10);
Query OK, 1 row affected (0.00 sec)

mysql> select * from emp;
+-------+---------+-----------+------+------------+----------+---------+--------+
| EMPNO | ENAME   | JOB       | MGR  | HIREDATE   | SAL      | COMM    | DEPTNO |
+-------+---------+-----------+------+------------+----------+---------+--------+
|   100 | Rajat_k | CLERK     | 7902 | 1982-03-04 | 45678.00 | 3456.00 |     10 |
|   101 | Ashwin  | manager   | NULL | 2020-01-01 | 34566.00 | 3456.00 |     10 |
|   102 | Ashwini | CLERK     | 7902 | 2020-01-01 | 34566.00 | 3456.00 |     10 |
|   123 | Revati  | design    | NULL | 2020-03-12 | 45678.00 | 4567.00 |   NULL |
|   125 | Atharva | design    | NULL | 2021-03-15 | 55678.00 | 4567.00 |   NULL |
|  7369 | SMITH   | CLERK     | 7902 | 1980-12-17 |  4975.00 |    NULL |     20 |
|  7499 | ALLEN   | SALESMAN  | 7698 | 1981-02-20 |  1600.00 |  300.00 |     30 |
|  7521 | WARD    | SALESMAN  | 7698 | 1981-02-22 |  1250.00 |  500.00 |     30 |
|  7566 | JONES   | MANAGER   | 7839 | 1981-04-02 |  2975.00 |    NULL |     20 |
|  7654 | MARTIN  | SALESMAN  | 7698 | 1981-09-28 |  1250.00 | 1400.00 |     30 |
|  7698 | BLAKE   | MANAGER   | 7839 | 1981-05-01 |  2850.00 |    NULL |     30 |
|  7782 | CLARK   | MANAGER   | 7839 | 1981-06-09 |  2450.00 |    NULL |     10 |
|  7788 | SCOTT   | ANALYST   | 7566 | 1982-12-09 |  3000.00 |    NULL |     20 |
|  7839 | KING    | PRESIDENT | NULL | 1981-11-17 |  5000.00 |    NULL |     10 |
|  7844 | TURNER  | SALESMAN  | 7698 | 1981-09-08 |  1500.00 |    0.00 |     30 |
|  7876 | ADAMS   | CLERK     | 7788 | 1983-01-12 |  1100.00 |    NULL |     20 |
|  7900 | JAMES   | CLERK     | 7698 | 1981-12-03 |   950.00 |    NULL |     30 |
|  7902 | FORD    | ANALYST   | 7566 | 1981-12-03 |  3000.00 |    NULL |     20 |
|  7934 | MILLER  | CLERK     | 7782 | 1982-01-23 |  1300.00 |    NULL |     10 |
+-------+---------+-----------+------+------------+----------+---------+--------+
19 rows in set (0.00 sec)

mysql> select * from mgr10;
+-------+---------+-----------+------+------------+----------+---------+--------+
| EMPNO | ENAME   | JOB       | MGR  | HIREDATE   | SAL      | COMM    | DEPTNO |
+-------+---------+-----------+------+------------+----------+---------+--------+
|   100 | Rajat_k | CLERK     | 7902 | 1982-03-04 | 45678.00 | 3456.00 |     10 |
|   101 | Ashwin  | manager   | NULL | 2020-01-01 | 34566.00 | 3456.00 |     10 |
|   102 | Ashwini | CLERK     | 7902 | 2020-01-01 | 34566.00 | 3456.00 |     10 |
|  7782 | CLARK   | MANAGER   | 7839 | 1981-06-09 |  2450.00 |    NULL |     10 |
|  7839 | KING    | PRESIDENT | NULL | 1981-11-17 |  5000.00 |    NULL |     10 |
|  7934 | MILLER  | CLERK     | 7782 | 1982-01-23 |  1300.00 |    NULL |     10 |
+-------+---------+-----------+------+------------+----------+---------+--------+
6 rows in set (0.00 sec)

mysql> insert into mgr10 values(103,'Deepa','CLERK',7902, '2022-01-01',34466,3456,30);
Query OK, 1 row affected (0.01 sec)

mysql> select * from emp;
+-------+---------+-----------+------+------------+----------+---------+--------+
| EMPNO | ENAME   | JOB       | MGR  | HIREDATE   | SAL      | COMM    | DEPTNO |
+-------+---------+-----------+------+------------+----------+---------+--------+
|   100 | Rajat_k | CLERK     | 7902 | 1982-03-04 | 45678.00 | 3456.00 |     10 |
|   101 | Ashwin  | manager   | NULL | 2020-01-01 | 34566.00 | 3456.00 |     10 |
|   102 | Ashwini | CLERK     | 7902 | 2020-01-01 | 34566.00 | 3456.00 |     10 |
|   103 | Deepa   | CLERK     | 7902 | 2022-01-01 | 34466.00 | 3456.00 |     30 |
|   123 | Revati  | design    | NULL | 2020-03-12 | 45678.00 | 4567.00 |   NULL |
|   125 | Atharva | design    | NULL | 2021-03-15 | 55678.00 | 4567.00 |   NULL |
|  7369 | SMITH   | CLERK     | 7902 | 1980-12-17 |  4975.00 |    NULL |     20 |
|  7499 | ALLEN   | SALESMAN  | 7698 | 1981-02-20 |  1600.00 |  300.00 |     30 |
|  7521 | WARD    | SALESMAN  | 7698 | 1981-02-22 |  1250.00 |  500.00 |     30 |
|  7566 | JONES   | MANAGER   | 7839 | 1981-04-02 |  2975.00 |    NULL |     20 |
|  7654 | MARTIN  | SALESMAN  | 7698 | 1981-09-28 |  1250.00 | 1400.00 |     30 |
|  7698 | BLAKE   | MANAGER   | 7839 | 1981-05-01 |  2850.00 |    NULL |     30 |
|  7782 | CLARK   | MANAGER   | 7839 | 1981-06-09 |  2450.00 |    NULL |     10 |
|  7788 | SCOTT   | ANALYST   | 7566 | 1982-12-09 |  3000.00 |    NULL |     20 |
|  7839 | KING    | PRESIDENT | NULL | 1981-11-17 |  5000.00 |    NULL |     10 |
|  7844 | TURNER  | SALESMAN  | 7698 | 1981-09-08 |  1500.00 |    0.00 |     30 |
|  7876 | ADAMS   | CLERK     | 7788 | 1983-01-12 |  1100.00 |    NULL |     20 |
|  7900 | JAMES   | CLERK     | 7698 | 1981-12-03 |   950.00 |    NULL |     30 |
|  7902 | FORD    | ANALYST   | 7566 | 1981-12-03 |  3000.00 |    NULL |     20 |
|  7934 | MILLER  | CLERK     | 7782 | 1982-01-23 |  1300.00 |    NULL |     10 |
+-------+---------+-----------+------+------------+----------+---------+--------+
20 rows in set (0.00 sec)

mysql> select * from mgr10;
+-------+---------+-----------+------+------------+----------+---------+--------+
| EMPNO | ENAME   | JOB       | MGR  | HIREDATE   | SAL      | COMM    | DEPTNO |
+-------+---------+-----------+------+------------+----------+---------+--------+
|   100 | Rajat_k | CLERK     | 7902 | 1982-03-04 | 45678.00 | 3456.00 |     10 |
|   101 | Ashwin  | manager   | NULL | 2020-01-01 | 34566.00 | 3456.00 |     10 |
|   102 | Ashwini | CLERK     | 7902 | 2020-01-01 | 34566.00 | 3456.00 |     10 |
|  7782 | CLARK   | MANAGER   | 7839 | 1981-06-09 |  2450.00 |    NULL |     10 |
|  7839 | KING    | PRESIDENT | NULL | 1981-11-17 |  5000.00 |    NULL |     10 |
|  7934 | MILLER  | CLERK     | 7782 | 1982-01-23 |  1300.00 |    NULL |     10 |
+-------+---------+-----------+------+------------+----------+---------+--------+
6 rows in set (0.00 sec)

mysql> drop view mgr10;
Query OK, 0 rows affected (0.01 sec)

mysql> create view mgr10
    -> as
    -> select * from emp
    -> where deptno=10
    -> with check option;
Query OK, 0 rows affected (0.01 sec)

mysql> insert into mgr10 values(104,'Sangeeta','CLERK',7902, '2022-01-01',34466,3456,30);
ERROR 1369 (HY000): CHECK OPTION failed 'iacsd0324_dbda.mgr10'
mysql> insert into mgr10 values(104,'Sangeeta','CLERK',7902, '2022-01-01',34466,3456,10);
Query OK, 1 row affected (0.01 sec)

mysql> select * from vendor;
+-------+--------+
| ename | deptno |
+-------+--------+
| SMITH |     20 |
| JONES |     20 |
| SCOTT |     20 |
| ADAMS |     20 |
| FORD  |     20 |
+-------+--------+
5 rows in set (0.00 sec)

mysql> insert into vendor values('xxx',20);
ERROR 1423 (HY000): Field of view 'iacsd0324_dbda.vendor' underlying table doesn't have a default value
mysql> create view emp_dept
    -> sa
    -> create view mgr10
    ->     -> as
    ->     -> select * from emp
    ->     -> where deptno=10
    -> ^C
mysql> create view emp_dept
    -> as
    -> select empno,ename,e.deptno,d.deptno,d.dname
    ->    from emp e right join dept d on e.deptno=d.deptno
    -> where e.ename is null
    ->   union
    -> select empno,ename,e.deptno,d.deptno,d.dname
    -> from emp e left join dept d on e.deptno=d.deptno
    ->  where d.dname is null;
ERROR 1060 (42S21): Duplicate column name 'deptno'
mysql> create view emp_dept
    -> as
    -> select empno,ename,e.deptno,d.dname
    ->    from emp e right join dept d on e.deptno=d.deptno
    -> where e.ename is null
    ->   union
    -> select empno,ename,e.deptno,d.dname
    -> from emp e left join dept d on e.deptno=d.deptno
    ->  where d.dname is null;
Query OK, 0 rows affected (0.01 sec)

mysql> select * from emp_dept;
+-------+---------+--------+------------+
| empno | ename   | deptno | dname      |
+-------+---------+--------+------------+
|  NULL | NULL    |   NULL | OPERATIONS |
|   123 | Revati  |   NULL | NULL       |
|   125 | Atharva |   NULL | NULL       |
+-------+---------+--------+------------+
3 rows in set (0.01 sec)

mysql> create view aggview
    -> as
    -> select deptn0,sum(sal),sum(sal+ifnull(comm,0)),min(sal)
    -> from emp
    -> group by deptno
    -> ;
ERROR 1054 (42S22): Unknown column 'deptn0' in 'field list'
mysql> create view aggview
    -> as
    -> select deptno,sum(sal),sum(sal+ifnull(comm,0)),min(sal)
    -> from emp
    -> group by deptno;
Query OK, 0 rows affected (0.02 sec)

mysql> select * from aggview;
+--------+-----------+-------------------------+----------+
| deptno | sum(sal)  | sum(sal+ifnull(comm,0)) | min(sal) |
+--------+-----------+-------------------------+----------+
|     10 | 158026.00 |               171850.00 |  1300.00 |
|     30 |  43866.00 |                49522.00 |   950.00 |
|   NULL | 101356.00 |               110490.00 | 45678.00 |
|     20 |  15050.00 |                15050.00 |  1100.00 |
+--------+-----------+-------------------------+----------+
4 rows in set (0.00 sec)

mysql> use information_schema;
Database changed
mysql> show tables;
+---------------------------------------+
| Tables_in_information_schema          |
+---------------------------------------+
| ADMINISTRABLE_ROLE_AUTHORIZATIONS     |
| APPLICABLE_ROLES                      |
| CHARACTER_SETS                        |
| CHECK_CONSTRAINTS                     |
| COLLATION_CHARACTER_SET_APPLICABILITY |
| COLLATIONS                            |
| COLUMN_PRIVILEGES                     |
| COLUMN_STATISTICS                     |
| COLUMNS                               |
| COLUMNS_EXTENSIONS                    |
| ENABLED_ROLES                         |
| ENGINES                               |
| EVENTS                                |
| FILES                                 |
| INNODB_BUFFER_PAGE                    |
| INNODB_BUFFER_PAGE_LRU                |
| INNODB_BUFFER_POOL_STATS              |
| INNODB_CACHED_INDEXES                 |
| INNODB_CMP                            |
| INNODB_CMP_PER_INDEX                  |
| INNODB_CMP_PER_INDEX_RESET            |
| INNODB_CMP_RESET                      |
| INNODB_CMPMEM                         |
| INNODB_CMPMEM_RESET                   |
| INNODB_COLUMNS                        |
| INNODB_DATAFILES                      |
| INNODB_FIELDS                         |
| INNODB_FOREIGN                        |
| INNODB_FOREIGN_COLS                   |
| INNODB_FT_BEING_DELETED               |
| INNODB_FT_CONFIG                      |
| INNODB_FT_DEFAULT_STOPWORD            |
| INNODB_FT_DELETED                     |
| INNODB_FT_INDEX_CACHE                 |
| INNODB_FT_INDEX_TABLE                 |
| INNODB_INDEXES                        |
| INNODB_METRICS                        |
| INNODB_SESSION_TEMP_TABLESPACES       |
| INNODB_TABLES                         |
| INNODB_TABLESPACES                    |
| INNODB_TABLESPACES_BRIEF              |
| INNODB_TABLESTATS                     |
| INNODB_TEMP_TABLE_INFO                |
| INNODB_TRX                            |
| INNODB_VIRTUAL                        |
| KEY_COLUMN_USAGE                      |
| KEYWORDS                              |
| OPTIMIZER_TRACE                       |
| PARAMETERS                            |
| PARTITIONS                            |
| PLUGINS                               |
| PROCESSLIST                           |
| PROFILING                             |
| REFERENTIAL_CONSTRAINTS               |
| RESOURCE_GROUPS                       |
| ROLE_COLUMN_GRANTS                    |
| ROLE_ROUTINE_GRANTS                   |
| ROLE_TABLE_GRANTS                     |
| ROUTINES                              |
| SCHEMA_PRIVILEGES                     |
| SCHEMATA                              |
| SCHEMATA_EXTENSIONS                   |
| ST_GEOMETRY_COLUMNS                   |
| ST_SPATIAL_REFERENCE_SYSTEMS          |
| ST_UNITS_OF_MEASURE                   |
| STATISTICS                            |
| TABLE_CONSTRAINTS                     |
| TABLE_CONSTRAINTS_EXTENSIONS          |
| TABLE_PRIVILEGES                      |
| TABLES                                |
| TABLES_EXTENSIONS                     |
| TABLESPACES                           |
| TABLESPACES_EXTENSIONS                |
| TRIGGERS                              |
| USER_ATTRIBUTES                       |
| USER_PRIVILEGES                       |
| VIEW_ROUTINE_USAGE                    |
| VIEW_TABLE_USAGE                      |
| VIEWS                                 |
+---------------------------------------+
79 rows in set (0.00 sec)

mysql> desc views;
+----------------------+---------------------------------+------+-----+---------+-------+
| Field                | Type                            | Null | Key | Default | Extra |
+----------------------+---------------------------------+------+-----+---------+-------+
| TABLE_CATALOG        | varchar(64)                     | YES  |     | NULL    |       |
| TABLE_SCHEMA         | varchar(64)                     | YES  |     | NULL    |       |
| TABLE_NAME           | varchar(64)                     | YES  |     | NULL    |       |
| VIEW_DEFINITION      | longtext                        | YES  |     | NULL    |       |
| CHECK_OPTION         | enum('NONE','LOCAL','CASCADED') | YES  |     | NULL    |       |
| IS_UPDATABLE         | enum('NO','YES')                | YES  |     | NULL    |       |
| DEFINER              | varchar(288)                    | YES  |     | NULL    |       |
| SECURITY_TYPE        | varchar(7)                      | YES  |     | NULL    |       |
| CHARACTER_SET_CLIENT | varchar(64)                     | NO   |     | NULL    |       |
| COLLATION_CONNECTION | varchar(64)                     | NO   |     | NULL    |       |
+----------------------+---------------------------------+------+-----+---------+-------+
10 rows in set (0.00 sec)

mysql> select table_name,view_definition
    -> from views
    -> ;
+-----------------------------------------------+---------------------------------------------------------------------------------------------------------------------------------------------------------------------------------------------------------------------------------------------------------------------------------------------------------------------------------------------------------------------------------------------------------------------------------------------------------------------------------------------------------------------------------------------------------------------------------------------------------------------------------------------------------------------------------------------------------------------------------------------------------------------------------------------------------------------------------------------------------------------------------------------------------------------------------------------------------------------------------------------------------------------------------------------------------------------------------------------------------------------------------------------------------------------------------------------------------------------------------------------------------------------------------------------------------------------------------------------------------------------------------------------------------------------------------------------------------------------------------------------------------------------------------------------------------------------------------------------------------------------------------------------------------------------------------------------------------------------------------------------------------------------------------------------------------------------------------------------------------------------------------------------------------------------------------------------------------------------------------------------------------------------------------------------------------------------------------------------------------------------------------------------------------------------------------------------------------------------------------------------------------------------------------------------------------------------------------------------------------------------------------------------------------------------------------------------------------------------------------------------------------------------------------------------------------------------------------------------------------------------------------------------------------------------------------------------------------------------------------------------------------------------------------------------------------------------------------------------------------------------------------------------------------------------------------------------------------------------------------------------------------------------------------------------------------------------------------------------------------------------------------------------------------------------------------------------------------------------------------------------------------------------------------------------------------------------------+
| TABLE_NAME                                    | VIEW_DEFINITION                                                                                                                                                                                                                                                                                                                                                                                                                                                                                                                                                                                                                                                                                                                                                                                                                                                                                                                                                                                                                                                  |
+-----------------------------------------------+---------------------------------------------------------------------------------------------------------------------------------------------------------------------------------------------------------------------------------------------------------------------------------------------------------------------------------------------------------------------------------------------------------------------------------------------------------------------------------------------------------------------------------------------------------------------------------------------------------------------------------------------------------------------------------------------------------------------------------------------------------------------------------------------------------------------------------------------------------------------------------------------------------------------------------------------------------------------------------------------------------------------------------------------------------------------------------------------------------------------------------------------------------------------------------------------------------------------------------------------------------------------------------------------------------------------------------------------------------------------------------------------------------------------------------------------------------------------------------------------------------------------------------------------------------------------------------------------------------------------------------------------------------------------------------------------------------------------------------------------------------------------------------------------------------------------------------------------------------------------------------------------------------------------------------------------------------------------------------------------------------------------------------------------------------------------------------------------------------------------------------------------------------------------------------------------------------------------------------------------------------------------------------------------------------------------------------------------------------------------------------------------------------------------------------------------------------------------------------------------------------------------------------------------------------------------------------------------------------------------------------------------------------------------------------------------------------------------------------------------------------------------------------------------------------------------------------------------------------------------------------------------------------------------------------------------------------------------------------------------------------------------------------------------------------------------------------------------------------------------------------------------------------------------------------------------------------------------------------------------------------------------------------------------------------------------------+
| version                                       | select '2.1.1' AS `sys_version`,version() AS `mysql_version`                                                                                                                                                                                                                                                                                                                                                                                                                                                                                                                                                                                                                                                                                                                                                                                                                                                                                                                                                                                                     |
| innodb_buffer_stats_by_schema                 | select if((locate('.',`ibp`.`TABLE_NAME`) = 0),'InnoDB System',replace(substring_index(`ibp`.`TABLE_NAME`,'.',1),'`','')) AS `object_schema`,format_bytes(sum(if((`ibp`.`COMPRESSED_SIZE` = 0),16384,`ibp`.`COMPRESSED_SIZE`))) AS `allocated`,format_bytes(sum(`ibp`.`DATA_SIZE`)) AS `data`,count(`ibp`.`PAGE_NUMBER`) AS `pages`,count(if((`ibp`.`IS_HASHED` = 'YES'),1,NULL)) AS `pages_hashed`,count(if((`ibp`.`IS_OLD` = 'YES'),1,NULL)) AS `pages_old`,round((sum(`ibp`.`NUMBER_RECORDS`) / count(distinct `ibp`.`INDEX_NAME`)),0) AS `rows_cached` from `information_schema`.`INNODB_BUFFER_PAGE` `ibp` where (`ibp`.`TABLE_NAME` is not null) group by `object_schema` order by sum(if((`ibp`.`COMPRESSED_SIZE` = 0),16384,`ibp`.`COMPRESSED_SIZE`)) desc                                                                                                                                                                                                                                                                                               |
| x$innodb_buffer_stats_by_schema               | select if((locate('.',`ibp`.`TABLE_NAME`) = 0),'InnoDB System',replace(substring_index(`ibp`.`TABLE_NAME`,'.',1),'`','')) AS `object_schema`,sum(if((`ibp`.`COMPRESSED_SIZE` = 0),16384,`ibp`.`COMPRESSED_SIZE`)) AS `allocated`,sum(`ibp`.`DATA_SIZE`) AS `data`,count(`ibp`.`PAGE_NUMBER`) AS `pages`,count(if((`ibp`.`IS_HASHED` = 'YES'),1,NULL)) AS `pages_hashed`,count(if((`ibp`.`IS_OLD` = 'YES'),1,NULL)) AS `pages_old`,round(ifnull((sum(`ibp`.`NUMBER_RECORDS`) / nullif(count(distinct `ibp`.`INDEX_NAME`),0)),0),0) AS `rows_cached` from `information_schema`.`INNODB_BUFFER_PAGE` `ibp` where (`ibp`.`TABLE_NAME` is not null) group by `object_schema` order by sum(if((`ibp`.`COMPRESSED_SIZE` = 0),16384,`ibp`.`COMPRESSED_SIZE`)) desc                                                                                                                                                                                                                                                                                                       |
| innodb_buffer_stats_by_table                  | select if((locate('.',`ibp`.`TABLE_NAME`) = 0),'InnoDB System',replace(substring_index(`ibp`.`TABLE_NAME`,'.',1),'`','')) AS `object_schema`,replace(substring_index(`ibp`.`TABLE_NAME`,'.',-(1)),'`','') AS `object_name`,format_bytes(sum(if((`ibp`.`COMPRESSED_SIZE` = 0),16384,`ibp`.`COMPRESSED_SIZE`))) AS `allocated`,format_bytes(sum(`ibp`.`DATA_SIZE`)) AS `data`,count(`ibp`.`PAGE_NUMBER`) AS `pages`,count(if((`ibp`.`IS_HASHED` = 'YES'),1,NULL)) AS `pages_hashed`,count(if((`ibp`.`IS_OLD` = 'YES'),1,NULL)) AS `pages_old`,round((sum(`ibp`.`NUMBER_RECORDS`) / count(distinct `ibp`.`INDEX_NAME`)),0) AS `rows_cached` from `information_schema`.`INNODB_BUFFER_PAGE` `ibp` where (`ibp`.`TABLE_NAME` is not null) group by `object_schema`,`object_name` order by sum(if((`ibp`.`COMPRESSED_SIZE` = 0),16384,`ibp`.`COMPRESSED_SIZE`)) desc                                                                                                                                                                                                   |
| x$innodb_buffer_stats_by_table                | select if((locate('.',`ibp`.`TABLE_NAME`) = 0),'InnoDB System',replace(substring_index(`ibp`.`TABLE_NAME`,'.',1),'`','')) AS `object_schema`,replace(substring_index(`ibp`.`TABLE_NAME`,'.',-(1)),'`','') AS `object_name`,sum(if((`ibp`.`COMPRESSED_SIZE` = 0),16384,`ibp`.`COMPRESSED_SIZE`)) AS `allocated`,sum(`ibp`.`DATA_SIZE`) AS `data`,count(`ibp`.`PAGE_NUMBER`) AS `pages`,count(if((`ibp`.`IS_HASHED` = 'YES'),1,NULL)) AS `pages_hashed`,count(if((`ibp`.`IS_OLD` = 'YES'),1,NULL)) AS `pages_old`,round(ifnull((sum(`ibp`.`NUMBER_RECORDS`) / nullif(count(distinct `ibp`.`INDEX_NAME`),0)),0),0) AS `rows_cached` from `information_schema`.`INNODB_BUFFER_PAGE` `ibp` where (`ibp`.`TABLE_NAME` is not null) group by `object_schema`,`object_name` order by sum(if((`ibp`.`COMPRESSED_SIZE` = 0),16384,`ibp`.`COMPRESSED_SIZE`)) desc                                                                                                                                                                                                           |
| schema_object_overview                        | select `information_schema`.`routines`.`ROUTINE_SCHEMA` AS `db`,`information_schema`.`routines`.`ROUTINE_TYPE` AS `object_type`,count(0) AS `count` from `information_schema`.`ROUTINES` group by `information_schema`.`routines`.`ROUTINE_SCHEMA`,`information_schema`.`routines`.`ROUTINE_TYPE` union select `information_schema`.`tables`.`TABLE_SCHEMA` AS `TABLE_SCHEMA`,`information_schema`.`tables`.`TABLE_TYPE` AS `TABLE_TYPE`,count(0) AS `COUNT(*)` from `information_schema`.`TABLES` group by `information_schema`.`tables`.`TABLE_SCHEMA`,`information_schema`.`tables`.`TABLE_TYPE` union select `information_schema`.`statistics`.`TABLE_SCHEMA` AS `TABLE_SCHEMA`,concat('INDEX (',`information_schema`.`statistics`.`INDEX_TYPE`,')') AS `CONCAT('INDEX (', INDEX_TYPE, ')')`,count(0) AS `COUNT(*)` from `information_schema`.`STATISTICS` group by `information_schema`.`statistics`.`TABLE_SCHEMA`,`information_schema`.`statistics`.`INDEX_TYPE` union select `information_schema`.`triggers`.`TRIGGER_SCHEMA` AS `TRIGGER_SCHEMA`,'TRIGGER' AS `TRIGGER`,count(0) AS `COUNT(*)` from `information_schema`.`TRIGGERS` group by `information_schema`.`triggers`.`TRIGGER_SCHEMA` union select `information_schema`.`events`.`EVENT_SCHEMA` AS `EVENT_SCHEMA`,'EVENT' AS `EVENT`,count(0) AS `COUNT(*)` from `information_schema`.`EVENTS` group by `information_schema`.`events`.`EVENT_SCHEMA` order by `db`,`object_type` |
| schema_auto_increment_columns                 | select `information_schema`.`columns`.`TABLE_SCHEMA` AS `TABLE_SCHEMA`,`information_schema`.`columns`.`TABLE_NAME` AS `TABLE_NAME`,`information_schema`.`columns`.`COLUMN_NAME` AS `COLUMN_NAME`,`information_schema`.`columns`.`DATA_TYPE` AS `DATA_TYPE`,`information_schema`.`columns`.`COLUMN_TYPE` AS `COLUMN_TYPE`,(locate('unsigned',`information_schema`.`columns`.`COLUMN_TYPE`) = 0) AS `is_signed`,(locate('unsigned',`information_schema`.`columns`.`COLUMN_TYPE`) > 0) AS `is_unsigned`,((case `information_schema`.`columns`.`DATA_TYPE` when 'tinyint' then 255 when 'smallint' then 65535 when 'mediumint' then 16777215 when 'int' then 4294967295 when 'bigint' then 18446744073709551615 end) >> if((locate('unsigned',`information_schema`.`columns`.`COLUMN_TYPE`) > 0),0,1)) AS `max_value`,`information_schema`.`tables`.`AUTO_INCREMENT` AS `AUTO_INCREMENT`,(`information_schema`.`tables`.`AUTO_INCREMENT` / ((case `information_schema`.`columns`.`DATA_TYPE` when 'tinyint' then 255 when 'smallint' then 65535 when 'mediumint' then 16777215 when 'int' then 4294967295 when 'bigint' then 18446744073709551615 end) >> if((locate('unsigned',`information_schema`.`columns`.`COLUMN_TYPE`) > 0),0,1))) AS `auto_increment_ratio` from (`information_schema`.`COLUMNS` join `information_schema`.`TABLES` on(((`information_schema`.`columns`.`TABLE_SCHEMA` = `information_schema`.`tables`.`TABLE_SCHEMA`) and (`information_schema`.`columns`.`TABLE_NAME` = `information_schema`.`tables`.`TABLE_NAME`)))) where ((`information_schema`.`columns`.`TABLE_SCHEMA` not in ('mysql','sys','INFORMATION_SCHEMA','performance_schema')) and (`information_schema`.`tables`.`TABLE_TYPE` = 'BASE TABLE') and (`information_schema`.`columns`.`EXTRA` = 'auto_increment')) order by (`information_schema`.`tables`.`AUTO_INCREMENT` / ((case `information_schema`.`columns`.`DATA_TYPE` when 'tinyint' then 255 when 'smallint' then 65535 when 'mediumint' then 16777215 when 'int' then 4294967295 when 'bigint' then 18446744073709551615 end) >> if((locate('unsigned',`information_schema`.`columns`.`COLUMN_TYPE`) > 0),0,1))) desc,((case `information_schema`.`columns`.`DATA_TYPE` when 'tinyint' then 255 when 'smallint' then 65535 when 'mediumint' then 16777215 when 'int' then 4294967295 when 'bigint' then 18446744073709551615 end) >> if((locate('unsigned',`information_schema`.`columns`.`COLUMN_TYPE`) > 0),0,1)) |
| x$schema_flattened_keys                       | select `information_schema`.`statistics`.`TABLE_SCHEMA` AS `TABLE_SCHEMA`,`information_schema`.`statistics`.`TABLE_NAME` AS `TABLE_NAME`,`information_schema`.`statistics`.`INDEX_NAME` AS `INDEX_NAME`,max(`information_schema`.`statistics`.`NON_UNIQUE`) AS `non_unique`,max(if((`information_schema`.`statistics`.`SUB_PART` is null),0,1)) AS `subpart_exists`,group_concat(`information_schema`.`statistics`.`COLUMN_NAME` order by `information_schema`.`statistics`.`SEQ_IN_INDEX` ASC separator ',') AS `index_columns` from `information_schema`.`STATISTICS` where ((`information_schema`.`statistics`.`INDEX_TYPE` = 'BTREE') and (`information_schema`.`statistics`.`TABLE_SCHEMA` not in ('mysql','sys','INFORMATION_SCHEMA','PERFORMANCE_SCHEMA'))) group by `information_schema`.`statistics`.`TABLE_SCHEMA`,`information_schema`.`statistics`.`TABLE_NAME`,`information_schema`.`statistics`.`INDEX_NAME`                                                                                                                                       |
| schema_redundant_indexes                      | select `sys`.`redundant_keys`.`table_schema` AS `table_schema`,`sys`.`redundant_keys`.`table_name` AS `table_name`,`sys`.`redundant_keys`.`index_name` AS `redundant_index_name`,`sys`.`redundant_keys`.`index_columns` AS `redundant_index_columns`,`sys`.`redundant_keys`.`non_unique` AS `redundant_index_non_unique`,`sys`.`dominant_keys`.`index_name` AS `dominant_index_name`,`sys`.`dominant_keys`.`index_columns` AS `dominant_index_columns`,`sys`.`dominant_keys`.`non_unique` AS `dominant_index_non_unique`,if(((0 <> `sys`.`redundant_keys`.`subpart_exists`) or (0 <> `sys`.`dominant_keys`.`subpart_exists`)),1,0) AS `subpart_exists`,concat('ALTER TABLE `',`sys`.`redundant_keys`.`table_schema`,'`.`',`sys`.`redundant_keys`.`table_name`,'` DROP INDEX `',`sys`.`redundant_keys`.`index_name`,'`') AS `sql_drop_index` from (`sys`.`x$schema_flattened_keys` `redundant_keys` join `sys`.`x$schema_flattened_keys` `dominant_keys` on(((`sys`.`redundant_keys`.`table_schema` = `sys`.`dominant_keys`.`table_schema`) and (`sys`.`redundant_keys`.`table_name` = `sys`.`dominant_keys`.`table_name`)))) where ((`sys`.`redundant_keys`.`index_name` <> `sys`.`dominant_keys`.`index_name`) and (((`sys`.`redundant_keys`.`index_columns` = `sys`.`dominant_keys`.`index_columns`) and ((`sys`.`redundant_keys`.`non_unique` > `sys`.`dominant_keys`.`non_unique`) or ((`sys`.`redundant_keys`.`non_unique` = `sys`.`dominant_keys`.`non_unique`) and (if((`sys`.`redundant_keys`.`index_name` = 'PRIMARY'),'',`sys`.`redundant_keys`.`index_name`) > if((`sys`.`dominant_keys`.`index_name` = 'PRIMARY'),'',`sys`.`dominant_keys`.`index_name`))))) or ((locate(concat(`sys`.`redundant_keys`.`index_columns`,','),`sys`.`dominant_keys`.`index_columns`) = 1) and (`sys`.`redundant_keys`.`non_unique` = 1)) or ((locate(concat(`sys`.`dominant_keys`.`index_columns`,','),`sys`.`redundant_keys`.`index_columns`) = 1) and (`sys`.`dominant_keys`.`non_unique` = 0)))) |
| ps_check_lost_instrumentation                 | select `performance_schema`.`global_status`.`VARIABLE_NAME` AS `variable_name`,`performance_schema`.`global_status`.`VARIABLE_VALUE` AS `variable_value` from `performance_schema`.`global_status` where ((`performance_schema`.`global_status`.`VARIABLE_NAME` like 'perf%lost') and (`performance_schema`.`global_status`.`VARIABLE_VALUE` > 0))                                                                                                                                                                                                                                                                                                                                                                                                                                                                                                                                                                                                                                                                                                               |
| latest_file_io                                | select if((`information_schema`.`processlist`.`ID` is null),concat(substring_index(`performance_schema`.`threads`.`NAME`,'/',-(1)),':',`performance_schema`.`events_waits_history_long`.`THREAD_ID`),convert(concat(`information_schema`.`processlist`.`USER`,'@',`information_schema`.`processlist`.`HOST`,':',`information_schema`.`processlist`.`ID`) using utf8mb4)) AS `thread`,`sys`.`format_path`(`performance_schema`.`events_waits_history_long`.`OBJECT_NAME`) AS `file`,format_pico_time(`performance_schema`.`events_waits_history_long`.`TIMER_WAIT`) AS `latency`,`performance_schema`.`events_waits_history_long`.`OPERATION` AS `operation`,format_bytes(`performance_schema`.`events_waits_history_long`.`NUMBER_OF_BYTES`) AS `requested` from ((`performance_schema`.`events_waits_history_long` join `performance_schema`.`threads` on((`performance_schema`.`events_waits_history_long`.`THREAD_ID` = `performance_schema`.`threads`.`THREAD_ID`))) left join `information_schema`.`PROCESSLIST` on((`performance_schema`.`threads`.`PROCESSLIST_ID` = `information_schema`.`processlist`.`ID`))) where ((`performance_schema`.`events_waits_history_long`.`OBJECT_NAME` is not null) and (`performance_schema`.`events_waits_history_long`.`EVENT_NAME` like 'wait/io/file/%')) order by `performance_schema`.`events_waits_history_long`.`TIMER_START` |
| x$latest_file_io                              | select if((`information_schema`.`processlist`.`ID` is null),concat(substring_index(`performance_schema`.`threads`.`NAME`,'/',-(1)),':',`performance_schema`.`events_waits_history_long`.`THREAD_ID`),convert(concat(`information_schema`.`processlist`.`USER`,'@',`information_schema`.`processlist`.`HOST`,':',`information_schema`.`processlist`.`ID`) using utf8mb4)) AS `thread`,`performance_schema`.`events_waits_history_long`.`OBJECT_NAME` AS `file`,`performance_schema`.`events_waits_history_long`.`TIMER_WAIT` AS `latency`,`performance_schema`.`events_waits_history_long`.`OPERATION` AS `operation`,`performance_schema`.`events_waits_history_long`.`NUMBER_OF_BYTES` AS `requested` from ((`performance_schema`.`events_waits_history_long` join `performance_schema`.`threads` on((`performance_schema`.`events_waits_history_long`.`THREAD_ID` = `performance_schema`.`threads`.`THREAD_ID`))) left join `information_schema`.`PROCESSLIST` on((`performance_schema`.`threads`.`PROCESSLIST_ID` = `information_schema`.`processlist`.`ID`))) where ((`performance_schema`.`events_waits_history_long`.`OBJECT_NAME` is not null) and (`performance_schema`.`events_waits_history_long`.`EVENT_NAME` like 'wait/io/file/%')) order by `performance_schema`.`events_waits_history_long`.`TIMER_START` |
| io_by_thread_by_latency                       | select if((`performance_schema`.`threads`.`PROCESSLIST_ID` is null),substring_index(`performance_schema`.`threads`.`NAME`,'/',-(1)),concat(`performance_schema`.`threads`.`PROCESSLIST_USER`,'@',convert(`performance_schema`.`threads`.`PROCESSLIST_HOST` using utf8mb4))) AS `user`,sum(`performance_schema`.`events_waits_summary_by_thread_by_event_name`.`COUNT_STAR`) AS `total`,format_pico_time(sum(`performance_schema`.`events_waits_summary_by_thread_by_event_name`.`SUM_TIMER_WAIT`)) AS `total_latency`,format_pico_time(min(`performance_schema`.`events_waits_summary_by_thread_by_event_name`.`MIN_TIMER_WAIT`)) AS `min_latency`,format_pico_time(avg(`performance_schema`.`events_waits_summary_by_thread_by_event_name`.`AVG_TIMER_WAIT`)) AS `avg_latency`,format_pico_time(max(`performance_schema`.`events_waits_summary_by_thread_by_event_name`.`MAX_TIMER_WAIT`)) AS `max_latency`,`performance_schema`.`events_waits_summary_by_thread_by_event_name`.`THREAD_ID` AS `thread_id`,`performance_schema`.`threads`.`PROCESSLIST_ID` AS `processlist_id` from (`performance_schema`.`events_waits_summary_by_thread_by_event_name` left join `performance_schema`.`threads` on((`performance_schema`.`events_waits_summary_by_thread_by_event_name`.`THREAD_ID` = `performance_schema`.`threads`.`THREAD_ID`))) where ((`performance_schema`.`events_waits_summary_by_thread_by_event_name`.`EVENT_NAME` like 'wait/io/file/%') and (`performance_schema`.`events_waits_summary_by_thread_by_event_name`.`SUM_TIMER_WAIT` > 0)) group by `performance_schema`.`events_waits_summary_by_thread_by_event_name`.`THREAD_ID`,`performance_schema`.`threads`.`PROCESSLIST_ID`,`user` order by sum(`performance_schema`.`events_waits_summary_by_thread_by_event_name`.`SUM_TIMER_WAIT`) desc |
| x$io_by_thread_by_latency                     | select if((`performance_schema`.`threads`.`PROCESSLIST_ID` is null),substring_index(`performance_schema`.`threads`.`NAME`,'/',-(1)),concat(`performance_schema`.`threads`.`PROCESSLIST_USER`,'@',convert(`performance_schema`.`threads`.`PROCESSLIST_HOST` using utf8mb4))) AS `user`,sum(`performance_schema`.`events_waits_summary_by_thread_by_event_name`.`COUNT_STAR`) AS `total`,sum(`performance_schema`.`events_waits_summary_by_thread_by_event_name`.`SUM_TIMER_WAIT`) AS `total_latency`,min(`performance_schema`.`events_waits_summary_by_thread_by_event_name`.`MIN_TIMER_WAIT`) AS `min_latency`,avg(`performance_schema`.`events_waits_summary_by_thread_by_event_name`.`AVG_TIMER_WAIT`) AS `avg_latency`,max(`performance_schema`.`events_waits_summary_by_thread_by_event_name`.`MAX_TIMER_WAIT`) AS `max_latency`,`performance_schema`.`events_waits_summary_by_thread_by_event_name`.`THREAD_ID` AS `thread_id`,`performance_schema`.`threads`.`PROCESSLIST_ID` AS `processlist_id` from (`performance_schema`.`events_waits_summary_by_thread_by_event_name` left join `performance_schema`.`threads` on((`performance_schema`.`events_waits_summary_by_thread_by_event_name`.`THREAD_ID` = `performance_schema`.`threads`.`THREAD_ID`))) where ((`performance_schema`.`events_waits_summary_by_thread_by_event_name`.`EVENT_NAME` like 'wait/io/file/%') and (`performance_schema`.`events_waits_summary_by_thread_by_event_name`.`SUM_TIMER_WAIT` > 0)) group by `performance_schema`.`events_waits_summary_by_thread_by_event_name`.`THREAD_ID`,`performance_schema`.`threads`.`PROCESSLIST_ID`,`user` order by sum(`performance_schema`.`events_waits_summary_by_thread_by_event_name`.`SUM_TIMER_WAIT`) desc |
| io_global_by_file_by_bytes                    | select `sys`.`format_path`(`performance_schema`.`file_summary_by_instance`.`FILE_NAME`) AS `file`,`performance_schema`.`file_summary_by_instance`.`COUNT_READ` AS `count_read`,format_bytes(`performance_schema`.`file_summary_by_instance`.`SUM_NUMBER_OF_BYTES_READ`) AS `total_read`,format_bytes(ifnull((`performance_schema`.`file_summary_by_instance`.`SUM_NUMBER_OF_BYTES_READ` / nullif(`performance_schema`.`file_summary_by_instance`.`COUNT_READ`,0)),0)) AS `avg_read`,`performance_schema`.`file_summary_by_instance`.`COUNT_WRITE` AS `count_write`,format_bytes(`performance_schema`.`file_summary_by_instance`.`SUM_NUMBER_OF_BYTES_WRITE`) AS `total_written`,format_bytes(ifnull((`performance_schema`.`file_summary_by_instance`.`SUM_NUMBER_OF_BYTES_WRITE` / nullif(`performance_schema`.`file_summary_by_instance`.`COUNT_WRITE`,0)),0.00)) AS `avg_write`,format_bytes((`performance_schema`.`file_summary_by_instance`.`SUM_NUMBER_OF_BYTES_READ` + `performance_schema`.`file_summary_by_instance`.`SUM_NUMBER_OF_BYTES_WRITE`)) AS `total`,ifnull(round((100 - ((`performance_schema`.`file_summary_by_instance`.`SUM_NUMBER_OF_BYTES_READ` / nullif((`performance_schema`.`file_summary_by_instance`.`SUM_NUMBER_OF_BYTES_READ` + `performance_schema`.`file_summary_by_instance`.`SUM_NUMBER_OF_BYTES_WRITE`),0)) * 100)),2),0.00) AS `write_pct` from `performance_schema`.`file_summary_by_instance` order by (`performance_schema`.`file_summary_by_instance`.`SUM_NUMBER_OF_BYTES_READ` + `performance_schema`.`file_summary_by_instance`.`SUM_NUMBER_OF_BYTES_WRITE`) desc |
| x$io_global_by_file_by_bytes                  | select `performance_schema`.`file_summary_by_instance`.`FILE_NAME` AS `file`,`performance_schema`.`file_summary_by_instance`.`COUNT_READ` AS `count_read`,`performance_schema`.`file_summary_by_instance`.`SUM_NUMBER_OF_BYTES_READ` AS `total_read`,ifnull((`performance_schema`.`file_summary_by_instance`.`SUM_NUMBER_OF_BYTES_READ` / nullif(`performance_schema`.`file_summary_by_instance`.`COUNT_READ`,0)),0) AS `avg_read`,`performance_schema`.`file_summary_by_instance`.`COUNT_WRITE` AS `count_write`,`performance_schema`.`file_summary_by_instance`.`SUM_NUMBER_OF_BYTES_WRITE` AS `total_written`,ifnull((`performance_schema`.`file_summary_by_instance`.`SUM_NUMBER_OF_BYTES_WRITE` / nullif(`performance_schema`.`file_summary_by_instance`.`COUNT_WRITE`,0)),0.00) AS `avg_write`,(`performance_schema`.`file_summary_by_instance`.`SUM_NUMBER_OF_BYTES_READ` + `performance_schema`.`file_summary_by_instance`.`SUM_NUMBER_OF_BYTES_WRITE`) AS `total`,ifnull(round((100 - ((`performance_schema`.`file_summary_by_instance`.`SUM_NUMBER_OF_BYTES_READ` / nullif((`performance_schema`.`file_summary_by_instance`.`SUM_NUMBER_OF_BYTES_READ` + `performance_schema`.`file_summary_by_instance`.`SUM_NUMBER_OF_BYTES_WRITE`),0)) * 100)),2),0.00) AS `write_pct` from `performance_schema`.`file_summary_by_instance` order by (`performance_schema`.`file_summary_by_instance`.`SUM_NUMBER_OF_BYTES_READ` + `performance_schema`.`file_summary_by_instance`.`SUM_NUMBER_OF_BYTES_WRITE`) desc |
| io_global_by_file_by_latency                  | select `sys`.`format_path`(`performance_schema`.`file_summary_by_instance`.`FILE_NAME`) AS `file`,`performance_schema`.`file_summary_by_instance`.`COUNT_STAR` AS `total`,format_pico_time(`performance_schema`.`file_summary_by_instance`.`SUM_TIMER_WAIT`) AS `total_latency`,`performance_schema`.`file_summary_by_instance`.`COUNT_READ` AS `count_read`,format_pico_time(`performance_schema`.`file_summary_by_instance`.`SUM_TIMER_READ`) AS `read_latency`,`performance_schema`.`file_summary_by_instance`.`COUNT_WRITE` AS `count_write`,format_pico_time(`performance_schema`.`file_summary_by_instance`.`SUM_TIMER_WRITE`) AS `write_latency`,`performance_schema`.`file_summary_by_instance`.`COUNT_MISC` AS `count_misc`,format_pico_time(`performance_schema`.`file_summary_by_instance`.`SUM_TIMER_MISC`) AS `misc_latency` from `performance_schema`.`file_summary_by_instance` order by `performance_schema`.`file_summary_by_instance`.`SUM_TIMER_WAIT` desc                                                                                    |
| x$io_global_by_file_by_latency                | select `performance_schema`.`file_summary_by_instance`.`FILE_NAME` AS `file`,`performance_schema`.`file_summary_by_instance`.`COUNT_STAR` AS `total`,`performance_schema`.`file_summary_by_instance`.`SUM_TIMER_WAIT` AS `total_latency`,`performance_schema`.`file_summary_by_instance`.`COUNT_READ` AS `count_read`,`performance_schema`.`file_summary_by_instance`.`SUM_TIMER_READ` AS `read_latency`,`performance_schema`.`file_summary_by_instance`.`COUNT_WRITE` AS `count_write`,`performance_schema`.`file_summary_by_instance`.`SUM_TIMER_WRITE` AS `write_latency`,`performance_schema`.`file_summary_by_instance`.`COUNT_MISC` AS `count_misc`,`performance_schema`.`file_summary_by_instance`.`SUM_TIMER_MISC` AS `misc_latency` from `performance_schema`.`file_summary_by_instance` order by `performance_schema`.`file_summary_by_instance`.`SUM_TIMER_WAIT` desc                                                                                                                                                                                 |
| io_global_by_wait_by_bytes                    | select substring_index(`performance_schema`.`file_summary_by_event_name`.`EVENT_NAME`,'/',-(2)) AS `event_name`,`performance_schema`.`file_summary_by_event_name`.`COUNT_STAR` AS `total`,format_pico_time(`performance_schema`.`file_summary_by_event_name`.`SUM_TIMER_WAIT`) AS `total_latency`,format_pico_time(`performance_schema`.`file_summary_by_event_name`.`MIN_TIMER_WAIT`) AS `min_latency`,format_pico_time(`performance_schema`.`file_summary_by_event_name`.`AVG_TIMER_WAIT`) AS `avg_latency`,format_pico_time(`performance_schema`.`file_summary_by_event_name`.`MAX_TIMER_WAIT`) AS `max_latency`,`performance_schema`.`file_summary_by_event_name`.`COUNT_READ` AS `count_read`,format_bytes(`performance_schema`.`file_summary_by_event_name`.`SUM_NUMBER_OF_BYTES_READ`) AS `total_read`,format_bytes(ifnull((`performance_schema`.`file_summary_by_event_name`.`SUM_NUMBER_OF_BYTES_READ` / nullif(`performance_schema`.`file_summary_by_event_name`.`COUNT_READ`,0)),0)) AS `avg_read`,`performance_schema`.`file_summary_by_event_name`.`COUNT_WRITE` AS `count_write`,format_bytes(`performance_schema`.`file_summary_by_event_name`.`SUM_NUMBER_OF_BYTES_WRITE`) AS `total_written`,format_bytes(ifnull((`performance_schema`.`file_summary_by_event_name`.`SUM_NUMBER_OF_BYTES_WRITE` / nullif(`performance_schema`.`file_summary_by_event_name`.`COUNT_WRITE`,0)),0)) AS `avg_written`,format_bytes((`performance_schema`.`file_summary_by_event_name`.`SUM_NUMBER_OF_BYTES_WRITE` + `performance_schema`.`file_summary_by_event_name`.`SUM_NUMBER_OF_BYTES_READ`)) AS `total_requested` from `performance_schema`.`file_summary_by_event_name` where ((`performance_schema`.`file_summary_by_event_name`.`EVENT_NAME` like 'wait/io/file/%') and (`performance_schema`.`file_summary_by_event_name`.`COUNT_STAR` > 0)) order by (`performance_schema`.`file_summary_by_event_name`.`SUM_NUMBER_OF_BYTES_WRITE` + `performance_schema`.`file_summary_by_event_name`.`SUM_NUMBER_OF_BYTES_READ`) desc |
| x$io_global_by_wait_by_bytes                  | select substring_index(`performance_schema`.`file_summary_by_event_name`.`EVENT_NAME`,'/',-(2)) AS `event_name`,`performance_schema`.`file_summary_by_event_name`.`COUNT_STAR` AS `total`,`performance_schema`.`file_summary_by_event_name`.`SUM_TIMER_WAIT` AS `total_latency`,`performance_schema`.`file_summary_by_event_name`.`MIN_TIMER_WAIT` AS `min_latency`,`performance_schema`.`file_summary_by_event_name`.`AVG_TIMER_WAIT` AS `avg_latency`,`performance_schema`.`file_summary_by_event_name`.`MAX_TIMER_WAIT` AS `max_latency`,`performance_schema`.`file_summary_by_event_name`.`COUNT_READ` AS `count_read`,`performance_schema`.`file_summary_by_event_name`.`SUM_NUMBER_OF_BYTES_READ` AS `total_read`,ifnull((`performance_schema`.`file_summary_by_event_name`.`SUM_NUMBER_OF_BYTES_READ` / nullif(`performance_schema`.`file_summary_by_event_name`.`COUNT_READ`,0)),0) AS `avg_read`,`performance_schema`.`file_summary_by_event_name`.`COUNT_WRITE` AS `count_write`,`performance_schema`.`file_summary_by_event_name`.`SUM_NUMBER_OF_BYTES_WRITE` AS `total_written`,ifnull((`performance_schema`.`file_summary_by_event_name`.`SUM_NUMBER_OF_BYTES_WRITE` / nullif(`performance_schema`.`file_summary_by_event_name`.`COUNT_WRITE`,0)),0) AS `avg_written`,(`performance_schema`.`file_summary_by_event_name`.`SUM_NUMBER_OF_BYTES_WRITE` + `performance_schema`.`file_summary_by_event_name`.`SUM_NUMBER_OF_BYTES_READ`) AS `total_requested` from `performance_schema`.`file_summary_by_event_name` where ((`performance_schema`.`file_summary_by_event_name`.`EVENT_NAME` like 'wait/io/file/%') and (`performance_schema`.`file_summary_by_event_name`.`COUNT_STAR` > 0)) order by (`performance_schema`.`file_summary_by_event_name`.`SUM_NUMBER_OF_BYTES_WRITE` + `performance_schema`.`file_summary_by_event_name`.`SUM_NUMBER_OF_BYTES_READ`) desc |
| io_global_by_wait_by_latency                  | select substring_index(`performance_schema`.`file_summary_by_event_name`.`EVENT_NAME`,'/',-(2)) AS `event_name`,`performance_schema`.`file_summary_by_event_name`.`COUNT_STAR` AS `total`,format_pico_time(`performance_schema`.`file_summary_by_event_name`.`SUM_TIMER_WAIT`) AS `total_latency`,format_pico_time(`performance_schema`.`file_summary_by_event_name`.`AVG_TIMER_WAIT`) AS `avg_latency`,format_pico_time(`performance_schema`.`file_summary_by_event_name`.`MAX_TIMER_WAIT`) AS `max_latency`,format_pico_time(`performance_schema`.`file_summary_by_event_name`.`SUM_TIMER_READ`) AS `read_latency`,format_pico_time(`performance_schema`.`file_summary_by_event_name`.`SUM_TIMER_WRITE`) AS `write_latency`,format_pico_time(`performance_schema`.`file_summary_by_event_name`.`SUM_TIMER_MISC`) AS `misc_latency`,`performance_schema`.`file_summary_by_event_name`.`COUNT_READ` AS `count_read`,format_bytes(`performance_schema`.`file_summary_by_event_name`.`SUM_NUMBER_OF_BYTES_READ`) AS `total_read`,format_bytes(ifnull((`performance_schema`.`file_summary_by_event_name`.`SUM_NUMBER_OF_BYTES_READ` / nullif(`performance_schema`.`file_summary_by_event_name`.`COUNT_READ`,0)),0)) AS `avg_read`,`performance_schema`.`file_summary_by_event_name`.`COUNT_WRITE` AS `count_write`,format_bytes(`performance_schema`.`file_summary_by_event_name`.`SUM_NUMBER_OF_BYTES_WRITE`) AS `total_written`,format_bytes(ifnull((`performance_schema`.`file_summary_by_event_name`.`SUM_NUMBER_OF_BYTES_WRITE` / nullif(`performance_schema`.`file_summary_by_event_name`.`COUNT_WRITE`,0)),0)) AS `avg_written` from `performance_schema`.`file_summary_by_event_name` where ((`performance_schema`.`file_summary_by_event_name`.`EVENT_NAME` like 'wait/io/file/%') and (`performance_schema`.`file_summary_by_event_name`.`COUNT_STAR` > 0)) order by `performance_schema`.`file_summary_by_event_name`.`SUM_TIMER_WAIT` desc |
| x$io_global_by_wait_by_latency                | select substring_index(`performance_schema`.`file_summary_by_event_name`.`EVENT_NAME`,'/',-(2)) AS `event_name`,`performance_schema`.`file_summary_by_event_name`.`COUNT_STAR` AS `total`,`performance_schema`.`file_summary_by_event_name`.`SUM_TIMER_WAIT` AS `total_latency`,`performance_schema`.`file_summary_by_event_name`.`AVG_TIMER_WAIT` AS `avg_latency`,`performance_schema`.`file_summary_by_event_name`.`MAX_TIMER_WAIT` AS `max_latency`,`performance_schema`.`file_summary_by_event_name`.`SUM_TIMER_READ` AS `read_latency`,`performance_schema`.`file_summary_by_event_name`.`SUM_TIMER_WRITE` AS `write_latency`,`performance_schema`.`file_summary_by_event_name`.`SUM_TIMER_MISC` AS `misc_latency`,`performance_schema`.`file_summary_by_event_name`.`COUNT_READ` AS `count_read`,`performance_schema`.`file_summary_by_event_name`.`SUM_NUMBER_OF_BYTES_READ` AS `total_read`,ifnull((`performance_schema`.`file_summary_by_event_name`.`SUM_NUMBER_OF_BYTES_READ` / nullif(`performance_schema`.`file_summary_by_event_name`.`COUNT_READ`,0)),0) AS `avg_read`,`performance_schema`.`file_summary_by_event_name`.`COUNT_WRITE` AS `count_write`,`performance_schema`.`file_summary_by_event_name`.`SUM_NUMBER_OF_BYTES_WRITE` AS `total_written`,ifnull((`performance_schema`.`file_summary_by_event_name`.`SUM_NUMBER_OF_BYTES_WRITE` / nullif(`performance_schema`.`file_summary_by_event_name`.`COUNT_WRITE`,0)),0) AS `avg_written` from `performance_schema`.`file_summary_by_event_name` where ((`performance_schema`.`file_summary_by_event_name`.`EVENT_NAME` like 'wait/io/file/%') and (`performance_schema`.`file_summary_by_event_name`.`COUNT_STAR` > 0)) order by `performance_schema`.`file_summary_by_event_name`.`SUM_TIMER_WAIT` desc |
| innodb_lock_waits                             | select `r`.`trx_wait_started` AS `wait_started`,timediff(now(),`r`.`trx_wait_started`) AS `wait_age`,timestampdiff(SECOND,`r`.`trx_wait_started`,now()) AS `wait_age_secs`,concat(`sys`.`quote_identifier`(`rl`.`OBJECT_SCHEMA`),'.',`sys`.`quote_identifier`(`rl`.`OBJECT_NAME`)) AS `locked_table`,`rl`.`OBJECT_SCHEMA` AS `locked_table_schema`,`rl`.`OBJECT_NAME` AS `locked_table_name`,`rl`.`PARTITION_NAME` AS `locked_table_partition`,`rl`.`SUBPARTITION_NAME` AS `locked_table_subpartition`,`rl`.`INDEX_NAME` AS `locked_index`,`rl`.`LOCK_TYPE` AS `locked_type`,`r`.`trx_id` AS `waiting_trx_id`,`r`.`trx_started` AS `waiting_trx_started`,timediff(now(),`r`.`trx_started`) AS `waiting_trx_age`,`r`.`trx_rows_locked` AS `waiting_trx_rows_locked`,`r`.`trx_rows_modified` AS `waiting_trx_rows_modified`,`r`.`trx_mysql_thread_id` AS `waiting_pid`,`sys`.`format_statement`(`r`.`trx_query`) AS `waiting_query`,`rl`.`ENGINE_LOCK_ID` AS `waiting_lock_id`,`rl`.`LOCK_MODE` AS `waiting_lock_mode`,`b`.`trx_id` AS `blocking_trx_id`,`b`.`trx_mysql_thread_id` AS `blocking_pid`,`sys`.`format_statement`(`b`.`trx_query`) AS `blocking_query`,`bl`.`ENGINE_LOCK_ID` AS `blocking_lock_id`,`bl`.`LOCK_MODE` AS `blocking_lock_mode`,`b`.`trx_started` AS `blocking_trx_started`,timediff(now(),`b`.`trx_started`) AS `blocking_trx_age`,`b`.`trx_rows_locked` AS `blocking_trx_rows_locked`,`b`.`trx_rows_modified` AS `blocking_trx_rows_modified`,concat('KILL QUERY ',`b`.`trx_mysql_thread_id`) AS `sql_kill_blocking_query`,concat('KILL ',`b`.`trx_mysql_thread_id`) AS `sql_kill_blocking_connection` from ((((`performance_schema`.`data_lock_waits` `w` join `information_schema`.`INNODB_TRX` `b` on((`b`.`trx_id` = cast(`w`.`BLOCKING_ENGINE_TRANSACTION_ID` as char charset utf8mb4)))) join `information_schema`.`INNODB_TRX` `r` on((`r`.`trx_id` = cast(`w`.`REQUESTING_ENGINE_TRANSACTION_ID` as char charset utf8mb4)))) join `performance_schema`.`data_locks` `bl` on((`bl`.`ENGINE_LOCK_ID` = `w`.`BLOCKING_ENGINE_LOCK_ID`))) join `performance_schema`.`data_locks` `rl` on((`rl`.`ENGINE_LOCK_ID` = `w`.`REQUESTING_ENGINE_LOCK_ID`))) order by `r`.`trx_wait_started` |
| x$innodb_lock_waits                           | select `r`.`trx_wait_started` AS `wait_started`,timediff(now(),`r`.`trx_wait_started`) AS `wait_age`,timestampdiff(SECOND,`r`.`trx_wait_started`,now()) AS `wait_age_secs`,concat(`sys`.`quote_identifier`(`rl`.`OBJECT_SCHEMA`),'.',`sys`.`quote_identifier`(`rl`.`OBJECT_NAME`)) AS `locked_table`,`rl`.`OBJECT_SCHEMA` AS `locked_table_schema`,`rl`.`OBJECT_NAME` AS `locked_table_name`,`rl`.`PARTITION_NAME` AS `locked_table_partition`,`rl`.`SUBPARTITION_NAME` AS `locked_table_subpartition`,`rl`.`INDEX_NAME` AS `locked_index`,`rl`.`LOCK_TYPE` AS `locked_type`,`r`.`trx_id` AS `waiting_trx_id`,`r`.`trx_started` AS `waiting_trx_started`,timediff(now(),`r`.`trx_started`) AS `waiting_trx_age`,`r`.`trx_rows_locked` AS `waiting_trx_rows_locked`,`r`.`trx_rows_modified` AS `waiting_trx_rows_modified`,`r`.`trx_mysql_thread_id` AS `waiting_pid`,`r`.`trx_query` AS `waiting_query`,`rl`.`ENGINE_LOCK_ID` AS `waiting_lock_id`,`rl`.`LOCK_MODE` AS `waiting_lock_mode`,`b`.`trx_id` AS `blocking_trx_id`,`b`.`trx_mysql_thread_id` AS `blocking_pid`,`b`.`trx_query` AS `blocking_query`,`bl`.`ENGINE_LOCK_ID` AS `blocking_lock_id`,`bl`.`LOCK_MODE` AS `blocking_lock_mode`,`b`.`trx_started` AS `blocking_trx_started`,timediff(now(),`b`.`trx_started`) AS `blocking_trx_age`,`b`.`trx_rows_locked` AS `blocking_trx_rows_locked`,`b`.`trx_rows_modified` AS `blocking_trx_rows_modified`,concat('KILL QUERY ',`b`.`trx_mysql_thread_id`) AS `sql_kill_blocking_query`,concat('KILL ',`b`.`trx_mysql_thread_id`) AS `sql_kill_blocking_connection` from ((((`performance_schema`.`data_lock_waits` `w` join `information_schema`.`INNODB_TRX` `b` on((`b`.`trx_id` = cast(`w`.`BLOCKING_ENGINE_TRANSACTION_ID` as char charset utf8mb4)))) join `information_schema`.`INNODB_TRX` `r` on((`r`.`trx_id` = cast(`w`.`REQUESTING_ENGINE_TRANSACTION_ID` as char charset utf8mb4)))) join `performance_schema`.`data_locks` `bl` on((`bl`.`ENGINE_LOCK_ID` = `w`.`BLOCKING_ENGINE_LOCK_ID`))) join `performance_schema`.`data_locks` `rl` on((`rl`.`ENGINE_LOCK_ID` = `w`.`REQUESTING_ENGINE_LOCK_ID`))) order by `r`.`trx_wait_started` |
| memory_by_user_by_current_bytes               | select if((`performance_schema`.`memory_summary_by_user_by_event_name`.`USER` is null),'background',`performance_schema`.`memory_summary_by_user_by_event_name`.`USER`) AS `user`,sum(`performance_schema`.`memory_summary_by_user_by_event_name`.`CURRENT_COUNT_USED`) AS `current_count_used`,format_bytes(sum(`performance_schema`.`memory_summary_by_user_by_event_name`.`CURRENT_NUMBER_OF_BYTES_USED`)) AS `current_allocated`,format_bytes(ifnull((sum(`performance_schema`.`memory_summary_by_user_by_event_name`.`CURRENT_NUMBER_OF_BYTES_USED`) / nullif(sum(`performance_schema`.`memory_summary_by_user_by_event_name`.`CURRENT_COUNT_USED`),0)),0)) AS `current_avg_alloc`,format_bytes(max(`performance_schema`.`memory_summary_by_user_by_event_name`.`CURRENT_NUMBER_OF_BYTES_USED`)) AS `current_max_alloc`,format_bytes(sum(`performance_schema`.`memory_summary_by_user_by_event_name`.`SUM_NUMBER_OF_BYTES_ALLOC`)) AS `total_allocated` from `performance_schema`.`memory_summary_by_user_by_event_name` group by if((`performance_schema`.`memory_summary_by_user_by_event_name`.`USER` is null),'background',`performance_schema`.`memory_summary_by_user_by_event_name`.`USER`) order by sum(`performance_schema`.`memory_summary_by_user_by_event_name`.`CURRENT_NUMBER_OF_BYTES_USED`) desc |
| x$memory_by_user_by_current_bytes             | select if((`performance_schema`.`memory_summary_by_user_by_event_name`.`USER` is null),'background',`performance_schema`.`memory_summary_by_user_by_event_name`.`USER`) AS `user`,sum(`performance_schema`.`memory_summary_by_user_by_event_name`.`CURRENT_COUNT_USED`) AS `current_count_used`,sum(`performance_schema`.`memory_summary_by_user_by_event_name`.`CURRENT_NUMBER_OF_BYTES_USED`) AS `current_allocated`,ifnull((sum(`performance_schema`.`memory_summary_by_user_by_event_name`.`CURRENT_NUMBER_OF_BYTES_USED`) / nullif(sum(`performance_schema`.`memory_summary_by_user_by_event_name`.`CURRENT_COUNT_USED`),0)),0) AS `current_avg_alloc`,max(`performance_schema`.`memory_summary_by_user_by_event_name`.`CURRENT_NUMBER_OF_BYTES_USED`) AS `current_max_alloc`,sum(`performance_schema`.`memory_summary_by_user_by_event_name`.`SUM_NUMBER_OF_BYTES_ALLOC`) AS `total_allocated` from `performance_schema`.`memory_summary_by_user_by_event_name` group by if((`performance_schema`.`memory_summary_by_user_by_event_name`.`USER` is null),'background',`performance_schema`.`memory_summary_by_user_by_event_name`.`USER`) order by sum(`performance_schema`.`memory_summary_by_user_by_event_name`.`CURRENT_NUMBER_OF_BYTES_USED`) desc |
| memory_by_host_by_current_bytes               | select if((`performance_schema`.`memory_summary_by_host_by_event_name`.`HOST` is null),'background',`performance_schema`.`memory_summary_by_host_by_event_name`.`HOST`) AS `host`,sum(`performance_schema`.`memory_summary_by_host_by_event_name`.`CURRENT_COUNT_USED`) AS `current_count_used`,format_bytes(sum(`performance_schema`.`memory_summary_by_host_by_event_name`.`CURRENT_NUMBER_OF_BYTES_USED`)) AS `current_allocated`,format_bytes(ifnull((sum(`performance_schema`.`memory_summary_by_host_by_event_name`.`CURRENT_NUMBER_OF_BYTES_USED`) / nullif(sum(`performance_schema`.`memory_summary_by_host_by_event_name`.`CURRENT_COUNT_USED`),0)),0)) AS `current_avg_alloc`,format_bytes(max(`performance_schema`.`memory_summary_by_host_by_event_name`.`CURRENT_NUMBER_OF_BYTES_USED`)) AS `current_max_alloc`,format_bytes(sum(`performance_schema`.`memory_summary_by_host_by_event_name`.`SUM_NUMBER_OF_BYTES_ALLOC`)) AS `total_allocated` from `performance_schema`.`memory_summary_by_host_by_event_name` group by if((`performance_schema`.`memory_summary_by_host_by_event_name`.`HOST` is null),'background',`performance_schema`.`memory_summary_by_host_by_event_name`.`HOST`) order by sum(`performance_schema`.`memory_summary_by_host_by_event_name`.`CURRENT_NUMBER_OF_BYTES_USED`) desc |
| x$memory_by_host_by_current_bytes             | select if((`performance_schema`.`memory_summary_by_host_by_event_name`.`HOST` is null),'background',`performance_schema`.`memory_summary_by_host_by_event_name`.`HOST`) AS `host`,sum(`performance_schema`.`memory_summary_by_host_by_event_name`.`CURRENT_COUNT_USED`) AS `current_count_used`,sum(`performance_schema`.`memory_summary_by_host_by_event_name`.`CURRENT_NUMBER_OF_BYTES_USED`) AS `current_allocated`,ifnull((sum(`performance_schema`.`memory_summary_by_host_by_event_name`.`CURRENT_NUMBER_OF_BYTES_USED`) / nullif(sum(`performance_schema`.`memory_summary_by_host_by_event_name`.`CURRENT_COUNT_USED`),0)),0) AS `current_avg_alloc`,max(`performance_schema`.`memory_summary_by_host_by_event_name`.`CURRENT_NUMBER_OF_BYTES_USED`) AS `current_max_alloc`,sum(`performance_schema`.`memory_summary_by_host_by_event_name`.`SUM_NUMBER_OF_BYTES_ALLOC`) AS `total_allocated` from `performance_schema`.`memory_summary_by_host_by_event_name` group by if((`performance_schema`.`memory_summary_by_host_by_event_name`.`HOST` is null),'background',`performance_schema`.`memory_summary_by_host_by_event_name`.`HOST`) order by sum(`performance_schema`.`memory_summary_by_host_by_event_name`.`CURRENT_NUMBER_OF_BYTES_USED`) desc |
| memory_by_thread_by_current_bytes             | select `mt`.`THREAD_ID` AS `thread_id`,if((`t`.`NAME` = 'thread/sql/one_connection'),concat(`t`.`PROCESSLIST_USER`,'@',convert(`t`.`PROCESSLIST_HOST` using utf8mb4)),replace(`t`.`NAME`,'thread/','')) AS `user`,sum(`mt`.`CURRENT_COUNT_USED`) AS `current_count_used`,format_bytes(sum(`mt`.`CURRENT_NUMBER_OF_BYTES_USED`)) AS `current_allocated`,format_bytes(ifnull((sum(`mt`.`CURRENT_NUMBER_OF_BYTES_USED`) / nullif(sum(`mt`.`CURRENT_COUNT_USED`),0)),0)) AS `current_avg_alloc`,format_bytes(max(`mt`.`CURRENT_NUMBER_OF_BYTES_USED`)) AS `current_max_alloc`,format_bytes(sum(`mt`.`SUM_NUMBER_OF_BYTES_ALLOC`)) AS `total_allocated` from (`performance_schema`.`memory_summary_by_thread_by_event_name` `mt` join `performance_schema`.`threads` `t` on((`mt`.`THREAD_ID` = `t`.`THREAD_ID`))) group by `mt`.`THREAD_ID`,if((`t`.`NAME` = 'thread/sql/one_connection'),concat(`t`.`PROCESSLIST_USER`,'@',convert(`t`.`PROCESSLIST_HOST` using utf8mb4)),replace(`t`.`NAME`,'thread/','')) order by sum(`mt`.`CURRENT_NUMBER_OF_BYTES_USED`) desc  |
| x$memory_by_thread_by_current_bytes           | select `t`.`THREAD_ID` AS `thread_id`,if((`t`.`NAME` = 'thread/sql/one_connection'),concat(`t`.`PROCESSLIST_USER`,'@',convert(`t`.`PROCESSLIST_HOST` using utf8mb4)),replace(`t`.`NAME`,'thread/','')) AS `user`,sum(`mt`.`CURRENT_COUNT_USED`) AS `current_count_used`,sum(`mt`.`CURRENT_NUMBER_OF_BYTES_USED`) AS `current_allocated`,ifnull((sum(`mt`.`CURRENT_NUMBER_OF_BYTES_USED`) / nullif(sum(`mt`.`CURRENT_COUNT_USED`),0)),0) AS `current_avg_alloc`,max(`mt`.`CURRENT_NUMBER_OF_BYTES_USED`) AS `current_max_alloc`,sum(`mt`.`SUM_NUMBER_OF_BYTES_ALLOC`) AS `total_allocated` from (`performance_schema`.`memory_summary_by_thread_by_event_name` `mt` join `performance_schema`.`threads` `t` on((`mt`.`THREAD_ID` = `t`.`THREAD_ID`))) group by `t`.`THREAD_ID`,if((`t`.`NAME` = 'thread/sql/one_connection'),concat(`t`.`PROCESSLIST_USER`,'@',convert(`t`.`PROCESSLIST_HOST` using utf8mb4)),replace(`t`.`NAME`,'thread/','')) order by sum(`mt`.`CURRENT_NUMBER_OF_BYTES_USED`) desc                                                            |
| memory_global_by_current_bytes                | select `performance_schema`.`memory_summary_global_by_event_name`.`EVENT_NAME` AS `event_name`,`performance_schema`.`memory_summary_global_by_event_name`.`CURRENT_COUNT_USED` AS `current_count`,format_bytes(`performance_schema`.`memory_summary_global_by_event_name`.`CURRENT_NUMBER_OF_BYTES_USED`) AS `current_alloc`,format_bytes(ifnull((`performance_schema`.`memory_summary_global_by_event_name`.`CURRENT_NUMBER_OF_BYTES_USED` / nullif(`performance_schema`.`memory_summary_global_by_event_name`.`CURRENT_COUNT_USED`,0)),0)) AS `current_avg_alloc`,`performance_schema`.`memory_summary_global_by_event_name`.`HIGH_COUNT_USED` AS `high_count`,format_bytes(`performance_schema`.`memory_summary_global_by_event_name`.`HIGH_NUMBER_OF_BYTES_USED`) AS `high_alloc`,format_bytes(ifnull((`performance_schema`.`memory_summary_global_by_event_name`.`HIGH_NUMBER_OF_BYTES_USED` / nullif(`performance_schema`.`memory_summary_global_by_event_name`.`HIGH_COUNT_USED`,0)),0)) AS `high_avg_alloc` from `performance_schema`.`memory_summary_global_by_event_name` where (`performance_schema`.`memory_summary_global_by_event_name`.`CURRENT_NUMBER_OF_BYTES_USED` > 0) order by `performance_schema`.`memory_summary_global_by_event_name`.`CURRENT_NUMBER_OF_BYTES_USED` desc |
| x$memory_global_by_current_bytes              | select `performance_schema`.`memory_summary_global_by_event_name`.`EVENT_NAME` AS `event_name`,`performance_schema`.`memory_summary_global_by_event_name`.`CURRENT_COUNT_USED` AS `current_count`,`performance_schema`.`memory_summary_global_by_event_name`.`CURRENT_NUMBER_OF_BYTES_USED` AS `current_alloc`,ifnull((`performance_schema`.`memory_summary_global_by_event_name`.`CURRENT_NUMBER_OF_BYTES_USED` / nullif(`performance_schema`.`memory_summary_global_by_event_name`.`CURRENT_COUNT_USED`,0)),0) AS `current_avg_alloc`,`performance_schema`.`memory_summary_global_by_event_name`.`HIGH_COUNT_USED` AS `high_count`,`performance_schema`.`memory_summary_global_by_event_name`.`HIGH_NUMBER_OF_BYTES_USED` AS `high_alloc`,ifnull((`performance_schema`.`memory_summary_global_by_event_name`.`HIGH_NUMBER_OF_BYTES_USED` / nullif(`performance_schema`.`memory_summary_global_by_event_name`.`HIGH_COUNT_USED`,0)),0) AS `high_avg_alloc` from `performance_schema`.`memory_summary_global_by_event_name` where (`performance_schema`.`memory_summary_global_by_event_name`.`CURRENT_NUMBER_OF_BYTES_USED` > 0) order by `performance_schema`.`memory_summary_global_by_event_name`.`CURRENT_NUMBER_OF_BYTES_USED` desc |
| memory_global_total                           | select format_bytes(sum(`performance_schema`.`memory_summary_global_by_event_name`.`CURRENT_NUMBER_OF_BYTES_USED`)) AS `total_allocated` from `performance_schema`.`memory_summary_global_by_event_name`                                                                                                                                                                                                                                                                                                                                                                                                                                                                                                                                                                                                                                                                                                                                                                                                                                                         |
| x$memory_global_total                         | select sum(`performance_schema`.`memory_summary_global_by_event_name`.`CURRENT_NUMBER_OF_BYTES_USED`) AS `total_allocated` from `performance_schema`.`memory_summary_global_by_event_name`                                                                                                                                                                                                                                                                                                                                                                                                                                                                                                                                                                                                                                                                                                                                                                                                                                                                       |
| schema_index_statistics                       | select `performance_schema`.`table_io_waits_summary_by_index_usage`.`OBJECT_SCHEMA` AS `table_schema`,`performance_schema`.`table_io_waits_summary_by_index_usage`.`OBJECT_NAME` AS `table_name`,`performance_schema`.`table_io_waits_summary_by_index_usage`.`INDEX_NAME` AS `index_name`,`performance_schema`.`table_io_waits_summary_by_index_usage`.`COUNT_FETCH` AS `rows_selected`,format_pico_time(`performance_schema`.`table_io_waits_summary_by_index_usage`.`SUM_TIMER_FETCH`) AS `select_latency`,`performance_schema`.`table_io_waits_summary_by_index_usage`.`COUNT_INSERT` AS `rows_inserted`,format_pico_time(`performance_schema`.`table_io_waits_summary_by_index_usage`.`SUM_TIMER_INSERT`) AS `insert_latency`,`performance_schema`.`table_io_waits_summary_by_index_usage`.`COUNT_UPDATE` AS `rows_updated`,format_pico_time(`performance_schema`.`table_io_waits_summary_by_index_usage`.`SUM_TIMER_UPDATE`) AS `update_latency`,`performance_schema`.`table_io_waits_summary_by_index_usage`.`COUNT_DELETE` AS `rows_deleted`,format_pico_time(`performance_schema`.`table_io_waits_summary_by_index_usage`.`SUM_TIMER_DELETE`) AS `delete_latency` from `performance_schema`.`table_io_waits_summary_by_index_usage` where (`performance_schema`.`table_io_waits_summary_by_index_usage`.`INDEX_NAME` is not null) order by `performance_schema`.`table_io_waits_summary_by_index_usage`.`SUM_TIMER_WAIT` desc |
| x$schema_index_statistics                     | select `performance_schema`.`table_io_waits_summary_by_index_usage`.`OBJECT_SCHEMA` AS `table_schema`,`performance_schema`.`table_io_waits_summary_by_index_usage`.`OBJECT_NAME` AS `table_name`,`performance_schema`.`table_io_waits_summary_by_index_usage`.`INDEX_NAME` AS `index_name`,`performance_schema`.`table_io_waits_summary_by_index_usage`.`COUNT_FETCH` AS `rows_selected`,`performance_schema`.`table_io_waits_summary_by_index_usage`.`SUM_TIMER_FETCH` AS `select_latency`,`performance_schema`.`table_io_waits_summary_by_index_usage`.`COUNT_INSERT` AS `rows_inserted`,`performance_schema`.`table_io_waits_summary_by_index_usage`.`SUM_TIMER_INSERT` AS `insert_latency`,`performance_schema`.`table_io_waits_summary_by_index_usage`.`COUNT_UPDATE` AS `rows_updated`,`performance_schema`.`table_io_waits_summary_by_index_usage`.`SUM_TIMER_UPDATE` AS `update_latency`,`performance_schema`.`table_io_waits_summary_by_index_usage`.`COUNT_DELETE` AS `rows_deleted`,`performance_schema`.`table_io_waits_summary_by_index_usage`.`SUM_TIMER_DELETE` AS `delete_latency` from `performance_schema`.`table_io_waits_summary_by_index_usage` where (`performance_schema`.`table_io_waits_summary_by_index_usage`.`INDEX_NAME` is not null) order by `performance_schema`.`table_io_waits_summary_by_index_usage`.`SUM_TIMER_WAIT` desc |
| x$ps_schema_table_statistics_io               | select `extract_schema_from_file_name`(`performance_schema`.`file_summary_by_instance`.`FILE_NAME`) AS `table_schema`,`extract_table_from_file_name`(`performance_schema`.`file_summary_by_instance`.`FILE_NAME`) AS `table_name`,sum(`performance_schema`.`file_summary_by_instance`.`COUNT_READ`) AS `count_read`,sum(`performance_schema`.`file_summary_by_instance`.`SUM_NUMBER_OF_BYTES_READ`) AS `sum_number_of_bytes_read`,sum(`performance_schema`.`file_summary_by_instance`.`SUM_TIMER_READ`) AS `sum_timer_read`,sum(`performance_schema`.`file_summary_by_instance`.`COUNT_WRITE`) AS `count_write`,sum(`performance_schema`.`file_summary_by_instance`.`SUM_NUMBER_OF_BYTES_WRITE`) AS `sum_number_of_bytes_write`,sum(`performance_schema`.`file_summary_by_instance`.`SUM_TIMER_WRITE`) AS `sum_timer_write`,sum(`performance_schema`.`file_summary_by_instance`.`COUNT_MISC`) AS `count_misc`,sum(`performance_schema`.`file_summary_by_instance`.`SUM_TIMER_MISC`) AS `sum_timer_misc` from `performance_schema`.`file_summary_by_instance` group by `table_schema`,`table_name` |
| schema_table_statistics                       | select `pst`.`OBJECT_SCHEMA` AS `table_schema`,`pst`.`OBJECT_NAME` AS `table_name`,format_pico_time(`pst`.`SUM_TIMER_WAIT`) AS `total_latency`,`pst`.`COUNT_FETCH` AS `rows_fetched`,format_pico_time(`pst`.`SUM_TIMER_FETCH`) AS `fetch_latency`,`pst`.`COUNT_INSERT` AS `rows_inserted`,format_pico_time(`pst`.`SUM_TIMER_INSERT`) AS `insert_latency`,`pst`.`COUNT_UPDATE` AS `rows_updated`,format_pico_time(`pst`.`SUM_TIMER_UPDATE`) AS `update_latency`,`pst`.`COUNT_DELETE` AS `rows_deleted`,format_pico_time(`pst`.`SUM_TIMER_DELETE`) AS `delete_latency`,`sys`.`fsbi`.`count_read` AS `io_read_requests`,format_bytes(`sys`.`fsbi`.`sum_number_of_bytes_read`) AS `io_read`,format_pico_time(`sys`.`fsbi`.`sum_timer_read`) AS `io_read_latency`,`sys`.`fsbi`.`count_write` AS `io_write_requests`,format_bytes(`sys`.`fsbi`.`sum_number_of_bytes_write`) AS `io_write`,format_pico_time(`sys`.`fsbi`.`sum_timer_write`) AS `io_write_latency`,`sys`.`fsbi`.`count_misc` AS `io_misc_requests`,format_pico_time(`sys`.`fsbi`.`sum_timer_misc`) AS `io_misc_latency` from (`performance_schema`.`table_io_waits_summary_by_table` `pst` left join `sys`.`x$ps_schema_table_statistics_io` `fsbi` on(((`pst`.`OBJECT_SCHEMA` = `sys`.`fsbi`.`table_schema`) and (`pst`.`OBJECT_NAME` = `sys`.`fsbi`.`table_name`)))) order by `pst`.`SUM_TIMER_WAIT` desc |
| x$schema_table_statistics                     | select `pst`.`OBJECT_SCHEMA` AS `table_schema`,`pst`.`OBJECT_NAME` AS `table_name`,`pst`.`SUM_TIMER_WAIT` AS `total_latency`,`pst`.`COUNT_FETCH` AS `rows_fetched`,`pst`.`SUM_TIMER_FETCH` AS `fetch_latency`,`pst`.`COUNT_INSERT` AS `rows_inserted`,`pst`.`SUM_TIMER_INSERT` AS `insert_latency`,`pst`.`COUNT_UPDATE` AS `rows_updated`,`pst`.`SUM_TIMER_UPDATE` AS `update_latency`,`pst`.`COUNT_DELETE` AS `rows_deleted`,`pst`.`SUM_TIMER_DELETE` AS `delete_latency`,`sys`.`fsbi`.`count_read` AS `io_read_requests`,`sys`.`fsbi`.`sum_number_of_bytes_read` AS `io_read`,`sys`.`fsbi`.`sum_timer_read` AS `io_read_latency`,`sys`.`fsbi`.`count_write` AS `io_write_requests`,`sys`.`fsbi`.`sum_number_of_bytes_write` AS `io_write`,`sys`.`fsbi`.`sum_timer_write` AS `io_write_latency`,`sys`.`fsbi`.`count_misc` AS `io_misc_requests`,`sys`.`fsbi`.`sum_timer_misc` AS `io_misc_latency` from (`performance_schema`.`table_io_waits_summary_by_table` `pst` left join `sys`.`x$ps_schema_table_statistics_io` `fsbi` on(((`pst`.`OBJECT_SCHEMA` = `sys`.`fsbi`.`table_schema`) and (`pst`.`OBJECT_NAME` = `sys`.`fsbi`.`table_name`)))) order by `pst`.`SUM_TIMER_WAIT` desc |
| schema_table_statistics_with_buffer           | select `pst`.`OBJECT_SCHEMA` AS `table_schema`,`pst`.`OBJECT_NAME` AS `table_name`,`pst`.`COUNT_FETCH` AS `rows_fetched`,format_pico_time(`pst`.`SUM_TIMER_FETCH`) AS `fetch_latency`,`pst`.`COUNT_INSERT` AS `rows_inserted`,format_pico_time(`pst`.`SUM_TIMER_INSERT`) AS `insert_latency`,`pst`.`COUNT_UPDATE` AS `rows_updated`,format_pico_time(`pst`.`SUM_TIMER_UPDATE`) AS `update_latency`,`pst`.`COUNT_DELETE` AS `rows_deleted`,format_pico_time(`pst`.`SUM_TIMER_DELETE`) AS `delete_latency`,`sys`.`fsbi`.`count_read` AS `io_read_requests`,format_bytes(`sys`.`fsbi`.`sum_number_of_bytes_read`) AS `io_read`,format_pico_time(`sys`.`fsbi`.`sum_timer_read`) AS `io_read_latency`,`sys`.`fsbi`.`count_write` AS `io_write_requests`,format_bytes(`sys`.`fsbi`.`sum_number_of_bytes_write`) AS `io_write`,format_pico_time(`sys`.`fsbi`.`sum_timer_write`) AS `io_write_latency`,`sys`.`fsbi`.`count_misc` AS `io_misc_requests`,format_pico_time(`sys`.`fsbi`.`sum_timer_misc`) AS `io_misc_latency`,format_bytes(`sys`.`ibp`.`allocated`) AS `innodb_buffer_allocated`,format_bytes(`sys`.`ibp`.`data`) AS `innodb_buffer_data`,format_bytes((`sys`.`ibp`.`allocated` - `sys`.`ibp`.`data`)) AS `innodb_buffer_free`,`sys`.`ibp`.`pages` AS `innodb_buffer_pages`,`sys`.`ibp`.`pages_hashed` AS `innodb_buffer_pages_hashed`,`sys`.`ibp`.`pages_old` AS `innodb_buffer_pages_old`,`sys`.`ibp`.`rows_cached` AS `innodb_buffer_rows_cached` from ((`performance_schema`.`table_io_waits_summary_by_table` `pst` left join `sys`.`x$ps_schema_table_statistics_io` `fsbi` on(((`pst`.`OBJECT_SCHEMA` = `sys`.`fsbi`.`table_schema`) and (`pst`.`OBJECT_NAME` = `sys`.`fsbi`.`table_name`)))) left join `sys`.`x$innodb_buffer_stats_by_table` `ibp` on(((`pst`.`OBJECT_SCHEMA` = convert(`sys`.`ibp`.`object_schema` using utf8mb4)) and (`pst`.`OBJECT_NAME` = convert(`sys`.`ibp`.`object_name` using utf8mb4))))) order by `pst`.`SUM_TIMER_WAIT` desc |
| x$schema_table_statistics_with_buffer         | select `pst`.`OBJECT_SCHEMA` AS `table_schema`,`pst`.`OBJECT_NAME` AS `table_name`,`pst`.`COUNT_FETCH` AS `rows_fetched`,`pst`.`SUM_TIMER_FETCH` AS `fetch_latency`,`pst`.`COUNT_INSERT` AS `rows_inserted`,`pst`.`SUM_TIMER_INSERT` AS `insert_latency`,`pst`.`COUNT_UPDATE` AS `rows_updated`,`pst`.`SUM_TIMER_UPDATE` AS `update_latency`,`pst`.`COUNT_DELETE` AS `rows_deleted`,`pst`.`SUM_TIMER_DELETE` AS `delete_latency`,`sys`.`fsbi`.`count_read` AS `io_read_requests`,`sys`.`fsbi`.`sum_number_of_bytes_read` AS `io_read`,`sys`.`fsbi`.`sum_timer_read` AS `io_read_latency`,`sys`.`fsbi`.`count_write` AS `io_write_requests`,`sys`.`fsbi`.`sum_number_of_bytes_write` AS `io_write`,`sys`.`fsbi`.`sum_timer_write` AS `io_write_latency`,`sys`.`fsbi`.`count_misc` AS `io_misc_requests`,`sys`.`fsbi`.`sum_timer_misc` AS `io_misc_latency`,`sys`.`ibp`.`allocated` AS `innodb_buffer_allocated`,`sys`.`ibp`.`data` AS `innodb_buffer_data`,(`sys`.`ibp`.`allocated` - `sys`.`ibp`.`data`) AS `innodb_buffer_free`,`sys`.`ibp`.`pages` AS `innodb_buffer_pages`,`sys`.`ibp`.`pages_hashed` AS `innodb_buffer_pages_hashed`,`sys`.`ibp`.`pages_old` AS `innodb_buffer_pages_old`,`sys`.`ibp`.`rows_cached` AS `innodb_buffer_rows_cached` from ((`performance_schema`.`table_io_waits_summary_by_table` `pst` left join `sys`.`x$ps_schema_table_statistics_io` `fsbi` on(((`pst`.`OBJECT_SCHEMA` = `sys`.`fsbi`.`table_schema`) and (`pst`.`OBJECT_NAME` = `sys`.`fsbi`.`table_name`)))) left join `sys`.`x$innodb_buffer_stats_by_table` `ibp` on(((`pst`.`OBJECT_SCHEMA` = convert(`sys`.`ibp`.`object_schema` using utf8mb4)) and (`pst`.`OBJECT_NAME` = convert(`sys`.`ibp`.`object_name` using utf8mb4))))) order by `pst`.`SUM_TIMER_WAIT` desc |
| schema_tables_with_full_table_scans           | select `performance_schema`.`table_io_waits_summary_by_index_usage`.`OBJECT_SCHEMA` AS `object_schema`,`performance_schema`.`table_io_waits_summary_by_index_usage`.`OBJECT_NAME` AS `object_name`,`performance_schema`.`table_io_waits_summary_by_index_usage`.`COUNT_READ` AS `rows_full_scanned`,format_pico_time(`performance_schema`.`table_io_waits_summary_by_index_usage`.`SUM_TIMER_WAIT`) AS `latency` from `performance_schema`.`table_io_waits_summary_by_index_usage` where ((`performance_schema`.`table_io_waits_summary_by_index_usage`.`INDEX_NAME` is null) and (`performance_schema`.`table_io_waits_summary_by_index_usage`.`COUNT_READ` > 0)) order by `performance_schema`.`table_io_waits_summary_by_index_usage`.`COUNT_READ` desc                                                                                                                                                                                                                                                                                                       |
| x$schema_tables_with_full_table_scans         | select `performance_schema`.`table_io_waits_summary_by_index_usage`.`OBJECT_SCHEMA` AS `object_schema`,`performance_schema`.`table_io_waits_summary_by_index_usage`.`OBJECT_NAME` AS `object_name`,`performance_schema`.`table_io_waits_summary_by_index_usage`.`COUNT_READ` AS `rows_full_scanned`,`performance_schema`.`table_io_waits_summary_by_index_usage`.`SUM_TIMER_WAIT` AS `latency` from `performance_schema`.`table_io_waits_summary_by_index_usage` where ((`performance_schema`.`table_io_waits_summary_by_index_usage`.`INDEX_NAME` is null) and (`performance_schema`.`table_io_waits_summary_by_index_usage`.`COUNT_READ` > 0)) order by `performance_schema`.`table_io_waits_summary_by_index_usage`.`COUNT_READ` desc                                                                                                                                                                                                                                                                                                                         |
| schema_unused_indexes                         | select `t`.`OBJECT_SCHEMA` AS `object_schema`,`t`.`OBJECT_NAME` AS `object_name`,`t`.`INDEX_NAME` AS `index_name` from (`performance_schema`.`table_io_waits_summary_by_index_usage` `t` join `information_schema`.`STATISTICS` `s` on(((convert(`t`.`OBJECT_SCHEMA` using utf8) = `information_schema`.`s`.`TABLE_SCHEMA`) and (convert(`t`.`OBJECT_NAME` using utf8) = `information_schema`.`s`.`TABLE_NAME`) and (convert(`t`.`INDEX_NAME` using utf8) = `information_schema`.`s`.`INDEX_NAME`)))) where ((`t`.`INDEX_NAME` is not null) and (`t`.`COUNT_STAR` = 0) and (`t`.`OBJECT_SCHEMA` <> 'mysql') and (`t`.`INDEX_NAME` <> 'PRIMARY') and (`information_schema`.`s`.`NON_UNIQUE` = 1) and (`information_schema`.`s`.`SEQ_IN_INDEX` = 1)) order by `t`.`OBJECT_SCHEMA`,`t`.`OBJECT_NAME`                                                                                                                                                                                                                                                                |
| schema_table_lock_waits                       | select `g`.`OBJECT_SCHEMA` AS `object_schema`,`g`.`OBJECT_NAME` AS `object_name`,`pt`.`THREAD_ID` AS `waiting_thread_id`,`pt`.`PROCESSLIST_ID` AS `waiting_pid`,`sys`.`ps_thread_account`(`p`.`OWNER_THREAD_ID`) AS `waiting_account`,`p`.`LOCK_TYPE` AS `waiting_lock_type`,`p`.`LOCK_DURATION` AS `waiting_lock_duration`,`sys`.`format_statement`(`pt`.`PROCESSLIST_INFO`) AS `waiting_query`,`pt`.`PROCESSLIST_TIME` AS `waiting_query_secs`,`ps`.`ROWS_AFFECTED` AS `waiting_query_rows_affected`,`ps`.`ROWS_EXAMINED` AS `waiting_query_rows_examined`,`gt`.`THREAD_ID` AS `blocking_thread_id`,`gt`.`PROCESSLIST_ID` AS `blocking_pid`,`sys`.`ps_thread_account`(`g`.`OWNER_THREAD_ID`) AS `blocking_account`,`g`.`LOCK_TYPE` AS `blocking_lock_type`,`g`.`LOCK_DURATION` AS `blocking_lock_duration`,concat('KILL QUERY ',`gt`.`PROCESSLIST_ID`) AS `sql_kill_blocking_query`,concat('KILL ',`gt`.`PROCESSLIST_ID`) AS `sql_kill_blocking_connection` from (((((`performance_schema`.`metadata_locks` `g` join `performance_schema`.`metadata_locks` `p` on(((`g`.`OBJECT_TYPE` = `p`.`OBJECT_TYPE`) and (`g`.`OBJECT_SCHEMA` = `p`.`OBJECT_SCHEMA`) and (`g`.`OBJECT_NAME` = `p`.`OBJECT_NAME`) and (`g`.`LOCK_STATUS` = 'GRANTED') and (`p`.`LOCK_STATUS` = 'PENDING')))) join `performance_schema`.`threads` `gt` on((`g`.`OWNER_THREAD_ID` = `gt`.`THREAD_ID`))) join `performance_schema`.`threads` `pt` on((`p`.`OWNER_THREAD_ID` = `pt`.`THREAD_ID`))) left join `performance_schema`.`events_statements_current` `gs` on((`g`.`OWNER_THREAD_ID` = `gs`.`THREAD_ID`))) left join `performance_schema`.`events_statements_current` `ps` on((`p`.`OWNER_THREAD_ID` = `ps`.`THREAD_ID`))) where (`g`.`OBJECT_TYPE` = 'TABLE') |
| x$schema_table_lock_waits                     | select `g`.`OBJECT_SCHEMA` AS `object_schema`,`g`.`OBJECT_NAME` AS `object_name`,`pt`.`THREAD_ID` AS `waiting_thread_id`,`pt`.`PROCESSLIST_ID` AS `waiting_pid`,`sys`.`ps_thread_account`(`p`.`OWNER_THREAD_ID`) AS `waiting_account`,`p`.`LOCK_TYPE` AS `waiting_lock_type`,`p`.`LOCK_DURATION` AS `waiting_lock_duration`,`pt`.`PROCESSLIST_INFO` AS `waiting_query`,`pt`.`PROCESSLIST_TIME` AS `waiting_query_secs`,`ps`.`ROWS_AFFECTED` AS `waiting_query_rows_affected`,`ps`.`ROWS_EXAMINED` AS `waiting_query_rows_examined`,`gt`.`THREAD_ID` AS `blocking_thread_id`,`gt`.`PROCESSLIST_ID` AS `blocking_pid`,`sys`.`ps_thread_account`(`g`.`OWNER_THREAD_ID`) AS `blocking_account`,`g`.`LOCK_TYPE` AS `blocking_lock_type`,`g`.`LOCK_DURATION` AS `blocking_lock_duration`,concat('KILL QUERY ',`gt`.`PROCESSLIST_ID`) AS `sql_kill_blocking_query`,concat('KILL ',`gt`.`PROCESSLIST_ID`) AS `sql_kill_blocking_connection` from (((((`performance_schema`.`metadata_locks` `g` join `performance_schema`.`metadata_locks` `p` on(((`g`.`OBJECT_TYPE` = `p`.`OBJECT_TYPE`) and (`g`.`OBJECT_SCHEMA` = `p`.`OBJECT_SCHEMA`) and (`g`.`OBJECT_NAME` = `p`.`OBJECT_NAME`) and (`g`.`LOCK_STATUS` = 'GRANTED') and (`p`.`LOCK_STATUS` = 'PENDING')))) join `performance_schema`.`threads` `gt` on((`g`.`OWNER_THREAD_ID` = `gt`.`THREAD_ID`))) join `performance_schema`.`threads` `pt` on((`p`.`OWNER_THREAD_ID` = `pt`.`THREAD_ID`))) left join `performance_schema`.`events_statements_current` `gs` on((`g`.`OWNER_THREAD_ID` = `gs`.`THREAD_ID`))) left join `performance_schema`.`events_statements_current` `ps` on((`p`.`OWNER_THREAD_ID` = `ps`.`THREAD_ID`))) where (`g`.`OBJECT_TYPE` = 'TABLE') |
| statement_analysis                            | select `sys`.`format_statement`(`performance_schema`.`events_statements_summary_by_digest`.`DIGEST_TEXT`) AS `query`,`performance_schema`.`events_statements_summary_by_digest`.`SCHEMA_NAME` AS `db`,if(((`performance_schema`.`events_statements_summary_by_digest`.`SUM_NO_GOOD_INDEX_USED` > 0) or (`performance_schema`.`events_statements_summary_by_digest`.`SUM_NO_INDEX_USED` > 0)),'*','') AS `full_scan`,`performance_schema`.`events_statements_summary_by_digest`.`COUNT_STAR` AS `exec_count`,`performance_schema`.`events_statements_summary_by_digest`.`SUM_ERRORS` AS `err_count`,`performance_schema`.`events_statements_summary_by_digest`.`SUM_WARNINGS` AS `warn_count`,format_pico_time(`performance_schema`.`events_statements_summary_by_digest`.`SUM_TIMER_WAIT`) AS `total_latency`,format_pico_time(`performance_schema`.`events_statements_summary_by_digest`.`MAX_TIMER_WAIT`) AS `max_latency`,format_pico_time(`performance_schema`.`events_statements_summary_by_digest`.`AVG_TIMER_WAIT`) AS `avg_latency`,format_pico_time(`performance_schema`.`events_statements_summary_by_digest`.`SUM_LOCK_TIME`) AS `lock_latency`,`performance_schema`.`events_statements_summary_by_digest`.`SUM_ROWS_SENT` AS `rows_sent`,round(ifnull((`performance_schema`.`events_statements_summary_by_digest`.`SUM_ROWS_SENT` / nullif(`performance_schema`.`events_statements_summary_by_digest`.`COUNT_STAR`,0)),0),0) AS `rows_sent_avg`,`performance_schema`.`events_statements_summary_by_digest`.`SUM_ROWS_EXAMINED` AS `rows_examined`,round(ifnull((`performance_schema`.`events_statements_summary_by_digest`.`SUM_ROWS_EXAMINED` / nullif(`performance_schema`.`events_statements_summary_by_digest`.`COUNT_STAR`,0)),0),0) AS `rows_examined_avg`,`performance_schema`.`events_statements_summary_by_digest`.`SUM_ROWS_AFFECTED` AS `rows_affected`,round(ifnull((`performance_schema`.`events_statements_summary_by_digest`.`SUM_ROWS_AFFECTED` / nullif(`performance_schema`.`events_statements_summary_by_digest`.`COUNT_STAR`,0)),0),0) AS `rows_affected_avg`,`performance_schema`.`events_statements_summary_by_digest`.`SUM_CREATED_TMP_TABLES` AS `tmp_tables`,`performance_schema`.`events_statements_summary_by_digest`.`SUM_CREATED_TMP_DISK_TABLES` AS `tmp_disk_tables`,`performance_schema`.`events_statements_summary_by_digest`.`SUM_SORT_ROWS` AS `rows_sorted`,`performance_schema`.`events_statements_summary_by_digest`.`SUM_SORT_MERGE_PASSES` AS `sort_merge_passes`,`performance_schema`.`events_statements_summary_by_digest`.`DIGEST` AS `digest`,`performance_schema`.`events_statements_summary_by_digest`.`FIRST_SEEN` AS `first_seen`,`performance_schema`.`events_statements_summary_by_digest`.`LAST_SEEN` AS `last_seen` from `performance_schema`.`events_statements_summary_by_digest` order by `performance_schema`.`events_statements_summary_by_digest`.`SUM_TIMER_WAIT` desc |
| x$statement_analysis                          | select `performance_schema`.`events_statements_summary_by_digest`.`DIGEST_TEXT` AS `query`,`performance_schema`.`events_statements_summary_by_digest`.`SCHEMA_NAME` AS `db`,if(((`performance_schema`.`events_statements_summary_by_digest`.`SUM_NO_GOOD_INDEX_USED` > 0) or (`performance_schema`.`events_statements_summary_by_digest`.`SUM_NO_INDEX_USED` > 0)),'*','') AS `full_scan`,`performance_schema`.`events_statements_summary_by_digest`.`COUNT_STAR` AS `exec_count`,`performance_schema`.`events_statements_summary_by_digest`.`SUM_ERRORS` AS `err_count`,`performance_schema`.`events_statements_summary_by_digest`.`SUM_WARNINGS` AS `warn_count`,`performance_schema`.`events_statements_summary_by_digest`.`SUM_TIMER_WAIT` AS `total_latency`,`performance_schema`.`events_statements_summary_by_digest`.`MAX_TIMER_WAIT` AS `max_latency`,`performance_schema`.`events_statements_summary_by_digest`.`AVG_TIMER_WAIT` AS `avg_latency`,`performance_schema`.`events_statements_summary_by_digest`.`SUM_LOCK_TIME` AS `lock_latency`,`performance_schema`.`events_statements_summary_by_digest`.`SUM_ROWS_SENT` AS `rows_sent`,round(ifnull((`performance_schema`.`events_statements_summary_by_digest`.`SUM_ROWS_SENT` / nullif(`performance_schema`.`events_statements_summary_by_digest`.`COUNT_STAR`,0)),0),0) AS `rows_sent_avg`,`performance_schema`.`events_statements_summary_by_digest`.`SUM_ROWS_EXAMINED` AS `rows_examined`,round(ifnull((`performance_schema`.`events_statements_summary_by_digest`.`SUM_ROWS_EXAMINED` / nullif(`performance_schema`.`events_statements_summary_by_digest`.`COUNT_STAR`,0)),0),0) AS `rows_examined_avg`,`performance_schema`.`events_statements_summary_by_digest`.`SUM_ROWS_AFFECTED` AS `rows_affected`,round(ifnull((`performance_schema`.`events_statements_summary_by_digest`.`SUM_ROWS_AFFECTED` / nullif(`performance_schema`.`events_statements_summary_by_digest`.`COUNT_STAR`,0)),0),0) AS `rows_affected_avg`,`performance_schema`.`events_statements_summary_by_digest`.`SUM_CREATED_TMP_TABLES` AS `tmp_tables`,`performance_schema`.`events_statements_summary_by_digest`.`SUM_CREATED_TMP_DISK_TABLES` AS `tmp_disk_tables`,`performance_schema`.`events_statements_summary_by_digest`.`SUM_SORT_ROWS` AS `rows_sorted`,`performance_schema`.`events_statements_summary_by_digest`.`SUM_SORT_MERGE_PASSES` AS `sort_merge_passes`,`performance_schema`.`events_statements_summary_by_digest`.`DIGEST` AS `digest`,`performance_schema`.`events_statements_summary_by_digest`.`FIRST_SEEN` AS `first_seen`,`performance_schema`.`events_statements_summary_by_digest`.`LAST_SEEN` AS `last_seen` from `performance_schema`.`events_statements_summary_by_digest` order by `performance_schema`.`events_statements_summary_by_digest`.`SUM_TIMER_WAIT` desc |
| statements_with_errors_or_warnings            | select `sys`.`format_statement`(`performance_schema`.`events_statements_summary_by_digest`.`DIGEST_TEXT`) AS `query`,`performance_schema`.`events_statements_summary_by_digest`.`SCHEMA_NAME` AS `db`,`performance_schema`.`events_statements_summary_by_digest`.`COUNT_STAR` AS `exec_count`,`performance_schema`.`events_statements_summary_by_digest`.`SUM_ERRORS` AS `errors`,(ifnull((`performance_schema`.`events_statements_summary_by_digest`.`SUM_ERRORS` / nullif(`performance_schema`.`events_statements_summary_by_digest`.`COUNT_STAR`,0)),0) * 100) AS `error_pct`,`performance_schema`.`events_statements_summary_by_digest`.`SUM_WARNINGS` AS `warnings`,(ifnull((`performance_schema`.`events_statements_summary_by_digest`.`SUM_WARNINGS` / nullif(`performance_schema`.`events_statements_summary_by_digest`.`COUNT_STAR`,0)),0) * 100) AS `warning_pct`,`performance_schema`.`events_statements_summary_by_digest`.`FIRST_SEEN` AS `first_seen`,`performance_schema`.`events_statements_summary_by_digest`.`LAST_SEEN` AS `last_seen`,`performance_schema`.`events_statements_summary_by_digest`.`DIGEST` AS `digest` from `performance_schema`.`events_statements_summary_by_digest` where ((`performance_schema`.`events_statements_summary_by_digest`.`SUM_ERRORS` > 0) or (`performance_schema`.`events_statements_summary_by_digest`.`SUM_WARNINGS` > 0)) order by `performance_schema`.`events_statements_summary_by_digest`.`SUM_ERRORS` desc,`performance_schema`.`events_statements_summary_by_digest`.`SUM_WARNINGS` desc |
| x$statements_with_errors_or_warnings          | select `performance_schema`.`events_statements_summary_by_digest`.`DIGEST_TEXT` AS `query`,`performance_schema`.`events_statements_summary_by_digest`.`SCHEMA_NAME` AS `db`,`performance_schema`.`events_statements_summary_by_digest`.`COUNT_STAR` AS `exec_count`,`performance_schema`.`events_statements_summary_by_digest`.`SUM_ERRORS` AS `errors`,(ifnull((`performance_schema`.`events_statements_summary_by_digest`.`SUM_ERRORS` / nullif(`performance_schema`.`events_statements_summary_by_digest`.`COUNT_STAR`,0)),0) * 100) AS `error_pct`,`performance_schema`.`events_statements_summary_by_digest`.`SUM_WARNINGS` AS `warnings`,(ifnull((`performance_schema`.`events_statements_summary_by_digest`.`SUM_WARNINGS` / nullif(`performance_schema`.`events_statements_summary_by_digest`.`COUNT_STAR`,0)),0) * 100) AS `warning_pct`,`performance_schema`.`events_statements_summary_by_digest`.`FIRST_SEEN` AS `first_seen`,`performance_schema`.`events_statements_summary_by_digest`.`LAST_SEEN` AS `last_seen`,`performance_schema`.`events_statements_summary_by_digest`.`DIGEST` AS `digest` from `performance_schema`.`events_statements_summary_by_digest` where ((`performance_schema`.`events_statements_summary_by_digest`.`SUM_ERRORS` > 0) or (`performance_schema`.`events_statements_summary_by_digest`.`SUM_WARNINGS` > 0)) order by `performance_schema`.`events_statements_summary_by_digest`.`SUM_ERRORS` desc,`performance_schema`.`events_statements_summary_by_digest`.`SUM_WARNINGS` desc |
| statements_with_full_table_scans              | select `sys`.`format_statement`(`performance_schema`.`events_statements_summary_by_digest`.`DIGEST_TEXT`) AS `query`,`performance_schema`.`events_statements_summary_by_digest`.`SCHEMA_NAME` AS `db`,`performance_schema`.`events_statements_summary_by_digest`.`COUNT_STAR` AS `exec_count`,format_pico_time(`performance_schema`.`events_statements_summary_by_digest`.`SUM_TIMER_WAIT`) AS `total_latency`,`performance_schema`.`events_statements_summary_by_digest`.`SUM_NO_INDEX_USED` AS `no_index_used_count`,`performance_schema`.`events_statements_summary_by_digest`.`SUM_NO_GOOD_INDEX_USED` AS `no_good_index_used_count`,round((ifnull((`performance_schema`.`events_statements_summary_by_digest`.`SUM_NO_INDEX_USED` / nullif(`performance_schema`.`events_statements_summary_by_digest`.`COUNT_STAR`,0)),0) * 100),0) AS `no_index_used_pct`,`performance_schema`.`events_statements_summary_by_digest`.`SUM_ROWS_SENT` AS `rows_sent`,`performance_schema`.`events_statements_summary_by_digest`.`SUM_ROWS_EXAMINED` AS `rows_examined`,round((`performance_schema`.`events_statements_summary_by_digest`.`SUM_ROWS_SENT` / `performance_schema`.`events_statements_summary_by_digest`.`COUNT_STAR`),0) AS `rows_sent_avg`,round((`performance_schema`.`events_statements_summary_by_digest`.`SUM_ROWS_EXAMINED` / `performance_schema`.`events_statements_summary_by_digest`.`COUNT_STAR`),0) AS `rows_examined_avg`,`performance_schema`.`events_statements_summary_by_digest`.`FIRST_SEEN` AS `first_seen`,`performance_schema`.`events_statements_summary_by_digest`.`LAST_SEEN` AS `last_seen`,`performance_schema`.`events_statements_summary_by_digest`.`DIGEST` AS `digest` from `performance_schema`.`events_statements_summary_by_digest` where (((`performance_schema`.`events_statements_summary_by_digest`.`SUM_NO_INDEX_USED` > 0) or (`performance_schema`.`events_statements_summary_by_digest`.`SUM_NO_GOOD_INDEX_USED` > 0)) and (not((`performance_schema`.`events_statements_summary_by_digest`.`DIGEST_TEXT` like 'SHOW%')))) order by round((ifnull((`performance_schema`.`events_statements_summary_by_digest`.`SUM_NO_INDEX_USED` / nullif(`performance_schema`.`events_statements_summary_by_digest`.`COUNT_STAR`,0)),0) * 100),0) desc,format_pico_time(`performance_schema`.`events_statements_summary_by_digest`.`SUM_TIMER_WAIT`) desc |
| x$statements_with_full_table_scans            | select `performance_schema`.`events_statements_summary_by_digest`.`DIGEST_TEXT` AS `query`,`performance_schema`.`events_statements_summary_by_digest`.`SCHEMA_NAME` AS `db`,`performance_schema`.`events_statements_summary_by_digest`.`COUNT_STAR` AS `exec_count`,`performance_schema`.`events_statements_summary_by_digest`.`SUM_TIMER_WAIT` AS `total_latency`,`performance_schema`.`events_statements_summary_by_digest`.`SUM_NO_INDEX_USED` AS `no_index_used_count`,`performance_schema`.`events_statements_summary_by_digest`.`SUM_NO_GOOD_INDEX_USED` AS `no_good_index_used_count`,round((ifnull((`performance_schema`.`events_statements_summary_by_digest`.`SUM_NO_INDEX_USED` / nullif(`performance_schema`.`events_statements_summary_by_digest`.`COUNT_STAR`,0)),0) * 100),0) AS `no_index_used_pct`,`performance_schema`.`events_statements_summary_by_digest`.`SUM_ROWS_SENT` AS `rows_sent`,`performance_schema`.`events_statements_summary_by_digest`.`SUM_ROWS_EXAMINED` AS `rows_examined`,round((`performance_schema`.`events_statements_summary_by_digest`.`SUM_ROWS_SENT` / `performance_schema`.`events_statements_summary_by_digest`.`COUNT_STAR`),0) AS `rows_sent_avg`,round((`performance_schema`.`events_statements_summary_by_digest`.`SUM_ROWS_EXAMINED` / `performance_schema`.`events_statements_summary_by_digest`.`COUNT_STAR`),0) AS `rows_examined_avg`,`performance_schema`.`events_statements_summary_by_digest`.`FIRST_SEEN` AS `first_seen`,`performance_schema`.`events_statements_summary_by_digest`.`LAST_SEEN` AS `last_seen`,`performance_schema`.`events_statements_summary_by_digest`.`DIGEST` AS `digest` from `performance_schema`.`events_statements_summary_by_digest` where (((`performance_schema`.`events_statements_summary_by_digest`.`SUM_NO_INDEX_USED` > 0) or (`performance_schema`.`events_statements_summary_by_digest`.`SUM_NO_GOOD_INDEX_USED` > 0)) and (not((`performance_schema`.`events_statements_summary_by_digest`.`DIGEST_TEXT` like 'SHOW%')))) order by round((ifnull((`performance_schema`.`events_statements_summary_by_digest`.`SUM_NO_INDEX_USED` / nullif(`performance_schema`.`events_statements_summary_by_digest`.`COUNT_STAR`,0)),0) * 100),0) desc,`performance_schema`.`events_statements_summary_by_digest`.`SUM_TIMER_WAIT` desc |
| x$ps_digest_avg_latency_distribution          | select count(0) AS `cnt`,round((`performance_schema`.`events_statements_summary_by_digest`.`AVG_TIMER_WAIT` / 1000000),0) AS `avg_us` from `performance_schema`.`events_statements_summary_by_digest` group by `avg_us`                                                                                                                                                                                                                                                                                                                                                                                                                                                                                                                                                                                                                                                                                                                                                                                                                                          |
| x$ps_digest_95th_percentile_by_avg_us         | select `sys`.`s2`.`avg_us` AS `avg_us`,ifnull((sum(`sys`.`s1`.`cnt`) / nullif((select count(0) from `performance_schema`.`events_statements_summary_by_digest`),0)),0) AS `percentile` from (`sys`.`x$ps_digest_avg_latency_distribution` `s1` join `sys`.`x$ps_digest_avg_latency_distribution` `s2` on((`sys`.`s1`.`avg_us` <= `sys`.`s2`.`avg_us`))) group by `sys`.`s2`.`avg_us` having (ifnull((sum(`sys`.`s1`.`cnt`) / nullif((select count(0) from `performance_schema`.`events_statements_summary_by_digest`),0)),0) > 0.95) order by `percentile` limit 1                                                                                                                                                                                                                                                                                                                                                                                                                                                                                               |
| statements_with_runtimes_in_95th_percentile   | select `sys`.`format_statement`(`stmts`.`DIGEST_TEXT`) AS `query`,`stmts`.`SCHEMA_NAME` AS `db`,if(((`stmts`.`SUM_NO_GOOD_INDEX_USED` > 0) or (`stmts`.`SUM_NO_INDEX_USED` > 0)),'*','') AS `full_scan`,`stmts`.`COUNT_STAR` AS `exec_count`,`stmts`.`SUM_ERRORS` AS `err_count`,`stmts`.`SUM_WARNINGS` AS `warn_count`,format_pico_time(`stmts`.`SUM_TIMER_WAIT`) AS `total_latency`,format_pico_time(`stmts`.`MAX_TIMER_WAIT`) AS `max_latency`,format_pico_time(`stmts`.`AVG_TIMER_WAIT`) AS `avg_latency`,`stmts`.`SUM_ROWS_SENT` AS `rows_sent`,round(ifnull((`stmts`.`SUM_ROWS_SENT` / nullif(`stmts`.`COUNT_STAR`,0)),0),0) AS `rows_sent_avg`,`stmts`.`SUM_ROWS_EXAMINED` AS `rows_examined`,round(ifnull((`stmts`.`SUM_ROWS_EXAMINED` / nullif(`stmts`.`COUNT_STAR`,0)),0),0) AS `rows_examined_avg`,`stmts`.`FIRST_SEEN` AS `first_seen`,`stmts`.`LAST_SEEN` AS `last_seen`,`stmts`.`DIGEST` AS `digest` from (`performance_schema`.`events_statements_summary_by_digest` `stmts` join `sys`.`x$ps_digest_95th_percentile_by_avg_us` `top_percentile` on((round((`stmts`.`AVG_TIMER_WAIT` / 1000000),0) >= `sys`.`top_percentile`.`avg_us`))) order by `stmts`.`AVG_TIMER_WAIT` desc |
| x$statements_with_runtimes_in_95th_percentile | select `stmts`.`DIGEST_TEXT` AS `query`,`stmts`.`SCHEMA_NAME` AS `db`,if(((`stmts`.`SUM_NO_GOOD_INDEX_USED` > 0) or (`stmts`.`SUM_NO_INDEX_USED` > 0)),'*','') AS `full_scan`,`stmts`.`COUNT_STAR` AS `exec_count`,`stmts`.`SUM_ERRORS` AS `err_count`,`stmts`.`SUM_WARNINGS` AS `warn_count`,`stmts`.`SUM_TIMER_WAIT` AS `total_latency`,`stmts`.`MAX_TIMER_WAIT` AS `max_latency`,`stmts`.`AVG_TIMER_WAIT` AS `avg_latency`,`stmts`.`SUM_ROWS_SENT` AS `rows_sent`,round(ifnull((`stmts`.`SUM_ROWS_SENT` / nullif(`stmts`.`COUNT_STAR`,0)),0),0) AS `rows_sent_avg`,`stmts`.`SUM_ROWS_EXAMINED` AS `rows_examined`,round(ifnull((`stmts`.`SUM_ROWS_EXAMINED` / nullif(`stmts`.`COUNT_STAR`,0)),0),0) AS `rows_examined_avg`,`stmts`.`FIRST_SEEN` AS `first_seen`,`stmts`.`LAST_SEEN` AS `last_seen`,`stmts`.`DIGEST` AS `digest` from (`performance_schema`.`events_statements_summary_by_digest` `stmts` join `sys`.`x$ps_digest_95th_percentile_by_avg_us` `top_percentile` on((round((`stmts`.`AVG_TIMER_WAIT` / 1000000),0) >= `sys`.`top_percentile`.`avg_us`))) order by `stmts`.`AVG_TIMER_WAIT` desc |
| statements_with_sorting                       | select `sys`.`format_statement`(`performance_schema`.`events_statements_summary_by_digest`.`DIGEST_TEXT`) AS `query`,`performance_schema`.`events_statements_summary_by_digest`.`SCHEMA_NAME` AS `db`,`performance_schema`.`events_statements_summary_by_digest`.`COUNT_STAR` AS `exec_count`,format_pico_time(`performance_schema`.`events_statements_summary_by_digest`.`SUM_TIMER_WAIT`) AS `total_latency`,`performance_schema`.`events_statements_summary_by_digest`.`SUM_SORT_MERGE_PASSES` AS `sort_merge_passes`,round(ifnull((`performance_schema`.`events_statements_summary_by_digest`.`SUM_SORT_MERGE_PASSES` / nullif(`performance_schema`.`events_statements_summary_by_digest`.`COUNT_STAR`,0)),0),0) AS `avg_sort_merges`,`performance_schema`.`events_statements_summary_by_digest`.`SUM_SORT_SCAN` AS `sorts_using_scans`,`performance_schema`.`events_statements_summary_by_digest`.`SUM_SORT_RANGE` AS `sort_using_range`,`performance_schema`.`events_statements_summary_by_digest`.`SUM_SORT_ROWS` AS `rows_sorted`,round(ifnull((`performance_schema`.`events_statements_summary_by_digest`.`SUM_SORT_ROWS` / nullif(`performance_schema`.`events_statements_summary_by_digest`.`COUNT_STAR`,0)),0),0) AS `avg_rows_sorted`,`performance_schema`.`events_statements_summary_by_digest`.`FIRST_SEEN` AS `first_seen`,`performance_schema`.`events_statements_summary_by_digest`.`LAST_SEEN` AS `last_seen`,`performance_schema`.`events_statements_summary_by_digest`.`DIGEST` AS `digest` from `performance_schema`.`events_statements_summary_by_digest` where (`performance_schema`.`events_statements_summary_by_digest`.`SUM_SORT_ROWS` > 0) order by `performance_schema`.`events_statements_summary_by_digest`.`SUM_TIMER_WAIT` desc |
| x$statements_with_sorting                     | select `performance_schema`.`events_statements_summary_by_digest`.`DIGEST_TEXT` AS `query`,`performance_schema`.`events_statements_summary_by_digest`.`SCHEMA_NAME` AS `db`,`performance_schema`.`events_statements_summary_by_digest`.`COUNT_STAR` AS `exec_count`,`performance_schema`.`events_statements_summary_by_digest`.`SUM_TIMER_WAIT` AS `total_latency`,`performance_schema`.`events_statements_summary_by_digest`.`SUM_SORT_MERGE_PASSES` AS `sort_merge_passes`,round(ifnull((`performance_schema`.`events_statements_summary_by_digest`.`SUM_SORT_MERGE_PASSES` / nullif(`performance_schema`.`events_statements_summary_by_digest`.`COUNT_STAR`,0)),0),0) AS `avg_sort_merges`,`performance_schema`.`events_statements_summary_by_digest`.`SUM_SORT_SCAN` AS `sorts_using_scans`,`performance_schema`.`events_statements_summary_by_digest`.`SUM_SORT_RANGE` AS `sort_using_range`,`performance_schema`.`events_statements_summary_by_digest`.`SUM_SORT_ROWS` AS `rows_sorted`,round(ifnull((`performance_schema`.`events_statements_summary_by_digest`.`SUM_SORT_ROWS` / nullif(`performance_schema`.`events_statements_summary_by_digest`.`COUNT_STAR`,0)),0),0) AS `avg_rows_sorted`,`performance_schema`.`events_statements_summary_by_digest`.`FIRST_SEEN` AS `first_seen`,`performance_schema`.`events_statements_summary_by_digest`.`LAST_SEEN` AS `last_seen`,`performance_schema`.`events_statements_summary_by_digest`.`DIGEST` AS `digest` from `performance_schema`.`events_statements_summary_by_digest` where (`performance_schema`.`events_statements_summary_by_digest`.`SUM_SORT_ROWS` > 0) order by `performance_schema`.`events_statements_summary_by_digest`.`SUM_TIMER_WAIT` desc |
| statements_with_temp_tables                   | select `sys`.`format_statement`(`performance_schema`.`events_statements_summary_by_digest`.`DIGEST_TEXT`) AS `query`,`performance_schema`.`events_statements_summary_by_digest`.`SCHEMA_NAME` AS `db`,`performance_schema`.`events_statements_summary_by_digest`.`COUNT_STAR` AS `exec_count`,format_pico_time(`performance_schema`.`events_statements_summary_by_digest`.`SUM_TIMER_WAIT`) AS `total_latency`,`performance_schema`.`events_statements_summary_by_digest`.`SUM_CREATED_TMP_TABLES` AS `memory_tmp_tables`,`performance_schema`.`events_statements_summary_by_digest`.`SUM_CREATED_TMP_DISK_TABLES` AS `disk_tmp_tables`,round(ifnull((`performance_schema`.`events_statements_summary_by_digest`.`SUM_CREATED_TMP_TABLES` / nullif(`performance_schema`.`events_statements_summary_by_digest`.`COUNT_STAR`,0)),0),0) AS `avg_tmp_tables_per_query`,round((ifnull((`performance_schema`.`events_statements_summary_by_digest`.`SUM_CREATED_TMP_DISK_TABLES` / nullif(`performance_schema`.`events_statements_summary_by_digest`.`SUM_CREATED_TMP_TABLES`,0)),0) * 100),0) AS `tmp_tables_to_disk_pct`,`performance_schema`.`events_statements_summary_by_digest`.`FIRST_SEEN` AS `first_seen`,`performance_schema`.`events_statements_summary_by_digest`.`LAST_SEEN` AS `last_seen`,`performance_schema`.`events_statements_summary_by_digest`.`DIGEST` AS `digest` from `performance_schema`.`events_statements_summary_by_digest` where (`performance_schema`.`events_statements_summary_by_digest`.`SUM_CREATED_TMP_TABLES` > 0) order by `performance_schema`.`events_statements_summary_by_digest`.`SUM_CREATED_TMP_DISK_TABLES` desc,`performance_schema`.`events_statements_summary_by_digest`.`SUM_CREATED_TMP_TABLES` desc |
| x$statements_with_temp_tables                 | select `performance_schema`.`events_statements_summary_by_digest`.`DIGEST_TEXT` AS `query`,`performance_schema`.`events_statements_summary_by_digest`.`SCHEMA_NAME` AS `db`,`performance_schema`.`events_statements_summary_by_digest`.`COUNT_STAR` AS `exec_count`,`performance_schema`.`events_statements_summary_by_digest`.`SUM_TIMER_WAIT` AS `total_latency`,`performance_schema`.`events_statements_summary_by_digest`.`SUM_CREATED_TMP_TABLES` AS `memory_tmp_tables`,`performance_schema`.`events_statements_summary_by_digest`.`SUM_CREATED_TMP_DISK_TABLES` AS `disk_tmp_tables`,round(ifnull((`performance_schema`.`events_statements_summary_by_digest`.`SUM_CREATED_TMP_TABLES` / nullif(`performance_schema`.`events_statements_summary_by_digest`.`COUNT_STAR`,0)),0),0) AS `avg_tmp_tables_per_query`,round((ifnull((`performance_schema`.`events_statements_summary_by_digest`.`SUM_CREATED_TMP_DISK_TABLES` / nullif(`performance_schema`.`events_statements_summary_by_digest`.`SUM_CREATED_TMP_TABLES`,0)),0) * 100),0) AS `tmp_tables_to_disk_pct`,`performance_schema`.`events_statements_summary_by_digest`.`FIRST_SEEN` AS `first_seen`,`performance_schema`.`events_statements_summary_by_digest`.`LAST_SEEN` AS `last_seen`,`performance_schema`.`events_statements_summary_by_digest`.`DIGEST` AS `digest` from `performance_schema`.`events_statements_summary_by_digest` where (`performance_schema`.`events_statements_summary_by_digest`.`SUM_CREATED_TMP_TABLES` > 0) order by `performance_schema`.`events_statements_summary_by_digest`.`SUM_CREATED_TMP_DISK_TABLES` desc,`performance_schema`.`events_statements_summary_by_digest`.`SUM_CREATED_TMP_TABLES` desc |
| user_summary_by_file_io_type                  | select if((`performance_schema`.`events_waits_summary_by_user_by_event_name`.`USER` is null),'background',`performance_schema`.`events_waits_summary_by_user_by_event_name`.`USER`) AS `user`,`performance_schema`.`events_waits_summary_by_user_by_event_name`.`EVENT_NAME` AS `event_name`,`performance_schema`.`events_waits_summary_by_user_by_event_name`.`COUNT_STAR` AS `total`,format_pico_time(`performance_schema`.`events_waits_summary_by_user_by_event_name`.`SUM_TIMER_WAIT`) AS `latency`,format_pico_time(`performance_schema`.`events_waits_summary_by_user_by_event_name`.`MAX_TIMER_WAIT`) AS `max_latency` from `performance_schema`.`events_waits_summary_by_user_by_event_name` where ((`performance_schema`.`events_waits_summary_by_user_by_event_name`.`EVENT_NAME` like 'wait/io/file%') and (`performance_schema`.`events_waits_summary_by_user_by_event_name`.`COUNT_STAR` > 0)) order by if((`performance_schema`.`events_waits_summary_by_user_by_event_name`.`USER` is null),'background',`performance_schema`.`events_waits_summary_by_user_by_event_name`.`USER`),`performance_schema`.`events_waits_summary_by_user_by_event_name`.`SUM_TIMER_WAIT` desc |
| x$user_summary_by_file_io_type                | select if((`performance_schema`.`events_waits_summary_by_user_by_event_name`.`USER` is null),'background',`performance_schema`.`events_waits_summary_by_user_by_event_name`.`USER`) AS `user`,`performance_schema`.`events_waits_summary_by_user_by_event_name`.`EVENT_NAME` AS `event_name`,`performance_schema`.`events_waits_summary_by_user_by_event_name`.`COUNT_STAR` AS `total`,`performance_schema`.`events_waits_summary_by_user_by_event_name`.`SUM_TIMER_WAIT` AS `latency`,`performance_schema`.`events_waits_summary_by_user_by_event_name`.`MAX_TIMER_WAIT` AS `max_latency` from `performance_schema`.`events_waits_summary_by_user_by_event_name` where ((`performance_schema`.`events_waits_summary_by_user_by_event_name`.`EVENT_NAME` like 'wait/io/file%') and (`performance_schema`.`events_waits_summary_by_user_by_event_name`.`COUNT_STAR` > 0)) order by if((`performance_schema`.`events_waits_summary_by_user_by_event_name`.`USER` is null),'background',`performance_schema`.`events_waits_summary_by_user_by_event_name`.`USER`),`performance_schema`.`events_waits_summary_by_user_by_event_name`.`SUM_TIMER_WAIT` desc |
| user_summary_by_file_io                       | select if((`performance_schema`.`events_waits_summary_by_user_by_event_name`.`USER` is null),'background',`performance_schema`.`events_waits_summary_by_user_by_event_name`.`USER`) AS `user`,sum(`performance_schema`.`events_waits_summary_by_user_by_event_name`.`COUNT_STAR`) AS `ios`,format_pico_time(sum(`performance_schema`.`events_waits_summary_by_user_by_event_name`.`SUM_TIMER_WAIT`)) AS `io_latency` from `performance_schema`.`events_waits_summary_by_user_by_event_name` where (`performance_schema`.`events_waits_summary_by_user_by_event_name`.`EVENT_NAME` like 'wait/io/file/%') group by if((`performance_schema`.`events_waits_summary_by_user_by_event_name`.`USER` is null),'background',`performance_schema`.`events_waits_summary_by_user_by_event_name`.`USER`) order by sum(`performance_schema`.`events_waits_summary_by_user_by_event_name`.`SUM_TIMER_WAIT`) desc                                                                                                                                                             |
| x$user_summary_by_file_io                     | select if((`performance_schema`.`events_waits_summary_by_user_by_event_name`.`USER` is null),'background',`performance_schema`.`events_waits_summary_by_user_by_event_name`.`USER`) AS `user`,sum(`performance_schema`.`events_waits_summary_by_user_by_event_name`.`COUNT_STAR`) AS `ios`,sum(`performance_schema`.`events_waits_summary_by_user_by_event_name`.`SUM_TIMER_WAIT`) AS `io_latency` from `performance_schema`.`events_waits_summary_by_user_by_event_name` where (`performance_schema`.`events_waits_summary_by_user_by_event_name`.`EVENT_NAME` like 'wait/io/file/%') group by if((`performance_schema`.`events_waits_summary_by_user_by_event_name`.`USER` is null),'background',`performance_schema`.`events_waits_summary_by_user_by_event_name`.`USER`) order by sum(`performance_schema`.`events_waits_summary_by_user_by_event_name`.`SUM_TIMER_WAIT`) desc                                                                                                                                                                               |
| user_summary_by_statement_type                | select if((`performance_schema`.`events_statements_summary_by_user_by_event_name`.`USER` is null),'background',`performance_schema`.`events_statements_summary_by_user_by_event_name`.`USER`) AS `user`,substring_index(`performance_schema`.`events_statements_summary_by_user_by_event_name`.`EVENT_NAME`,'/',-(1)) AS `statement`,`performance_schema`.`events_statements_summary_by_user_by_event_name`.`COUNT_STAR` AS `total`,format_pico_time(`performance_schema`.`events_statements_summary_by_user_by_event_name`.`SUM_TIMER_WAIT`) AS `total_latency`,format_pico_time(`performance_schema`.`events_statements_summary_by_user_by_event_name`.`MAX_TIMER_WAIT`) AS `max_latency`,format_pico_time(`performance_schema`.`events_statements_summary_by_user_by_event_name`.`SUM_LOCK_TIME`) AS `lock_latency`,`performance_schema`.`events_statements_summary_by_user_by_event_name`.`SUM_ROWS_SENT` AS `rows_sent`,`performance_schema`.`events_statements_summary_by_user_by_event_name`.`SUM_ROWS_EXAMINED` AS `rows_examined`,`performance_schema`.`events_statements_summary_by_user_by_event_name`.`SUM_ROWS_AFFECTED` AS `rows_affected`,(`performance_schema`.`events_statements_summary_by_user_by_event_name`.`SUM_NO_INDEX_USED` + `performance_schema`.`events_statements_summary_by_user_by_event_name`.`SUM_NO_GOOD_INDEX_USED`) AS `full_scans` from `performance_schema`.`events_statements_summary_by_user_by_event_name` where (`performance_schema`.`events_statements_summary_by_user_by_event_name`.`SUM_TIMER_WAIT` <> 0) order by if((`performance_schema`.`events_statements_summary_by_user_by_event_name`.`USER` is null),'background',`performance_schema`.`events_statements_summary_by_user_by_event_name`.`USER`),`performance_schema`.`events_statements_summary_by_user_by_event_name`.`SUM_TIMER_WAIT` desc |
| x$user_summary_by_statement_type              | select if((`performance_schema`.`events_statements_summary_by_user_by_event_name`.`USER` is null),'background',`performance_schema`.`events_statements_summary_by_user_by_event_name`.`USER`) AS `user`,substring_index(`performance_schema`.`events_statements_summary_by_user_by_event_name`.`EVENT_NAME`,'/',-(1)) AS `statement`,`performance_schema`.`events_statements_summary_by_user_by_event_name`.`COUNT_STAR` AS `total`,`performance_schema`.`events_statements_summary_by_user_by_event_name`.`SUM_TIMER_WAIT` AS `total_latency`,`performance_schema`.`events_statements_summary_by_user_by_event_name`.`MAX_TIMER_WAIT` AS `max_latency`,`performance_schema`.`events_statements_summary_by_user_by_event_name`.`SUM_LOCK_TIME` AS `lock_latency`,`performance_schema`.`events_statements_summary_by_user_by_event_name`.`SUM_ROWS_SENT` AS `rows_sent`,`performance_schema`.`events_statements_summary_by_user_by_event_name`.`SUM_ROWS_EXAMINED` AS `rows_examined`,`performance_schema`.`events_statements_summary_by_user_by_event_name`.`SUM_ROWS_AFFECTED` AS `rows_affected`,(`performance_schema`.`events_statements_summary_by_user_by_event_name`.`SUM_NO_INDEX_USED` + `performance_schema`.`events_statements_summary_by_user_by_event_name`.`SUM_NO_GOOD_INDEX_USED`) AS `full_scans` from `performance_schema`.`events_statements_summary_by_user_by_event_name` where (`performance_schema`.`events_statements_summary_by_user_by_event_name`.`SUM_TIMER_WAIT` <> 0) order by if((`performance_schema`.`events_statements_summary_by_user_by_event_name`.`USER` is null),'background',`performance_schema`.`events_statements_summary_by_user_by_event_name`.`USER`),`performance_schema`.`events_statements_summary_by_user_by_event_name`.`SUM_TIMER_WAIT` desc |
| user_summary_by_statement_latency             | select if((`performance_schema`.`events_statements_summary_by_user_by_event_name`.`USER` is null),'background',`performance_schema`.`events_statements_summary_by_user_by_event_name`.`USER`) AS `user`,sum(`performance_schema`.`events_statements_summary_by_user_by_event_name`.`COUNT_STAR`) AS `total`,format_pico_time(sum(`performance_schema`.`events_statements_summary_by_user_by_event_name`.`SUM_TIMER_WAIT`)) AS `total_latency`,format_pico_time(sum(`performance_schema`.`events_statements_summary_by_user_by_event_name`.`MAX_TIMER_WAIT`)) AS `max_latency`,format_pico_time(sum(`performance_schema`.`events_statements_summary_by_user_by_event_name`.`SUM_LOCK_TIME`)) AS `lock_latency`,sum(`performance_schema`.`events_statements_summary_by_user_by_event_name`.`SUM_ROWS_SENT`) AS `rows_sent`,sum(`performance_schema`.`events_statements_summary_by_user_by_event_name`.`SUM_ROWS_EXAMINED`) AS `rows_examined`,sum(`performance_schema`.`events_statements_summary_by_user_by_event_name`.`SUM_ROWS_AFFECTED`) AS `rows_affected`,(sum(`performance_schema`.`events_statements_summary_by_user_by_event_name`.`SUM_NO_INDEX_USED`) + sum(`performance_schema`.`events_statements_summary_by_user_by_event_name`.`SUM_NO_GOOD_INDEX_USED`)) AS `full_scans` from `performance_schema`.`events_statements_summary_by_user_by_event_name` group by if((`performance_schema`.`events_statements_summary_by_user_by_event_name`.`USER` is null),'background',`performance_schema`.`events_statements_summary_by_user_by_event_name`.`USER`) order by sum(`performance_schema`.`events_statements_summary_by_user_by_event_name`.`SUM_TIMER_WAIT`) desc |
| x$user_summary_by_statement_latency           | select if((`performance_schema`.`events_statements_summary_by_user_by_event_name`.`USER` is null),'background',`performance_schema`.`events_statements_summary_by_user_by_event_name`.`USER`) AS `user`,sum(`performance_schema`.`events_statements_summary_by_user_by_event_name`.`COUNT_STAR`) AS `total`,sum(`performance_schema`.`events_statements_summary_by_user_by_event_name`.`SUM_TIMER_WAIT`) AS `total_latency`,sum(`performance_schema`.`events_statements_summary_by_user_by_event_name`.`MAX_TIMER_WAIT`) AS `max_latency`,sum(`performance_schema`.`events_statements_summary_by_user_by_event_name`.`SUM_LOCK_TIME`) AS `lock_latency`,sum(`performance_schema`.`events_statements_summary_by_user_by_event_name`.`SUM_ROWS_SENT`) AS `rows_sent`,sum(`performance_schema`.`events_statements_summary_by_user_by_event_name`.`SUM_ROWS_EXAMINED`) AS `rows_examined`,sum(`performance_schema`.`events_statements_summary_by_user_by_event_name`.`SUM_ROWS_AFFECTED`) AS `rows_affected`,(sum(`performance_schema`.`events_statements_summary_by_user_by_event_name`.`SUM_NO_INDEX_USED`) + sum(`performance_schema`.`events_statements_summary_by_user_by_event_name`.`SUM_NO_GOOD_INDEX_USED`)) AS `full_scans` from `performance_schema`.`events_statements_summary_by_user_by_event_name` group by if((`performance_schema`.`events_statements_summary_by_user_by_event_name`.`USER` is null),'background',`performance_schema`.`events_statements_summary_by_user_by_event_name`.`USER`) order by sum(`performance_schema`.`events_statements_summary_by_user_by_event_name`.`SUM_TIMER_WAIT`) desc |
| user_summary_by_stages                        | select if((`performance_schema`.`events_stages_summary_by_user_by_event_name`.`USER` is null),'background',`performance_schema`.`events_stages_summary_by_user_by_event_name`.`USER`) AS `user`,`performance_schema`.`events_stages_summary_by_user_by_event_name`.`EVENT_NAME` AS `event_name`,`performance_schema`.`events_stages_summary_by_user_by_event_name`.`COUNT_STAR` AS `total`,format_pico_time(`performance_schema`.`events_stages_summary_by_user_by_event_name`.`SUM_TIMER_WAIT`) AS `total_latency`,format_pico_time(`performance_schema`.`events_stages_summary_by_user_by_event_name`.`AVG_TIMER_WAIT`) AS `avg_latency` from `performance_schema`.`events_stages_summary_by_user_by_event_name` where (`performance_schema`.`events_stages_summary_by_user_by_event_name`.`SUM_TIMER_WAIT` <> 0) order by if((`performance_schema`.`events_stages_summary_by_user_by_event_name`.`USER` is null),'background',`performance_schema`.`events_stages_summary_by_user_by_event_name`.`USER`),`performance_schema`.`events_stages_summary_by_user_by_event_name`.`SUM_TIMER_WAIT` desc |
| x$user_summary_by_stages                      | select if((`performance_schema`.`events_stages_summary_by_user_by_event_name`.`USER` is null),'background',`performance_schema`.`events_stages_summary_by_user_by_event_name`.`USER`) AS `user`,`performance_schema`.`events_stages_summary_by_user_by_event_name`.`EVENT_NAME` AS `event_name`,`performance_schema`.`events_stages_summary_by_user_by_event_name`.`COUNT_STAR` AS `total`,`performance_schema`.`events_stages_summary_by_user_by_event_name`.`SUM_TIMER_WAIT` AS `total_latency`,`performance_schema`.`events_stages_summary_by_user_by_event_name`.`AVG_TIMER_WAIT` AS `avg_latency` from `performance_schema`.`events_stages_summary_by_user_by_event_name` where (`performance_schema`.`events_stages_summary_by_user_by_event_name`.`SUM_TIMER_WAIT` <> 0) order by if((`performance_schema`.`events_stages_summary_by_user_by_event_name`.`USER` is null),'background',`performance_schema`.`events_stages_summary_by_user_by_event_name`.`USER`),`performance_schema`.`events_stages_summary_by_user_by_event_name`.`SUM_TIMER_WAIT` desc |
| user_summary                                  | select if((`performance_schema`.`accounts`.`USER` is null),'background',`performance_schema`.`accounts`.`USER`) AS `user`,sum(`sys`.`stmt`.`total`) AS `statements`,format_pico_time(sum(`sys`.`stmt`.`total_latency`)) AS `statement_latency`,format_pico_time(ifnull((sum(`sys`.`stmt`.`total_latency`) / nullif(sum(`sys`.`stmt`.`total`),0)),0)) AS `statement_avg_latency`,sum(`sys`.`stmt`.`full_scans`) AS `table_scans`,sum(`sys`.`io`.`ios`) AS `file_ios`,format_pico_time(sum(`sys`.`io`.`io_latency`)) AS `file_io_latency`,sum(`performance_schema`.`accounts`.`CURRENT_CONNECTIONS`) AS `current_connections`,sum(`performance_schema`.`accounts`.`TOTAL_CONNECTIONS`) AS `total_connections`,count(distinct `performance_schema`.`accounts`.`HOST`) AS `unique_hosts`,format_bytes(sum(`sys`.`mem`.`current_allocated`)) AS `current_memory`,format_bytes(sum(`sys`.`mem`.`total_allocated`)) AS `total_memory_allocated` from (((`performance_schema`.`accounts` left join `sys`.`x$user_summary_by_statement_latency` `stmt` on((if((`performance_schema`.`accounts`.`USER` is null),'background',`performance_schema`.`accounts`.`USER`) = `sys`.`stmt`.`user`))) left join `sys`.`x$user_summary_by_file_io` `io` on((if((`performance_schema`.`accounts`.`USER` is null),'background',`performance_schema`.`accounts`.`USER`) = `sys`.`io`.`user`))) left join `sys`.`x$memory_by_user_by_current_bytes` `mem` on((if((`performance_schema`.`accounts`.`USER` is null),'background',`performance_schema`.`accounts`.`USER`) = `sys`.`mem`.`user`))) group by if((`performance_schema`.`accounts`.`USER` is null),'background',`performance_schema`.`accounts`.`USER`) order by sum(`sys`.`stmt`.`total_latency`) desc |
| x$user_summary                                | select if((`performance_schema`.`accounts`.`USER` is null),'background',`performance_schema`.`accounts`.`USER`) AS `user`,sum(`sys`.`stmt`.`total`) AS `statements`,sum(`sys`.`stmt`.`total_latency`) AS `statement_latency`,ifnull((sum(`sys`.`stmt`.`total_latency`) / nullif(sum(`sys`.`stmt`.`total`),0)),0) AS `statement_avg_latency`,sum(`sys`.`stmt`.`full_scans`) AS `table_scans`,sum(`sys`.`io`.`ios`) AS `file_ios`,sum(`sys`.`io`.`io_latency`) AS `file_io_latency`,sum(`performance_schema`.`accounts`.`CURRENT_CONNECTIONS`) AS `current_connections`,sum(`performance_schema`.`accounts`.`TOTAL_CONNECTIONS`) AS `total_connections`,count(distinct `performance_schema`.`accounts`.`HOST`) AS `unique_hosts`,sum(`sys`.`mem`.`current_allocated`) AS `current_memory`,sum(`sys`.`mem`.`total_allocated`) AS `total_memory_allocated` from (((`performance_schema`.`accounts` left join `sys`.`x$user_summary_by_statement_latency` `stmt` on((if((`performance_schema`.`accounts`.`USER` is null),'background',`performance_schema`.`accounts`.`USER`) = `sys`.`stmt`.`user`))) left join `sys`.`x$user_summary_by_file_io` `io` on((if((`performance_schema`.`accounts`.`USER` is null),'background',`performance_schema`.`accounts`.`USER`) = `sys`.`io`.`user`))) left join `sys`.`x$memory_by_user_by_current_bytes` `mem` on((if((`performance_schema`.`accounts`.`USER` is null),'background',`performance_schema`.`accounts`.`USER`) = `sys`.`mem`.`user`))) group by if((`performance_schema`.`accounts`.`USER` is null),'background',`performance_schema`.`accounts`.`USER`) order by sum(`sys`.`stmt`.`total_latency`) desc |
| host_summary_by_file_io_type                  | select if((`performance_schema`.`events_waits_summary_by_host_by_event_name`.`HOST` is null),'background',`performance_schema`.`events_waits_summary_by_host_by_event_name`.`HOST`) AS `host`,`performance_schema`.`events_waits_summary_by_host_by_event_name`.`EVENT_NAME` AS `event_name`,`performance_schema`.`events_waits_summary_by_host_by_event_name`.`COUNT_STAR` AS `total`,format_pico_time(`performance_schema`.`events_waits_summary_by_host_by_event_name`.`SUM_TIMER_WAIT`) AS `total_latency`,format_pico_time(`performance_schema`.`events_waits_summary_by_host_by_event_name`.`MAX_TIMER_WAIT`) AS `max_latency` from `performance_schema`.`events_waits_summary_by_host_by_event_name` where ((`performance_schema`.`events_waits_summary_by_host_by_event_name`.`EVENT_NAME` like 'wait/io/file%') and (`performance_schema`.`events_waits_summary_by_host_by_event_name`.`COUNT_STAR` > 0)) order by if((`performance_schema`.`events_waits_summary_by_host_by_event_name`.`HOST` is null),'background',`performance_schema`.`events_waits_summary_by_host_by_event_name`.`HOST`),`performance_schema`.`events_waits_summary_by_host_by_event_name`.`SUM_TIMER_WAIT` desc |
| x$host_summary_by_file_io_type                | select if((`performance_schema`.`events_waits_summary_by_host_by_event_name`.`HOST` is null),'background',`performance_schema`.`events_waits_summary_by_host_by_event_name`.`HOST`) AS `host`,`performance_schema`.`events_waits_summary_by_host_by_event_name`.`EVENT_NAME` AS `event_name`,`performance_schema`.`events_waits_summary_by_host_by_event_name`.`COUNT_STAR` AS `total`,`performance_schema`.`events_waits_summary_by_host_by_event_name`.`SUM_TIMER_WAIT` AS `total_latency`,`performance_schema`.`events_waits_summary_by_host_by_event_name`.`MAX_TIMER_WAIT` AS `max_latency` from `performance_schema`.`events_waits_summary_by_host_by_event_name` where ((`performance_schema`.`events_waits_summary_by_host_by_event_name`.`EVENT_NAME` like 'wait/io/file%') and (`performance_schema`.`events_waits_summary_by_host_by_event_name`.`COUNT_STAR` > 0)) order by if((`performance_schema`.`events_waits_summary_by_host_by_event_name`.`HOST` is null),'background',`performance_schema`.`events_waits_summary_by_host_by_event_name`.`HOST`),`performance_schema`.`events_waits_summary_by_host_by_event_name`.`SUM_TIMER_WAIT` desc |
| host_summary_by_file_io                       | select if((`performance_schema`.`events_waits_summary_by_host_by_event_name`.`HOST` is null),'background',`performance_schema`.`events_waits_summary_by_host_by_event_name`.`HOST`) AS `host`,sum(`performance_schema`.`events_waits_summary_by_host_by_event_name`.`COUNT_STAR`) AS `ios`,format_pico_time(sum(`performance_schema`.`events_waits_summary_by_host_by_event_name`.`SUM_TIMER_WAIT`)) AS `io_latency` from `performance_schema`.`events_waits_summary_by_host_by_event_name` where (`performance_schema`.`events_waits_summary_by_host_by_event_name`.`EVENT_NAME` like 'wait/io/file/%') group by if((`performance_schema`.`events_waits_summary_by_host_by_event_name`.`HOST` is null),'background',`performance_schema`.`events_waits_summary_by_host_by_event_name`.`HOST`) order by sum(`performance_schema`.`events_waits_summary_by_host_by_event_name`.`SUM_TIMER_WAIT`) desc                                                                                                                                                             |
| x$host_summary_by_file_io                     | select if((`performance_schema`.`events_waits_summary_by_host_by_event_name`.`HOST` is null),'background',`performance_schema`.`events_waits_summary_by_host_by_event_name`.`HOST`) AS `host`,sum(`performance_schema`.`events_waits_summary_by_host_by_event_name`.`COUNT_STAR`) AS `ios`,sum(`performance_schema`.`events_waits_summary_by_host_by_event_name`.`SUM_TIMER_WAIT`) AS `io_latency` from `performance_schema`.`events_waits_summary_by_host_by_event_name` where (`performance_schema`.`events_waits_summary_by_host_by_event_name`.`EVENT_NAME` like 'wait/io/file/%') group by if((`performance_schema`.`events_waits_summary_by_host_by_event_name`.`HOST` is null),'background',`performance_schema`.`events_waits_summary_by_host_by_event_name`.`HOST`) order by sum(`performance_schema`.`events_waits_summary_by_host_by_event_name`.`SUM_TIMER_WAIT`) desc                                                                                                                                                                               |
| host_summary_by_statement_type                | select if((`performance_schema`.`events_statements_summary_by_host_by_event_name`.`HOST` is null),'background',`performance_schema`.`events_statements_summary_by_host_by_event_name`.`HOST`) AS `host`,substring_index(`performance_schema`.`events_statements_summary_by_host_by_event_name`.`EVENT_NAME`,'/',-(1)) AS `statement`,`performance_schema`.`events_statements_summary_by_host_by_event_name`.`COUNT_STAR` AS `total`,format_pico_time(`performance_schema`.`events_statements_summary_by_host_by_event_name`.`SUM_TIMER_WAIT`) AS `total_latency`,format_pico_time(`performance_schema`.`events_statements_summary_by_host_by_event_name`.`MAX_TIMER_WAIT`) AS `max_latency`,format_pico_time(`performance_schema`.`events_statements_summary_by_host_by_event_name`.`SUM_LOCK_TIME`) AS `lock_latency`,`performance_schema`.`events_statements_summary_by_host_by_event_name`.`SUM_ROWS_SENT` AS `rows_sent`,`performance_schema`.`events_statements_summary_by_host_by_event_name`.`SUM_ROWS_EXAMINED` AS `rows_examined`,`performance_schema`.`events_statements_summary_by_host_by_event_name`.`SUM_ROWS_AFFECTED` AS `rows_affected`,(`performance_schema`.`events_statements_summary_by_host_by_event_name`.`SUM_NO_INDEX_USED` + `performance_schema`.`events_statements_summary_by_host_by_event_name`.`SUM_NO_GOOD_INDEX_USED`) AS `full_scans` from `performance_schema`.`events_statements_summary_by_host_by_event_name` where (`performance_schema`.`events_statements_summary_by_host_by_event_name`.`SUM_TIMER_WAIT` <> 0) order by if((`performance_schema`.`events_statements_summary_by_host_by_event_name`.`HOST` is null),'background',`performance_schema`.`events_statements_summary_by_host_by_event_name`.`HOST`),`performance_schema`.`events_statements_summary_by_host_by_event_name`.`SUM_TIMER_WAIT` desc |
| x$host_summary_by_statement_type              | select if((`performance_schema`.`events_statements_summary_by_host_by_event_name`.`HOST` is null),'background',`performance_schema`.`events_statements_summary_by_host_by_event_name`.`HOST`) AS `host`,substring_index(`performance_schema`.`events_statements_summary_by_host_by_event_name`.`EVENT_NAME`,'/',-(1)) AS `statement`,`performance_schema`.`events_statements_summary_by_host_by_event_name`.`COUNT_STAR` AS `total`,`performance_schema`.`events_statements_summary_by_host_by_event_name`.`SUM_TIMER_WAIT` AS `total_latency`,`performance_schema`.`events_statements_summary_by_host_by_event_name`.`MAX_TIMER_WAIT` AS `max_latency`,`performance_schema`.`events_statements_summary_by_host_by_event_name`.`SUM_LOCK_TIME` AS `lock_latency`,`performance_schema`.`events_statements_summary_by_host_by_event_name`.`SUM_ROWS_SENT` AS `rows_sent`,`performance_schema`.`events_statements_summary_by_host_by_event_name`.`SUM_ROWS_EXAMINED` AS `rows_examined`,`performance_schema`.`events_statements_summary_by_host_by_event_name`.`SUM_ROWS_AFFECTED` AS `rows_affected`,(`performance_schema`.`events_statements_summary_by_host_by_event_name`.`SUM_NO_INDEX_USED` + `performance_schema`.`events_statements_summary_by_host_by_event_name`.`SUM_NO_GOOD_INDEX_USED`) AS `full_scans` from `performance_schema`.`events_statements_summary_by_host_by_event_name` where (`performance_schema`.`events_statements_summary_by_host_by_event_name`.`SUM_TIMER_WAIT` <> 0) order by if((`performance_schema`.`events_statements_summary_by_host_by_event_name`.`HOST` is null),'background',`performance_schema`.`events_statements_summary_by_host_by_event_name`.`HOST`),`performance_schema`.`events_statements_summary_by_host_by_event_name`.`SUM_TIMER_WAIT` desc |
| host_summary_by_statement_latency             | select if((`performance_schema`.`events_statements_summary_by_host_by_event_name`.`HOST` is null),'background',`performance_schema`.`events_statements_summary_by_host_by_event_name`.`HOST`) AS `host`,sum(`performance_schema`.`events_statements_summary_by_host_by_event_name`.`COUNT_STAR`) AS `total`,format_pico_time(sum(`performance_schema`.`events_statements_summary_by_host_by_event_name`.`SUM_TIMER_WAIT`)) AS `total_latency`,format_pico_time(max(`performance_schema`.`events_statements_summary_by_host_by_event_name`.`MAX_TIMER_WAIT`)) AS `max_latency`,format_pico_time(sum(`performance_schema`.`events_statements_summary_by_host_by_event_name`.`SUM_LOCK_TIME`)) AS `lock_latency`,sum(`performance_schema`.`events_statements_summary_by_host_by_event_name`.`SUM_ROWS_SENT`) AS `rows_sent`,sum(`performance_schema`.`events_statements_summary_by_host_by_event_name`.`SUM_ROWS_EXAMINED`) AS `rows_examined`,sum(`performance_schema`.`events_statements_summary_by_host_by_event_name`.`SUM_ROWS_AFFECTED`) AS `rows_affected`,(sum(`performance_schema`.`events_statements_summary_by_host_by_event_name`.`SUM_NO_INDEX_USED`) + sum(`performance_schema`.`events_statements_summary_by_host_by_event_name`.`SUM_NO_GOOD_INDEX_USED`)) AS `full_scans` from `performance_schema`.`events_statements_summary_by_host_by_event_name` group by if((`performance_schema`.`events_statements_summary_by_host_by_event_name`.`HOST` is null),'background',`performance_schema`.`events_statements_summary_by_host_by_event_name`.`HOST`) order by sum(`performance_schema`.`events_statements_summary_by_host_by_event_name`.`SUM_TIMER_WAIT`) desc |
| x$host_summary_by_statement_latency           | select if((`performance_schema`.`events_statements_summary_by_host_by_event_name`.`HOST` is null),'background',`performance_schema`.`events_statements_summary_by_host_by_event_name`.`HOST`) AS `host`,sum(`performance_schema`.`events_statements_summary_by_host_by_event_name`.`COUNT_STAR`) AS `total`,sum(`performance_schema`.`events_statements_summary_by_host_by_event_name`.`SUM_TIMER_WAIT`) AS `total_latency`,max(`performance_schema`.`events_statements_summary_by_host_by_event_name`.`MAX_TIMER_WAIT`) AS `max_latency`,sum(`performance_schema`.`events_statements_summary_by_host_by_event_name`.`SUM_LOCK_TIME`) AS `lock_latency`,sum(`performance_schema`.`events_statements_summary_by_host_by_event_name`.`SUM_ROWS_SENT`) AS `rows_sent`,sum(`performance_schema`.`events_statements_summary_by_host_by_event_name`.`SUM_ROWS_EXAMINED`) AS `rows_examined`,sum(`performance_schema`.`events_statements_summary_by_host_by_event_name`.`SUM_ROWS_AFFECTED`) AS `rows_affected`,(sum(`performance_schema`.`events_statements_summary_by_host_by_event_name`.`SUM_NO_INDEX_USED`) + sum(`performance_schema`.`events_statements_summary_by_host_by_event_name`.`SUM_NO_GOOD_INDEX_USED`)) AS `full_scans` from `performance_schema`.`events_statements_summary_by_host_by_event_name` group by if((`performance_schema`.`events_statements_summary_by_host_by_event_name`.`HOST` is null),'background',`performance_schema`.`events_statements_summary_by_host_by_event_name`.`HOST`) order by sum(`performance_schema`.`events_statements_summary_by_host_by_event_name`.`SUM_TIMER_WAIT`) desc |
| host_summary_by_stages                        | select if((`performance_schema`.`events_stages_summary_by_host_by_event_name`.`HOST` is null),'background',`performance_schema`.`events_stages_summary_by_host_by_event_name`.`HOST`) AS `host`,`performance_schema`.`events_stages_summary_by_host_by_event_name`.`EVENT_NAME` AS `event_name`,`performance_schema`.`events_stages_summary_by_host_by_event_name`.`COUNT_STAR` AS `total`,format_pico_time(`performance_schema`.`events_stages_summary_by_host_by_event_name`.`SUM_TIMER_WAIT`) AS `total_latency`,format_pico_time(`performance_schema`.`events_stages_summary_by_host_by_event_name`.`AVG_TIMER_WAIT`) AS `avg_latency` from `performance_schema`.`events_stages_summary_by_host_by_event_name` where (`performance_schema`.`events_stages_summary_by_host_by_event_name`.`SUM_TIMER_WAIT` <> 0) order by if((`performance_schema`.`events_stages_summary_by_host_by_event_name`.`HOST` is null),'background',`performance_schema`.`events_stages_summary_by_host_by_event_name`.`HOST`),`performance_schema`.`events_stages_summary_by_host_by_event_name`.`SUM_TIMER_WAIT` desc |
| x$host_summary_by_stages                      | select if((`performance_schema`.`events_stages_summary_by_host_by_event_name`.`HOST` is null),'background',`performance_schema`.`events_stages_summary_by_host_by_event_name`.`HOST`) AS `host`,`performance_schema`.`events_stages_summary_by_host_by_event_name`.`EVENT_NAME` AS `event_name`,`performance_schema`.`events_stages_summary_by_host_by_event_name`.`COUNT_STAR` AS `total`,`performance_schema`.`events_stages_summary_by_host_by_event_name`.`SUM_TIMER_WAIT` AS `total_latency`,`performance_schema`.`events_stages_summary_by_host_by_event_name`.`AVG_TIMER_WAIT` AS `avg_latency` from `performance_schema`.`events_stages_summary_by_host_by_event_name` where (`performance_schema`.`events_stages_summary_by_host_by_event_name`.`SUM_TIMER_WAIT` <> 0) order by if((`performance_schema`.`events_stages_summary_by_host_by_event_name`.`HOST` is null),'background',`performance_schema`.`events_stages_summary_by_host_by_event_name`.`HOST`),`performance_schema`.`events_stages_summary_by_host_by_event_name`.`SUM_TIMER_WAIT` desc |
| host_summary                                  | select if((`performance_schema`.`accounts`.`HOST` is null),'background',`performance_schema`.`accounts`.`HOST`) AS `host`,sum(`sys`.`stmt`.`total`) AS `statements`,format_pico_time(sum(`sys`.`stmt`.`total_latency`)) AS `statement_latency`,format_pico_time(ifnull((sum(`sys`.`stmt`.`total_latency`) / nullif(sum(`sys`.`stmt`.`total`),0)),0)) AS `statement_avg_latency`,sum(`sys`.`stmt`.`full_scans`) AS `table_scans`,sum(`sys`.`io`.`ios`) AS `file_ios`,format_pico_time(sum(`sys`.`io`.`io_latency`)) AS `file_io_latency`,sum(`performance_schema`.`accounts`.`CURRENT_CONNECTIONS`) AS `current_connections`,sum(`performance_schema`.`accounts`.`TOTAL_CONNECTIONS`) AS `total_connections`,count(distinct `performance_schema`.`accounts`.`USER`) AS `unique_users`,format_bytes(sum(`sys`.`mem`.`current_allocated`)) AS `current_memory`,format_bytes(sum(`sys`.`mem`.`total_allocated`)) AS `total_memory_allocated` from (((`performance_schema`.`accounts` join `sys`.`x$host_summary_by_statement_latency` `stmt` on((`performance_schema`.`accounts`.`HOST` = `sys`.`stmt`.`host`))) join `sys`.`x$host_summary_by_file_io` `io` on((`performance_schema`.`accounts`.`HOST` = `sys`.`io`.`host`))) join `sys`.`x$memory_by_host_by_current_bytes` `mem` on((`performance_schema`.`accounts`.`HOST` = `sys`.`mem`.`host`))) group by if((`performance_schema`.`accounts`.`HOST` is null),'background',`performance_schema`.`accounts`.`HOST`) |
| x$host_summary                                | select if((`performance_schema`.`accounts`.`HOST` is null),'background',`performance_schema`.`accounts`.`HOST`) AS `host`,sum(`sys`.`stmt`.`total`) AS `statements`,sum(`sys`.`stmt`.`total_latency`) AS `statement_latency`,(sum(`sys`.`stmt`.`total_latency`) / sum(`sys`.`stmt`.`total`)) AS `statement_avg_latency`,sum(`sys`.`stmt`.`full_scans`) AS `table_scans`,sum(`sys`.`io`.`ios`) AS `file_ios`,sum(`sys`.`io`.`io_latency`) AS `file_io_latency`,sum(`performance_schema`.`accounts`.`CURRENT_CONNECTIONS`) AS `current_connections`,sum(`performance_schema`.`accounts`.`TOTAL_CONNECTIONS`) AS `total_connections`,count(distinct `performance_schema`.`accounts`.`USER`) AS `unique_users`,sum(`sys`.`mem`.`current_allocated`) AS `current_memory`,sum(`sys`.`mem`.`total_allocated`) AS `total_memory_allocated` from (((`performance_schema`.`accounts` join `sys`.`x$host_summary_by_statement_latency` `stmt` on((`performance_schema`.`accounts`.`HOST` = `sys`.`stmt`.`host`))) join `sys`.`x$host_summary_by_file_io` `io` on((`performance_schema`.`accounts`.`HOST` = `sys`.`io`.`host`))) join `sys`.`x$memory_by_host_by_current_bytes` `mem` on((`performance_schema`.`accounts`.`HOST` = `sys`.`mem`.`host`))) group by if((`performance_schema`.`accounts`.`HOST` is null),'background',`performance_schema`.`accounts`.`HOST`) |
| wait_classes_global_by_avg_latency            | select substring_index(`performance_schema`.`events_waits_summary_global_by_event_name`.`EVENT_NAME`,'/',3) AS `event_class`,sum(`performance_schema`.`events_waits_summary_global_by_event_name`.`COUNT_STAR`) AS `total`,format_pico_time(cast(sum(`performance_schema`.`events_waits_summary_global_by_event_name`.`SUM_TIMER_WAIT`) as unsigned)) AS `total_latency`,format_pico_time(min(`performance_schema`.`events_waits_summary_global_by_event_name`.`MIN_TIMER_WAIT`)) AS `min_latency`,format_pico_time(ifnull((sum(`performance_schema`.`events_waits_summary_global_by_event_name`.`SUM_TIMER_WAIT`) / nullif(sum(`performance_schema`.`events_waits_summary_global_by_event_name`.`COUNT_STAR`),0)),0)) AS `avg_latency`,format_pico_time(cast(max(`performance_schema`.`events_waits_summary_global_by_event_name`.`MAX_TIMER_WAIT`) as unsigned)) AS `max_latency` from `performance_schema`.`events_waits_summary_global_by_event_name` where ((`performance_schema`.`events_waits_summary_global_by_event_name`.`SUM_TIMER_WAIT` > 0) and (`performance_schema`.`events_waits_summary_global_by_event_name`.`EVENT_NAME` <> 'idle')) group by `event_class` order by ifnull((sum(`performance_schema`.`events_waits_summary_global_by_event_name`.`SUM_TIMER_WAIT`) / nullif(sum(`performance_schema`.`events_waits_summary_global_by_event_name`.`COUNT_STAR`),0)),0) desc |
| x$wait_classes_global_by_avg_latency          | select substring_index(`performance_schema`.`events_waits_summary_global_by_event_name`.`EVENT_NAME`,'/',3) AS `event_class`,sum(`performance_schema`.`events_waits_summary_global_by_event_name`.`COUNT_STAR`) AS `total`,sum(`performance_schema`.`events_waits_summary_global_by_event_name`.`SUM_TIMER_WAIT`) AS `total_latency`,min(`performance_schema`.`events_waits_summary_global_by_event_name`.`MIN_TIMER_WAIT`) AS `min_latency`,ifnull((sum(`performance_schema`.`events_waits_summary_global_by_event_name`.`SUM_TIMER_WAIT`) / nullif(sum(`performance_schema`.`events_waits_summary_global_by_event_name`.`COUNT_STAR`),0)),0) AS `avg_latency`,max(`performance_schema`.`events_waits_summary_global_by_event_name`.`MAX_TIMER_WAIT`) AS `max_latency` from `performance_schema`.`events_waits_summary_global_by_event_name` where ((`performance_schema`.`events_waits_summary_global_by_event_name`.`SUM_TIMER_WAIT` > 0) and (`performance_schema`.`events_waits_summary_global_by_event_name`.`EVENT_NAME` <> 'idle')) group by `event_class` order by ifnull((sum(`performance_schema`.`events_waits_summary_global_by_event_name`.`SUM_TIMER_WAIT`) / nullif(sum(`performance_schema`.`events_waits_summary_global_by_event_name`.`COUNT_STAR`),0)),0) desc |
| wait_classes_global_by_latency                | select substring_index(`performance_schema`.`events_waits_summary_global_by_event_name`.`EVENT_NAME`,'/',3) AS `event_class`,sum(`performance_schema`.`events_waits_summary_global_by_event_name`.`COUNT_STAR`) AS `total`,format_pico_time(sum(`performance_schema`.`events_waits_summary_global_by_event_name`.`SUM_TIMER_WAIT`)) AS `total_latency`,format_pico_time(min(`performance_schema`.`events_waits_summary_global_by_event_name`.`MIN_TIMER_WAIT`)) AS `min_latency`,format_pico_time(ifnull((sum(`performance_schema`.`events_waits_summary_global_by_event_name`.`SUM_TIMER_WAIT`) / nullif(sum(`performance_schema`.`events_waits_summary_global_by_event_name`.`COUNT_STAR`),0)),0)) AS `avg_latency`,format_pico_time(max(`performance_schema`.`events_waits_summary_global_by_event_name`.`MAX_TIMER_WAIT`)) AS `max_latency` from `performance_schema`.`events_waits_summary_global_by_event_name` where ((`performance_schema`.`events_waits_summary_global_by_event_name`.`SUM_TIMER_WAIT` > 0) and (`performance_schema`.`events_waits_summary_global_by_event_name`.`EVENT_NAME` <> 'idle')) group by substring_index(`performance_schema`.`events_waits_summary_global_by_event_name`.`EVENT_NAME`,'/',3) order by sum(`performance_schema`.`events_waits_summary_global_by_event_name`.`SUM_TIMER_WAIT`) desc |
| x$wait_classes_global_by_latency              | select substring_index(`performance_schema`.`events_waits_summary_global_by_event_name`.`EVENT_NAME`,'/',3) AS `event_class`,sum(`performance_schema`.`events_waits_summary_global_by_event_name`.`COUNT_STAR`) AS `total`,sum(`performance_schema`.`events_waits_summary_global_by_event_name`.`SUM_TIMER_WAIT`) AS `total_latency`,min(`performance_schema`.`events_waits_summary_global_by_event_name`.`MIN_TIMER_WAIT`) AS `min_latency`,ifnull((sum(`performance_schema`.`events_waits_summary_global_by_event_name`.`SUM_TIMER_WAIT`) / nullif(sum(`performance_schema`.`events_waits_summary_global_by_event_name`.`COUNT_STAR`),0)),0) AS `avg_latency`,max(`performance_schema`.`events_waits_summary_global_by_event_name`.`MAX_TIMER_WAIT`) AS `max_latency` from `performance_schema`.`events_waits_summary_global_by_event_name` where ((`performance_schema`.`events_waits_summary_global_by_event_name`.`SUM_TIMER_WAIT` > 0) and (`performance_schema`.`events_waits_summary_global_by_event_name`.`EVENT_NAME` <> 'idle')) group by substring_index(`performance_schema`.`events_waits_summary_global_by_event_name`.`EVENT_NAME`,'/',3) order by sum(`performance_schema`.`events_waits_summary_global_by_event_name`.`SUM_TIMER_WAIT`) desc |
| waits_by_user_by_latency                      | select if((`performance_schema`.`events_waits_summary_by_user_by_event_name`.`USER` is null),'background',`performance_schema`.`events_waits_summary_by_user_by_event_name`.`USER`) AS `user`,`performance_schema`.`events_waits_summary_by_user_by_event_name`.`EVENT_NAME` AS `event`,`performance_schema`.`events_waits_summary_by_user_by_event_name`.`COUNT_STAR` AS `total`,format_pico_time(`performance_schema`.`events_waits_summary_by_user_by_event_name`.`SUM_TIMER_WAIT`) AS `total_latency`,format_pico_time(`performance_schema`.`events_waits_summary_by_user_by_event_name`.`AVG_TIMER_WAIT`) AS `avg_latency`,format_pico_time(`performance_schema`.`events_waits_summary_by_user_by_event_name`.`MAX_TIMER_WAIT`) AS `max_latency` from `performance_schema`.`events_waits_summary_by_user_by_event_name` where ((`performance_schema`.`events_waits_summary_by_user_by_event_name`.`EVENT_NAME` <> 'idle') and (`performance_schema`.`events_waits_summary_by_user_by_event_name`.`USER` is not null) and (`performance_schema`.`events_waits_summary_by_user_by_event_name`.`SUM_TIMER_WAIT` > 0)) order by if((`performance_schema`.`events_waits_summary_by_user_by_event_name`.`USER` is null),'background',`performance_schema`.`events_waits_summary_by_user_by_event_name`.`USER`),`performance_schema`.`events_waits_summary_by_user_by_event_name`.`SUM_TIMER_WAIT` desc |
| x$waits_by_user_by_latency                    | select if((`performance_schema`.`events_waits_summary_by_user_by_event_name`.`USER` is null),'background',`performance_schema`.`events_waits_summary_by_user_by_event_name`.`USER`) AS `user`,`performance_schema`.`events_waits_summary_by_user_by_event_name`.`EVENT_NAME` AS `event`,`performance_schema`.`events_waits_summary_by_user_by_event_name`.`COUNT_STAR` AS `total`,`performance_schema`.`events_waits_summary_by_user_by_event_name`.`SUM_TIMER_WAIT` AS `total_latency`,`performance_schema`.`events_waits_summary_by_user_by_event_name`.`AVG_TIMER_WAIT` AS `avg_latency`,`performance_schema`.`events_waits_summary_by_user_by_event_name`.`MAX_TIMER_WAIT` AS `max_latency` from `performance_schema`.`events_waits_summary_by_user_by_event_name` where ((`performance_schema`.`events_waits_summary_by_user_by_event_name`.`EVENT_NAME` <> 'idle') and (`performance_schema`.`events_waits_summary_by_user_by_event_name`.`USER` is not null) and (`performance_schema`.`events_waits_summary_by_user_by_event_name`.`SUM_TIMER_WAIT` > 0)) order by if((`performance_schema`.`events_waits_summary_by_user_by_event_name`.`USER` is null),'background',`performance_schema`.`events_waits_summary_by_user_by_event_name`.`USER`),`performance_schema`.`events_waits_summary_by_user_by_event_name`.`SUM_TIMER_WAIT` desc |
| waits_by_host_by_latency                      | select if((`performance_schema`.`events_waits_summary_by_host_by_event_name`.`HOST` is null),'background',`performance_schema`.`events_waits_summary_by_host_by_event_name`.`HOST`) AS `host`,`performance_schema`.`events_waits_summary_by_host_by_event_name`.`EVENT_NAME` AS `event`,`performance_schema`.`events_waits_summary_by_host_by_event_name`.`COUNT_STAR` AS `total`,format_pico_time(`performance_schema`.`events_waits_summary_by_host_by_event_name`.`SUM_TIMER_WAIT`) AS `total_latency`,format_pico_time(`performance_schema`.`events_waits_summary_by_host_by_event_name`.`AVG_TIMER_WAIT`) AS `avg_latency`,format_pico_time(`performance_schema`.`events_waits_summary_by_host_by_event_name`.`MAX_TIMER_WAIT`) AS `max_latency` from `performance_schema`.`events_waits_summary_by_host_by_event_name` where ((`performance_schema`.`events_waits_summary_by_host_by_event_name`.`EVENT_NAME` <> 'idle') and (`performance_schema`.`events_waits_summary_by_host_by_event_name`.`SUM_TIMER_WAIT` > 0)) order by if((`performance_schema`.`events_waits_summary_by_host_by_event_name`.`HOST` is null),'background',`performance_schema`.`events_waits_summary_by_host_by_event_name`.`HOST`),`performance_schema`.`events_waits_summary_by_host_by_event_name`.`SUM_TIMER_WAIT` desc |
| x$waits_by_host_by_latency                    | select if((`performance_schema`.`events_waits_summary_by_host_by_event_name`.`HOST` is null),'background',`performance_schema`.`events_waits_summary_by_host_by_event_name`.`HOST`) AS `host`,`performance_schema`.`events_waits_summary_by_host_by_event_name`.`EVENT_NAME` AS `event`,`performance_schema`.`events_waits_summary_by_host_by_event_name`.`COUNT_STAR` AS `total`,`performance_schema`.`events_waits_summary_by_host_by_event_name`.`SUM_TIMER_WAIT` AS `total_latency`,`performance_schema`.`events_waits_summary_by_host_by_event_name`.`AVG_TIMER_WAIT` AS `avg_latency`,`performance_schema`.`events_waits_summary_by_host_by_event_name`.`MAX_TIMER_WAIT` AS `max_latency` from `performance_schema`.`events_waits_summary_by_host_by_event_name` where ((`performance_schema`.`events_waits_summary_by_host_by_event_name`.`EVENT_NAME` <> 'idle') and (`performance_schema`.`events_waits_summary_by_host_by_event_name`.`SUM_TIMER_WAIT` > 0)) order by if((`performance_schema`.`events_waits_summary_by_host_by_event_name`.`HOST` is null),'background',`performance_schema`.`events_waits_summary_by_host_by_event_name`.`HOST`),`performance_schema`.`events_waits_summary_by_host_by_event_name`.`SUM_TIMER_WAIT` desc |
| waits_global_by_latency                       | select `performance_schema`.`events_waits_summary_global_by_event_name`.`EVENT_NAME` AS `event`,`performance_schema`.`events_waits_summary_global_by_event_name`.`COUNT_STAR` AS `total`,format_pico_time(`performance_schema`.`events_waits_summary_global_by_event_name`.`SUM_TIMER_WAIT`) AS `total_latency`,format_pico_time(`performance_schema`.`events_waits_summary_global_by_event_name`.`AVG_TIMER_WAIT`) AS `avg_latency`,format_pico_time(`performance_schema`.`events_waits_summary_global_by_event_name`.`MAX_TIMER_WAIT`) AS `max_latency` from `performance_schema`.`events_waits_summary_global_by_event_name` where ((`performance_schema`.`events_waits_summary_global_by_event_name`.`EVENT_NAME` <> 'idle') and (`performance_schema`.`events_waits_summary_global_by_event_name`.`SUM_TIMER_WAIT` > 0)) order by `performance_schema`.`events_waits_summary_global_by_event_name`.`SUM_TIMER_WAIT` desc                                                                                                                                    |
| x$waits_global_by_latency                     | select `performance_schema`.`events_waits_summary_global_by_event_name`.`EVENT_NAME` AS `event`,`performance_schema`.`events_waits_summary_global_by_event_name`.`COUNT_STAR` AS `total`,`performance_schema`.`events_waits_summary_global_by_event_name`.`SUM_TIMER_WAIT` AS `total_latency`,`performance_schema`.`events_waits_summary_global_by_event_name`.`AVG_TIMER_WAIT` AS `avg_latency`,`performance_schema`.`events_waits_summary_global_by_event_name`.`MAX_TIMER_WAIT` AS `max_latency` from `performance_schema`.`events_waits_summary_global_by_event_name` where ((`performance_schema`.`events_waits_summary_global_by_event_name`.`EVENT_NAME` <> 'idle') and (`performance_schema`.`events_waits_summary_global_by_event_name`.`SUM_TIMER_WAIT` > 0)) order by `performance_schema`.`events_waits_summary_global_by_event_name`.`SUM_TIMER_WAIT` desc                                                                                                                                                                                          |
| metrics                                       | select lower(`performance_schema`.`global_status`.`VARIABLE_NAME`) AS `Variable_name`,`performance_schema`.`global_status`.`VARIABLE_VALUE` AS `Variable_value`,'Global Status' AS `Type`,'YES' AS `Enabled` from `performance_schema`.`global_status` union all select `information_schema`.`innodb_metrics`.`NAME` AS `Variable_name`,`information_schema`.`innodb_metrics`.`COUNT` AS `Variable_value`,concat('InnoDB Metrics - ',`information_schema`.`innodb_metrics`.`SUBSYSTEM`) AS `Type`,if((`information_schema`.`innodb_metrics`.`STATUS` = 'enabled'),'YES','NO') AS `Enabled` from `information_schema`.`INNODB_METRICS` where (`information_schema`.`innodb_metrics`.`NAME` not in ('lock_row_lock_time','lock_row_lock_time_avg','lock_row_lock_time_max','lock_row_lock_waits','buffer_pool_reads','buffer_pool_read_requests','buffer_pool_write_requests','buffer_pool_wait_free','buffer_pool_read_ahead','buffer_pool_read_ahead_evicted','buffer_pool_pages_total','buffer_pool_pages_misc','buffer_pool_pages_data','buffer_pool_bytes_data','buffer_pool_pages_dirty','buffer_pool_bytes_dirty','buffer_pool_pages_free','buffer_pages_created','buffer_pages_written','buffer_pages_read','buffer_data_reads','buffer_data_written','file_num_open_files','os_log_bytes_written','os_log_fsyncs','os_log_pending_fsyncs','os_log_pending_writes','log_waits','log_write_requests','log_writes','innodb_dblwr_writes','innodb_dblwr_pages_written','innodb_page_size')) union all select 'memory_current_allocated' AS `Variable_name`,sum(`performance_schema`.`memory_summary_global_by_event_name`.`CURRENT_NUMBER_OF_BYTES_USED`) AS `Variable_value`,'Performance Schema' AS `Type`,if(((select count(0) from `performance_schema`.`setup_instruments` where ((`performance_schema`.`setup_instruments`.`NAME` like 'memory/%') and (`performance_schema`.`setup_instruments`.`ENABLED` = 'YES'))) = 0),'NO',if(((select count(0) from `performance_schema`.`setup_instruments` where ((`performance_schema`.`setup_instruments`.`NAME` like 'memory/%') and (`performance_schema`.`setup_instruments`.`ENABLED` = 'NO'))) = 0),'YES','PARTIAL')) AS `Enabled` from `performance_schema`.`memory_summary_global_by_event_name` union all select 'memory_total_allocated' AS `Variable_name`,sum(`performance_schema`.`memory_summary_global_by_event_name`.`SUM_NUMBER_OF_BYTES_ALLOC`) AS `Variable_value`,'Performance Schema' AS `Type`,if(((select count(0) from `performance_schema`.`setup_instruments` where ((`performance_schema`.`setup_instruments`.`NAME` like 'memory/%') and (`performance_schema`.`setup_instruments`.`ENABLED` = 'YES'))) = 0),'NO',if(((select count(0) from `performance_schema`.`setup_instruments` where ((`performance_schema`.`setup_instruments`.`NAME` like 'memory/%') and (`performance_schema`.`setup_instruments`.`ENABLED` = 'NO'))) = 0),'YES','PARTIAL')) AS `Enabled` from `performance_schema`.`memory_summary_global_by_event_name` union all select 'NOW()' AS `Variable_name`,now(3) AS `Variable_value`,'System Time' AS `Type`,'YES' AS `Enabled` union all select 'UNIX_TIMESTAMP()' AS `Variable_name`,round(unix_timestamp(now(3)),3) AS `Variable_value`,'System Time' AS `Type`,'YES' AS `Enabled` order by `Type`,`Variable_name` |
| processlist                                   | select `pps`.`THREAD_ID` AS `thd_id`,`pps`.`PROCESSLIST_ID` AS `conn_id`,if((`pps`.`NAME` in ('thread/sql/one_connection','thread/thread_pool/tp_one_connection')),concat(`pps`.`PROCESSLIST_USER`,'@',convert(`pps`.`PROCESSLIST_HOST` using utf8mb4)),replace(`pps`.`NAME`,'thread/','')) AS `user`,`pps`.`PROCESSLIST_DB` AS `db`,`pps`.`PROCESSLIST_COMMAND` AS `command`,`pps`.`PROCESSLIST_STATE` AS `state`,`pps`.`PROCESSLIST_TIME` AS `time`,`sys`.`format_statement`(`pps`.`PROCESSLIST_INFO`) AS `current_statement`,if((`esc`.`END_EVENT_ID` is null),format_pico_time(`esc`.`TIMER_WAIT`),NULL) AS `statement_latency`,if((`esc`.`END_EVENT_ID` is null),round((100 * (`estc`.`WORK_COMPLETED` / `estc`.`WORK_ESTIMATED`)),2),NULL) AS `progress`,format_pico_time(`esc`.`LOCK_TIME`) AS `lock_latency`,`esc`.`ROWS_EXAMINED` AS `rows_examined`,`esc`.`ROWS_SENT` AS `rows_sent`,`esc`.`ROWS_AFFECTED` AS `rows_affected`,`esc`.`CREATED_TMP_TABLES` AS `tmp_tables`,`esc`.`CREATED_TMP_DISK_TABLES` AS `tmp_disk_tables`,if(((`esc`.`NO_GOOD_INDEX_USED` > 0) or (`esc`.`NO_INDEX_USED` > 0)),'YES','NO') AS `full_scan`,if((`esc`.`END_EVENT_ID` is not null),`sys`.`format_statement`(`esc`.`SQL_TEXT`),NULL) AS `last_statement`,if((`esc`.`END_EVENT_ID` is not null),format_pico_time(`esc`.`TIMER_WAIT`),NULL) AS `last_statement_latency`,format_bytes(`sys`.`mem`.`current_allocated`) AS `current_memory`,`ewc`.`EVENT_NAME` AS `last_wait`,if(((`ewc`.`END_EVENT_ID` is null) and (`ewc`.`EVENT_NAME` is not null)),'Still Waiting',convert(format_pico_time(`ewc`.`TIMER_WAIT`) using utf8mb4)) AS `last_wait_latency`,`ewc`.`SOURCE` AS `source`,format_pico_time(`etc`.`TIMER_WAIT`) AS `trx_latency`,`etc`.`STATE` AS `trx_state`,`etc`.`AUTOCOMMIT` AS `trx_autocommit`,`conattr_pid`.`ATTR_VALUE` AS `pid`,`conattr_progname`.`ATTR_VALUE` AS `program_name` from (((((((`performance_schema`.`threads` `pps` left join `performance_schema`.`events_waits_current` `ewc` on((`pps`.`THREAD_ID` = `ewc`.`THREAD_ID`))) left join `performance_schema`.`events_stages_current` `estc` on((`pps`.`THREAD_ID` = `estc`.`THREAD_ID`))) left join `performance_schema`.`events_statements_current` `esc` on((`pps`.`THREAD_ID` = `esc`.`THREAD_ID`))) left join `performance_schema`.`events_transactions_current` `etc` on((`pps`.`THREAD_ID` = `etc`.`THREAD_ID`))) left join `sys`.`x$memory_by_thread_by_current_bytes` `mem` on((`pps`.`THREAD_ID` = `sys`.`mem`.`thread_id`))) left join `performance_schema`.`session_connect_attrs` `conattr_pid` on(((`conattr_pid`.`PROCESSLIST_ID` = `pps`.`PROCESSLIST_ID`) and (`conattr_pid`.`ATTR_NAME` = '_pid')))) left join `performance_schema`.`session_connect_attrs` `conattr_progname` on(((`conattr_progname`.`PROCESSLIST_ID` = `pps`.`PROCESSLIST_ID`) and (`conattr_progname`.`ATTR_NAME` = 'program_name')))) order by `pps`.`PROCESSLIST_TIME` desc,`last_wait_latency` desc |
| x$processlist                                 | select `pps`.`THREAD_ID` AS `thd_id`,`pps`.`PROCESSLIST_ID` AS `conn_id`,if((`pps`.`NAME` in ('thread/sql/one_connection','thread/thread_pool/tp_one_connection')),concat(`pps`.`PROCESSLIST_USER`,'@',convert(`pps`.`PROCESSLIST_HOST` using utf8mb4)),replace(`pps`.`NAME`,'thread/','')) AS `user`,`pps`.`PROCESSLIST_DB` AS `db`,`pps`.`PROCESSLIST_COMMAND` AS `command`,`pps`.`PROCESSLIST_STATE` AS `state`,`pps`.`PROCESSLIST_TIME` AS `time`,`pps`.`PROCESSLIST_INFO` AS `current_statement`,if((`esc`.`END_EVENT_ID` is null),`esc`.`TIMER_WAIT`,NULL) AS `statement_latency`,if((`esc`.`END_EVENT_ID` is null),round((100 * (`estc`.`WORK_COMPLETED` / `estc`.`WORK_ESTIMATED`)),2),NULL) AS `progress`,`esc`.`LOCK_TIME` AS `lock_latency`,`esc`.`ROWS_EXAMINED` AS `rows_examined`,`esc`.`ROWS_SENT` AS `rows_sent`,`esc`.`ROWS_AFFECTED` AS `rows_affected`,`esc`.`CREATED_TMP_TABLES` AS `tmp_tables`,`esc`.`CREATED_TMP_DISK_TABLES` AS `tmp_disk_tables`,if(((`esc`.`NO_GOOD_INDEX_USED` > 0) or (`esc`.`NO_INDEX_USED` > 0)),'YES','NO') AS `full_scan`,if((`esc`.`END_EVENT_ID` is not null),`esc`.`SQL_TEXT`,NULL) AS `last_statement`,if((`esc`.`END_EVENT_ID` is not null),`esc`.`TIMER_WAIT`,NULL) AS `last_statement_latency`,`sys`.`mem`.`current_allocated` AS `current_memory`,`ewc`.`EVENT_NAME` AS `last_wait`,if(((`ewc`.`END_EVENT_ID` is null) and (`ewc`.`EVENT_NAME` is not null)),'Still Waiting',`ewc`.`TIMER_WAIT`) AS `last_wait_latency`,`ewc`.`SOURCE` AS `source`,`etc`.`TIMER_WAIT` AS `trx_latency`,`etc`.`STATE` AS `trx_state`,`etc`.`AUTOCOMMIT` AS `trx_autocommit`,`conattr_pid`.`ATTR_VALUE` AS `pid`,`conattr_progname`.`ATTR_VALUE` AS `program_name` from (((((((`performance_schema`.`threads` `pps` left join `performance_schema`.`events_waits_current` `ewc` on((`pps`.`THREAD_ID` = `ewc`.`THREAD_ID`))) left join `performance_schema`.`events_stages_current` `estc` on((`pps`.`THREAD_ID` = `estc`.`THREAD_ID`))) left join `performance_schema`.`events_statements_current` `esc` on((`pps`.`THREAD_ID` = `esc`.`THREAD_ID`))) left join `performance_schema`.`events_transactions_current` `etc` on((`pps`.`THREAD_ID` = `etc`.`THREAD_ID`))) left join `sys`.`x$memory_by_thread_by_current_bytes` `mem` on((`pps`.`THREAD_ID` = `sys`.`mem`.`thread_id`))) left join `performance_schema`.`session_connect_attrs` `conattr_pid` on(((`conattr_pid`.`PROCESSLIST_ID` = `pps`.`PROCESSLIST_ID`) and (`conattr_pid`.`ATTR_NAME` = '_pid')))) left join `performance_schema`.`session_connect_attrs` `conattr_progname` on(((`conattr_progname`.`PROCESSLIST_ID` = `pps`.`PROCESSLIST_ID`) and (`conattr_progname`.`ATTR_NAME` = 'program_name')))) order by `pps`.`PROCESSLIST_TIME` desc,`last_wait_latency` desc |
| session                                       | select `sys`.`processlist`.`thd_id` AS `thd_id`,`sys`.`processlist`.`conn_id` AS `conn_id`,`sys`.`processlist`.`user` AS `user`,`sys`.`processlist`.`db` AS `db`,`sys`.`processlist`.`command` AS `command`,`sys`.`processlist`.`state` AS `state`,`sys`.`processlist`.`time` AS `time`,`sys`.`processlist`.`current_statement` AS `current_statement`,`sys`.`processlist`.`statement_latency` AS `statement_latency`,`sys`.`processlist`.`progress` AS `progress`,`sys`.`processlist`.`lock_latency` AS `lock_latency`,`sys`.`processlist`.`rows_examined` AS `rows_examined`,`sys`.`processlist`.`rows_sent` AS `rows_sent`,`sys`.`processlist`.`rows_affected` AS `rows_affected`,`sys`.`processlist`.`tmp_tables` AS `tmp_tables`,`sys`.`processlist`.`tmp_disk_tables` AS `tmp_disk_tables`,`sys`.`processlist`.`full_scan` AS `full_scan`,`sys`.`processlist`.`last_statement` AS `last_statement`,`sys`.`processlist`.`last_statement_latency` AS `last_statement_latency`,`sys`.`processlist`.`current_memory` AS `current_memory`,`sys`.`processlist`.`last_wait` AS `last_wait`,`sys`.`processlist`.`last_wait_latency` AS `last_wait_latency`,`sys`.`processlist`.`source` AS `source`,`sys`.`processlist`.`trx_latency` AS `trx_latency`,`sys`.`processlist`.`trx_state` AS `trx_state`,`sys`.`processlist`.`trx_autocommit` AS `trx_autocommit`,`sys`.`processlist`.`pid` AS `pid`,`sys`.`processlist`.`program_name` AS `program_name` from `sys`.`processlist` where ((`sys`.`processlist`.`conn_id` is not null) and (`sys`.`processlist`.`command` <> 'Daemon')) |
| x$session                                     | select `sys`.`x$processlist`.`thd_id`C -- query aborted
` AS `thd_id`,`sys`.`x$processlist`.`conn_id` AS `conn_id`,`sys`.`x$processlist`.`user` AS `user`,`sys`.`x$processlist`.`db` AS `db`,`sys`.`x$processlist`.`command` AS `command`,`sys`.`x$processlist`.`state` AS `state`,`sys`.`x$processlist`.`time` AS `time`,`sys`.`x$processlist`.`current_statement` AS `current_statement`,`sys`.`x$processlist`.`statement_latency` AS `statement_latency`,`sys`.`x$processlist`.`progress` AS `progress`,`sys`.`x$processlist`.`lock_latency` AS `lock_latency`,`sys`.`x$processlist`.`rows_examined` AS `rows_examined`,`sys`.`x$processlist`.`rows_sent` AS `rows_sent`,`sys`.`x$processlist`.`rows_affected` AS `rows_affected`,`sys`.`x$processlist`.`tmp_tables` AS `tmp_tables`,`sys`.`x$processlist`.`tmp_disk_tables` AS `tmp_disk_tables`,`sys`.`x$processlist`.`full_scan` AS `full_scan`,`sys`.`x$processlist`.`last_statement` AS `last_statement`,`sys`.`x$processlist`.`last_statement_latency` AS `last_statement_latency`,`sys`.`x$processlist`.`current_memory` AS `current_memory`,`sys`.`x$processlist`.`last_wait` AS `last_wait`,`sys`.`x$processlist`.`last_wait_latency` AS `last_wait_latency`,`sys`.`x$processlist`.`source` AS `source`,`sys`.`x$processlist`.`trx_latency` AS `trx_latency`,`sys`.`x$processlist`.`trx_state` AS `trx_state`,`sys`.`x$processlist`.`trx_autocommit` AS `trx_autocommit`,`sys`.`x$processlist`.`pid` AS `pid`,`sys`.`x$processlist`.`program_name` AS `program_name` from `sys`.`x$processlist` where ((`sys`.`x$processlist`.`conn_id` is not null) and (`sys`.`x$processlist`.`command` <> 'Daemon')) |
+-----------------------------------------------+---------------------------------------------------------------------------------------------------------------------------------------------------------------------------------------------------------------------------------------------------------------------------------------------------------------------------------------------------------------------------------------------------------------------------------------------------------------------------------------------------------------------------------------------------------------------------------------------------------------------------------------------------------------------------------------------------------------------------------------------------------------------------------------------------------------------------------------------------------------------------------------------------------------------------------------------------------------------------------------------------------------------------------------------------------------------------------------------------------------------------------------------------------------------------------------------------------------------------------------------------------------------------------------------------------------------------------------------------------------------------------------------------------------------------------------------------------------------------------------------------------------------------------------------------------------------------------------------------------------------------------------------------------------------------------------------------------------------------------------------------------------------------------------------------------------------------------------------------------------------------------------------------------------------------------------------------------------------------------------------------------------------------------------------------------------------------------------------------------------------------------------------------------------------------------------------------------------------------------------------------------------------------------------------------------------------------------------------------------------------------------------------------------------------------------------------------------------------------------------------------------------------------------------------------------------------------------------------------------------------------------------------------------------------------------------------------------------------------------------------------------------------------------------------------------------------------------------------------------------------------------------------------------------------------------------------------------------------------------------------------------------------------------------------------------------------------------------------------------------------------------------------------------------------------------------------------------------------------------------------------------------------------------------------------------------------------+
142 rows in set, 2 warnings (0.01 sec)

mysql> select table_name,view_definition
    -> from views
    -> where table_name='mgr10';
+------------+---------------------------------------------------------------------------------------------------------------------------------------------------------------------------------------------------------------------------------------------------------------------------------------------------------------------------------------------------------------------------------------------------------------------------+
| TABLE_NAME | VIEW_DEFINITION                                                                                                                                                                                                                                                                                                                                                                                                           |
+------------+---------------------------------------------------------------------------------------------------------------------------------------------------------------------------------------------------------------------------------------------------------------------------------------------------------------------------------------------------------------------------------------------------------------------------+
| mgr10      | select `acts0923`.`emp`.`EMPNO` AS `EMPNO`,`acts0923`.`emp`.`ENAME` AS `ENAME`,`acts0923`.`emp`.`JOB` AS `JOB`,`acts0923`.`emp`.`MGR` AS `MGR`,`acts0923`.`emp`.`HIREDATE` AS `HIREDATE`,`acts0923`.`emp`.`SAL` AS `SAL`,`acts0923`.`emp`.`COMM` AS `COMM`,`acts0923`.`emp`.`DEPTNO` AS `DEPTNO` from `acts0923`.`emp` where (`acts0923`.`emp`.`DEPTNO` = 10)                                                             |
| mgr10      | select `dacmarch23`.`emp`.`EMPNO` AS `EMPNO`,`dacmarch23`.`emp`.`ENAME` AS `ENAME`,`dacmarch23`.`emp`.`JOB` AS `JOB`,`dacmarch23`.`emp`.`MGR` AS `MGR`,`dacmarch23`.`emp`.`HIREDATE` AS `HIREDATE`,`dacmarch23`.`emp`.`SAL` AS `SAL`,`dacmarch23`.`emp`.`COMM` AS `COMM`,`dacmarch23`.`emp`.`DEPTNO` AS `DEPTNO` from `dacmarch23`.`emp` where (`dacmarch23`.`emp`.`DEPTNO` = 10)                                         |
| mgr10      | select `iacsd0324_dbda`.`emp`.`EMPNO` AS `EMPNO`,`iacsd0324_dbda`.`emp`.`ENAME` AS `ENAME`,`iacsd0324_dbda`.`emp`.`JOB` AS `JOB`,`iacsd0324_dbda`.`emp`.`MGR` AS `MGR`,`iacsd0324_dbda`.`emp`.`HIREDATE` AS `HIREDATE`,`iacsd0324_dbda`.`emp`.`SAL` AS `SAL`,`iacsd0324_dbda`.`emp`.`COMM` AS `COMM`,`iacsd0324_dbda`.`emp`.`DEPTNO` AS `DEPTNO` from `iacsd0324_dbda`.`emp` where (`iacsd0324_dbda`.`emp`.`DEPTNO` = 10) |
| mgr10      | select `iacsd2111`.`emp`.`EMPNO` AS `EMPNO`,`iacsd2111`.`emp`.`ENAME` AS `ENAME`,`iacsd2111`.`emp`.`JOB` AS `JOB`,`iacsd2111`.`emp`.`MGR` AS `MGR`,`iacsd2111`.`emp`.`HIREDATE` AS `HIREDATE`,`iacsd2111`.`emp`.`SAL` AS `SAL`,`iacsd2111`.`emp`.`COMM` AS `COMM`,`iacsd2111`.`emp`.`DEPTNO` AS `DEPTNO` from `iacsd2111`.`emp` where (`iacsd2111`.`emp`.`DEPTNO` = 10)                                                   |
| mgr10      | select `iacsdmar22`.`emp`.`EMPNO` AS `EMPNO`,`iacsdmar22`.`emp`.`ENAME` AS `ENAME`,`iacsdmar22`.`emp`.`JOB` AS `JOB`,`iacsdmar22`.`emp`.`MGR` AS `MGR`,`iacsdmar22`.`emp`.`HIREDATE` AS `HIREDATE`,`iacsdmar22`.`emp`.`SAL` AS `SAL`,`iacsdmar22`.`emp`.`COMM` AS `COMM`,`iacsdmar22`.`emp`.`DEPTNO` AS `DEPTNO` from `iacsdmar22`.`emp` where (`iacsdmar22`.`emp`.`DEPTNO` = 10)                                         |
| mgr10      | select `test`.`emp`.`EMPNO` AS `EMPNO`,`test`.`emp`.`ENAME` AS `ENAME`,`test`.`emp`.`JOB` AS `JOB`,`test`.`emp`.`MGR` AS `MGR`,`test`.`emp`.`HIREDATE` AS `HIREDATE`,`test`.`emp`.`SAL` AS `SAL`,`test`.`emp`.`COMM` AS `COMM`,`test`.`emp`.`DEPTNO` AS `DEPTNO` from `test`.`emp` where (`test`.`emp`.`DEPTNO` = 10)                                                                                                     |
+------------+---------------------------------------------------------------------------------------------------------------------------------------------------------------------------------------------------------------------------------------------------------------------------------------------------------------------------------------------------------------------------------------------------------------------------+
6 rows in set (0.00 sec)

mysql> use iacsd0324_dbda;
Database changed
mysql> use test;
Database changed
mysql> show tables
    -> ;
+----------------------+
| Tables_in_test       |
+----------------------+
| account_2            |
| addr22               |
| addr44               |
| addr55               |
| addr66               |
| address              |
| address11            |
| address77            |
| addressmany          |
| addressmany1         |
| addresstab1          |
| addresstab1_usertab1 |
| all_emp              |
| allemp               |
| bonus                |
| booking              |
| category             |
| category1            |
| contable             |
| conttab22            |
| course               |
| course_back          |
| course_backup        |
| course_faculty       |
| customer             |
| customer_2           |
| custtab1             |
| custtab11            |
| department           |
| dept                 |
| dept11               |
| dept_info            |
| dummy                |
| emp                  |
| emp11                |
| emp12                |
| emp_india            |
| emp_japan            |
| emp_proj11           |
| emp_us               |
| empheirarchy22       |
| emphirarchy11        |
| employee             |
| employee11           |
| employee_history     |
| emptab               |
| emptab1              |
| emptab11             |
| event                |
| faculty              |
| hibernate_sequence   |
| image_data           |
| mgr10                |
| mychild_3            |
| myemployee           |
| mypro22              |
| myprod11             |
| myprodtab            |
| myprodtab22          |
| myprodtab33          |
| myprodtab44          |
| myproduct            |
| myproduct_table      |
| myproducttable       |
| mystud               |
| mytab_3              |
| mytab_51             |
| mytext               |
| myuser               |
| myuser1              |
| myuser11             |
| myuser12             |
| myuser22             |
| nonperi12            |
| nonperishableprod    |
| orderitem            |
| periprod12           |
| perishableprod       |
| person11             |
| persontab            |
| pertab11             |
| prod11               |
| prod12               |
| prod22               |
| prodinheratance      |
| produ_cat            |
| product              |
| product77            |
| product_2            |
| product_analysis     |
| product_data         |
| project11            |
| quetions             |
| registeruser         |
| role                 |
| salariedemployee     |
| salgrade             |
| saltab22             |
| saltable             |
| stud12               |
| stud22               |
| student              |
| student_2            |
| student_3            |
| studentiacsd         |
| testdata             |
| testmytab            |
| user                 |
| user1                |
| user11               |
| user1234s            |
| user123s             |
| user22               |
| user33               |
| user44               |
| user55               |
| user66               |
| user77               |
| user_role            |
| useraddr77           |
| useraddress          |
| userentity           |
| usermany             |
| usermany1            |
| usertab              |
| usertab1             |
| worker               |
+----------------------+
127 rows in set (0.00 sec)

mysql> select * from emp_india;
+------+---------+----------+
| id   | name    | location |
+------+---------+----------+
|  103 | Shivesh | India    |
|  104 | Shivali | India    |
+------+---------+----------+
2 rows in set (0.05 sec)

mysql> select * from emp_japan;
+------+---------+----------+
| id   | name    | location |
+------+---------+----------+
|  103 | Shivesh | India    |
|  104 | Ashish  | Japan    |
+------+---------+----------+
2 rows in set (0.05 sec)

mysql> select * from emp_us;
+------+---------+----------+
| id   | name    | location |
+------+---------+----------+
|  100 | Rajan   | India    |
|  101 | Rajat   | US       |
|  103 | Shivesh | India    |
+------+---------+----------+
3 rows in set (0.00 sec)

mysql> select * from emp_india
    -> union
    -> select * from emp_japan
    -> union
    -> select * from emp_us;
+------+---------+----------+
| id   | name    | location |
+------+---------+----------+
|  103 | Shivesh | India    |
|  104 | Shivali | India    |
|  104 | Ashish  | Japan    |
|  100 | Rajan   | India    |
|  101 | Rajat   | US       |
+------+---------+----------+
5 rows in set (0.00 sec)

mysql> create view all_emp24
    -> as
    -> select * from emp_india
    -> union
    -> select * from emp_japan
    -> union
    -> select * from emp_us;
Query OK, 0 rows affected (0.01 sec)

mysql> select * from all_emp24;
+------+---------+----------+
| id   | name    | location |
+------+---------+----------+
|  103 | Shivesh | India    |
|  104 | Shivali | India    |
|  104 | Ashish  | Japan    |
|  100 | Rajan   | India    |
|  101 | Rajat   | US       |
+------+---------+----------+
5 rows in set (0.00 sec)

mysql> select * from emp
    -> order by sal desc;
+-------+--------+-----------+------+------------+----------+---------+--------+
| EMPNO | ENAME  | JOB       | MGR  | HIREDATE   | SAL      | COMM    | DEPTNO |
+-------+--------+-----------+------+------------+----------+---------+--------+
|   123 | Rajan  | Designer  | 7902 | 2017-01-01 | 34567.00 | 3456.00 |     10 |
|  7839 | KING   | PRESIDENT | NULL | 1981-11-17 |  5000.00 |    NULL |     10 |
|  1211 | xxxx   | mmm       | 7902 | 2018-02-02 |  3456.00 |  456.00 |     10 |
|  1212 | xxxx   | mmm       | 7902 | 2018-02-02 |  3456.00 |  456.00 |     20 |
|  7788 | SCOTT  | ANALYST   | 7566 | 1982-12-09 |  3000.00 |    NULL |     20 |
|  7902 | FORD   | ANALYST   | 7566 | 1981-12-03 |  3000.00 |    NULL |     20 |
|  7566 | JONES  | MANAGER   | 7839 | 1981-04-02 |  2975.00 |    NULL |     20 |
|  7698 | BLAKE  | MANAGER   | 7839 | 1981-05-01 |  2850.00 |    NULL |     30 |
|  7782 | CLARK  | MANAGER   | 7839 | 1981-06-09 |  2450.00 |    NULL |     10 |
|  7499 | ALLEN  | SALESMAN  | 7698 | 1981-02-20 |  1600.00 |  300.00 |     30 |
|  7844 | TURNER | SALESMAN  | 7698 | 1981-09-08 |  1500.00 |    0.00 |     30 |
|  7934 | MILLER | CLERK     | 7782 | 1982-01-23 |  1300.00 |    NULL |     10 |
|  7521 | WARD   | SALESMAN  | 7698 | 1981-02-22 |  1250.00 |  500.00 |     30 |
|  7654 | MARTIN | SALESMAN  | 7698 | 1981-09-28 |  1250.00 | 1400.00 |     30 |
|  7369 | SMITH  | CLERK     | 7902 | 1980-12-17 |  1100.00 |    NULL |     20 |
|  7876 | ADAMS  | CLERK     | 7788 | 1983-01-12 |  1100.00 |    NULL |     20 |
|  7900 | JAMES  | CLERK     | 7698 | 1981-12-03 |   950.00 |    NULL |     30 |
+-------+--------+-----------+------+------------+----------+---------+--------+
17 rows in set (0.00 sec)

mysql> select count(*)
    -> from emp
    -> where sal >3000;
+----------+
| count(*) |
+----------+
|        4 |
+----------+
1 row in set (0.00 sec)

mysql> select count(*)
    -> from (select disitnct sal from emp) e
    -> where e.sal>3000;
ERROR 1054 (42S22): Unknown column 'disitnct' in 'field list'
mysql> select count(*)
    -> from (select distinct sal from emp) e
    -> where e.sal>3000;
+----------+
| count(*) |
+----------+
|        3 |
+----------+
1 row in set (0.00 sec)

mysql> select * from emp s
    -> where 4>(select count(*)
    -> from (select distinct sal from emp) e
    -> where e.sal>s.sal);
+-------+-------+-----------+------+------------+----------+---------+--------+
| EMPNO | ENAME | JOB       | MGR  | HIREDATE   | SAL      | COMM    | DEPTNO |
+-------+-------+-----------+------+------------+----------+---------+--------+
|  7788 | SCOTT | ANALYST   | 7566 | 1982-12-09 |  3000.00 |    NULL |     20 |
|  7839 | KING  | PRESIDENT | NULL | 1981-11-17 |  5000.00 |    NULL |     10 |
|  7902 | FORD  | ANALYST   | 7566 | 1981-12-03 |  3000.00 |    NULL |     20 |
|   123 | Rajan | Designer  | 7902 | 2017-01-01 | 34567.00 | 3456.00 |     10 |
|  1211 | xxxx  | mmm       | 7902 | 2018-02-02 |  3456.00 |  456.00 |     10 |
|  1212 | xxxx  | mmm       | 7902 | 2018-02-02 |  3456.00 |  456.00 |     20 |
+-------+-------+-----------+------+------------+----------+---------+--------+
6 rows in set (0.00 sec)

mysql> select * from emp s
    -> where 4>(select count(*)
    -> from (select distinct sal from emp) e
    -> where e.sal>s.sal)
    -> orde by sal desc;
ERROR 1064 (42000): You have an error in your SQL syntax; check the manual that corresponds to your MySQL server version for the right syntax to use near 'orde by sal desc' at line 5
mysql> select * from emp s
    -> where 4>(select count(*)
    -> from (select distinct sal from emp) e
    -> where e.sal>s.sal)
    -> order by sal desc;
+-------+-------+-----------+------+------------+----------+---------+--------+
| EMPNO | ENAME | JOB       | MGR  | HIREDATE   | SAL      | COMM    | DEPTNO |
+-------+-------+-----------+------+------------+----------+---------+--------+
|   123 | Rajan | Designer  | 7902 | 2017-01-01 | 34567.00 | 3456.00 |     10 |
|  7839 | KING  | PRESIDENT | NULL | 1981-11-17 |  5000.00 |    NULL |     10 |
|  1211 | xxxx  | mmm       | 7902 | 2018-02-02 |  3456.00 |  456.00 |     10 |
|  1212 | xxxx  | mmm       | 7902 | 2018-02-02 |  3456.00 |  456.00 |     20 |
|  7788 | SCOTT | ANALYST   | 7566 | 1982-12-09 |  3000.00 |    NULL |     20 |
|  7902 | FORD  | ANALYST   | 7566 | 1981-12-03 |  3000.00 |    NULL |     20 |
+-------+-------+-----------+------+------------+----------+---------+--------+
6 rows in set (0.00 sec)

mysql> select * from emp s
    -> where 3=(select count(*)
    -> from (select distinct sal from emp) e
    -> where e.sal>s.sal)
    -> order by sal desc;
+-------+-------+---------+------+------------+---------+------+--------+
| EMPNO | ENAME | JOB     | MGR  | HIREDATE   | SAL     | COMM | DEPTNO |
+-------+-------+---------+------+------------+---------+------+--------+
|  7788 | SCOTT | ANALYST | 7566 | 1982-12-09 | 3000.00 | NULL |     20 |
|  7902 | FORD  | ANALYST | 7566 | 1981-12-03 | 3000.00 | NULL |     20 |
+-------+-------+---------+------+------------+---------+------+--------+
2 rows in set (0.00 sec)

mysql>